ARM Linker, 4.1 [Build 567] [Evaluation]

==============================================================================

Section Cross References

    linefollow.o(.text) refers to init.obj(.text:LockoutProtection) for LockoutProtection
    linefollow.o(.text) refers to init.obj(.text:InitializeMCU) for InitializeMCU
    linefollow.o(.text) refers to sysctl.o(i.SysCtlPeripheralEnable) for SysCtlPeripheralEnable
    linefollow.o(.text) refers to gpio.o(i.GPIOPinTypeUART) for GPIOPinTypeUART
    linefollow.o(.text) refers to uartstdio.o(.text) for UARTStdioInit
    linefollow.o(.text) refers to motor.obj(.text:InitializeMotors) for InitializeMotors
    linefollow.o(.text) refers to encoder.obj(.text:InitializeEncoders) for InitializeEncoders
    linefollow.o(.text) refers to linesensor.obj(.text:InitializeLineSensor) for InitializeLineSensor
    linefollow.o(.text) refers to linesensor.obj(.text:SetDischargeTime) for SetDischargeTime
    linefollow.o(.text) refers to linesensor.obj(.text:ReadLineSensor) for ReadLineSensor
    linefollow.o(.text) refers to motorpid.o(.text) for PID
    linefollow.o(.text) refers to motor.obj(.text:SetMotorPowers) for SetMotorPowers
    linefollow.o(.text) refers to linefollow.o(.data) for last
    tabletop.o(.text) refers to adc.o(i.ADCProcessorTrigger) for ADCProcessorTrigger
    tabletop.o(.text) refers to adc.o(i.ADCIntStatus) for ADCIntStatus
    tabletop.o(.text) refers to adc.o(i.ADCSequenceDataGet) for ADCSequenceDataGet
    tabletop.o(.text) refers to uartstdio.o(.text) for UARTprintf
    tabletop.o(.text) refers to encoder.obj(.text:PresetEncoderCounts) for PresetEncoderCounts
    tabletop.o(.text) refers to motor.obj(.text:SetMotorPowers) for SetMotorPowers
    tabletop.o(.text) refers to encoder.obj(.text:GetEncoderCount) for GetEncoderCount
    tabletop.o(.text) refers to sonar.o(.text) for Initialize_Sonar
    tabletop.o(.text) refers to timer.obj(.text:Wait) for Wait
    tabletop.o(.text) refers to tabletop.o(.data) for ulADCValue1
    squaredance.o(.text) refers to motorpid.o(.text) for PID
    squaredance.o(.text) refers to motor.obj(.text:SetMotorPowers) for SetMotorPowers
    squaredance.o(.text) refers to uartstdio.o(.text) for UARTprintf
    squaredance.o(.text) refers to encoder.obj(.text:PresetEncoderCounts) for PresetEncoderCounts
    squaredance.o(.text) refers to encoder.obj(.text:GetEncoderCount) for GetEncoderCount
    squaredance.o(.text) refers to squaredance.o(.data) for last_error
    motorpid.o(.text) refers to motor.obj(.text:SetMotorPowers) for SetMotorPowers
    motorpid.o(.text) refers to timer.obj(.text:Wait) for Wait
    sonar.o(.text) refers to sysctl.o(i.SysCtlPeripheralEnable) for SysCtlPeripheralEnable
    sonar.o(.text) refers to gpio.o(i.GPIOPinTypeGPIOOutput) for GPIOPinTypeGPIOOutput
    sonar.o(.text) refers to gpio.o(i.GPIOPinTypeGPIOInput) for GPIOPinTypeGPIOInput
    sonar.o(.text) refers to gpio.o(i.GPIOPinWrite) for GPIOPinWrite
    sonar.o(.text) refers to timer.obj(.text:WaitUS) for WaitUS
    sonar.o(.text) refers to gpio.o(i.GPIOPinRead) for GPIOPinRead
    uartstdio.o(.text) refers to sysctl.o(i.SysCtlPeripheralPresent) for SysCtlPeripheralPresent
    uartstdio.o(.text) refers to sysctl.o(i.SysCtlPeripheralEnable) for SysCtlPeripheralEnable
    uartstdio.o(.text) refers to sysctl.o(i.SysCtlClockGet) for SysCtlClockGet
    uartstdio.o(.text) refers to uart.o(i.UARTConfigSetExpClk) for UARTConfigSetExpClk
    uartstdio.o(.text) refers to uart.o(i.UARTEnable) for UARTEnable
    uartstdio.o(.text) refers to uart.o(i.UARTCharPut) for UARTCharPut
    uartstdio.o(.text) refers to uart.o(i.UARTCharGet) for UARTCharGet
    uartstdio.o(.text) refers to uartstdio.o(.constdata) for g_ulUARTPeriph
    uartstdio.o(.text) refers to uartstdio.o(.data) for g_ulBase
    uartstdio.o(.constdata) refers to uartstdio.o(.conststring) for .conststring
    startup.o(RESET) refers to startup.o(STACK) for StackMem
    startup.o(RESET) refers to encoder.obj(.text:EncoderInterruptHandler) for EncoderInterruptHandler
    startup.o(RESET) refers to linesensor.obj(.text:LSIntHandler) for LSIntHandler
    startup.o(RESET) refers to entry.o(.ARM.Collect$$$$00000000) for __main
    dprg.o(.text) refers to adc.o(i.ADCSequenceConfigure) for ADCSequenceConfigure
    dprg.o(.text) refers to adc.o(i.ADCSequenceStepConfigure) for ADCSequenceStepConfigure
    dprg.o(.text) refers to adc.o(i.ADCSequenceEnable) for ADCSequenceEnable
    dprg.o(.text) refers to adc.o(i.ADCProcessorTrigger) for ADCProcessorTrigger
    dprg.o(.text) refers to adc.o(i.ADCIntStatus) for ADCIntStatus
    dprg.o(.text) refers to adc.o(i.ADCSequenceDataGet) for ADCSequenceDataGet
    dprg.o(.text) refers to timer.obj(.text:Wait) for Wait
    dprg.o(.text) refers to sysctl.o(i.SysCtlPeripheralEnable) for SysCtlPeripheralEnable
    dprg.o(.text) refers to gpio.o(i.GPIOPinTypeGPIOInput) for GPIOPinTypeGPIOInput
    dprg.o(.text) refers to servo.obj(.text:SetServoPosition) for SetServoPosition
    dprg.o(.text) refers to gpio.o(i.GPIOPinRead) for GPIOPinRead
    dprg.o(.text) refers to init.obj(.text:LockoutProtection) for LockoutProtection
    dprg.o(.text) refers to init.obj(.text:InitializeMCU) for InitializeMCU
    dprg.o(.text) refers to gpio.o(i.GPIOPinTypeUART) for GPIOPinTypeUART
    dprg.o(.text) refers to uartstdio.o(.text) for UARTStdioInit
    dprg.o(.text) refers to servo.obj(.text:InitializeServos) for InitializeServos
    dprg.o(.text) refers to motor.obj(.text:InitializeMotors) for InitializeMotors
    dprg.o(.text) refers to encoder.obj(.text:InitializeEncoders) for InitializeEncoders
    dprg.o(.text) refers to linefollow.o(.text) for LineFollow
    adc.o(i.ADCIntRegister) refers to interrupt.o(i.IntRegister) for IntRegister
    adc.o(i.ADCIntRegister) refers to interrupt.o(i.IntEnable) for IntEnable
    adc.o(i.ADCIntUnregister) refers to interrupt.o(i.IntDisable) for IntDisable
    adc.o(i.ADCIntUnregister) refers to interrupt.o(i.IntUnregister) for IntUnregister
    adc.o(i.ADCSoftwareOversampleConfigure) refers to adc.o(.data) for .data
    adc.o(i.ADCSoftwareOversampleDataGet) refers to adc.o(.data) for .data
    adc.o(i.ADCSoftwareOversampleStepConfigure) refers to adc.o(.data) for .data
    gpio.o(i.GPIOPinConfigure) refers to gpio.o(.constdata) for .constdata
    gpio.o(i.GPIOPinTypeADC) refers to gpio.o(i.GPIODirModeSet) for GPIODirModeSet
    gpio.o(i.GPIOPinTypeADC) refers to gpio.o(i.GPIOPadConfigSet) for GPIOPadConfigSet
    gpio.o(i.GPIOPinTypeCAN) refers to gpio.o(i.GPIODirModeSet) for GPIODirModeSet
    gpio.o(i.GPIOPinTypeCAN) refers to gpio.o(i.GPIOPadConfigSet) for GPIOPadConfigSet
    gpio.o(i.GPIOPinTypeComparator) refers to gpio.o(i.GPIODirModeSet) for GPIODirModeSet
    gpio.o(i.GPIOPinTypeComparator) refers to gpio.o(i.GPIOPadConfigSet) for GPIOPadConfigSet
    gpio.o(i.GPIOPinTypeEPI) refers to gpio.o(i.GPIODirModeSet) for GPIODirModeSet
    gpio.o(i.GPIOPinTypeEPI) refers to gpio.o(i.GPIOPadConfigSet) for GPIOPadConfigSet
    gpio.o(i.GPIOPinTypeEthernetLED) refers to gpio.o(i.GPIODirModeSet) for GPIODirModeSet
    gpio.o(i.GPIOPinTypeEthernetLED) refers to gpio.o(i.GPIOPadConfigSet) for GPIOPadConfigSet
    gpio.o(i.GPIOPinTypeGPIOInput) refers to gpio.o(i.GPIODirModeSet) for GPIODirModeSet
    gpio.o(i.GPIOPinTypeGPIOInput) refers to gpio.o(i.GPIOPadConfigSet) for GPIOPadConfigSet
    gpio.o(i.GPIOPinTypeGPIOOutput) refers to gpio.o(i.GPIODirModeSet) for GPIODirModeSet
    gpio.o(i.GPIOPinTypeGPIOOutput) refers to gpio.o(i.GPIOPadConfigSet) for GPIOPadConfigSet
    gpio.o(i.GPIOPinTypeGPIOOutputOD) refers to gpio.o(i.GPIODirModeSet) for GPIODirModeSet
    gpio.o(i.GPIOPinTypeGPIOOutputOD) refers to gpio.o(i.GPIOPadConfigSet) for GPIOPadConfigSet
    gpio.o(i.GPIOPinTypeI2C) refers to gpio.o(i.GPIODirModeSet) for GPIODirModeSet
    gpio.o(i.GPIOPinTypeI2C) refers to gpio.o(i.GPIOPadConfigSet) for GPIOPadConfigSet
    gpio.o(i.GPIOPinTypeI2S) refers to gpio.o(i.GPIODirModeSet) for GPIODirModeSet
    gpio.o(i.GPIOPinTypeI2S) refers to gpio.o(i.GPIOPadConfigSet) for GPIOPadConfigSet
    gpio.o(i.GPIOPinTypePWM) refers to gpio.o(i.GPIODirModeSet) for GPIODirModeSet
    gpio.o(i.GPIOPinTypePWM) refers to gpio.o(i.GPIOPadConfigSet) for GPIOPadConfigSet
    gpio.o(i.GPIOPinTypeQEI) refers to gpio.o(i.GPIODirModeSet) for GPIODirModeSet
    gpio.o(i.GPIOPinTypeQEI) refers to gpio.o(i.GPIOPadConfigSet) for GPIOPadConfigSet
    gpio.o(i.GPIOPinTypeSSI) refers to gpio.o(i.GPIODirModeSet) for GPIODirModeSet
    gpio.o(i.GPIOPinTypeSSI) refers to gpio.o(i.GPIOPadConfigSet) for GPIOPadConfigSet
    gpio.o(i.GPIOPinTypeTimer) refers to gpio.o(i.GPIODirModeSet) for GPIODirModeSet
    gpio.o(i.GPIOPinTypeTimer) refers to gpio.o(i.GPIOPadConfigSet) for GPIOPadConfigSet
    gpio.o(i.GPIOPinTypeUART) refers to gpio.o(i.GPIODirModeSet) for GPIODirModeSet
    gpio.o(i.GPIOPinTypeUART) refers to gpio.o(i.GPIOPadConfigSet) for GPIOPadConfigSet
    gpio.o(i.GPIOPinTypeUSBAnalog) refers to gpio.o(i.GPIODirModeSet) for GPIODirModeSet
    gpio.o(i.GPIOPinTypeUSBAnalog) refers to gpio.o(i.GPIOPadConfigSet) for GPIOPadConfigSet
    gpio.o(i.GPIOPinTypeUSBDigital) refers to gpio.o(i.GPIODirModeSet) for GPIODirModeSet
    gpio.o(i.GPIOPinTypeUSBDigital) refers to gpio.o(i.GPIOPadConfigSet) for GPIOPadConfigSet
    gpio.o(i.GPIOPortIntRegister) refers to gpio.o(i.GPIOGetIntNumber) for GPIOGetIntNumber
    gpio.o(i.GPIOPortIntRegister) refers to interrupt.o(i.IntRegister) for IntRegister
    gpio.o(i.GPIOPortIntRegister) refers to interrupt.o(i.IntEnable) for IntEnable
    gpio.o(i.GPIOPortIntUnregister) refers to gpio.o(i.GPIOGetIntNumber) for GPIOGetIntNumber
    gpio.o(i.GPIOPortIntUnregister) refers to interrupt.o(i.IntDisable) for IntDisable
    gpio.o(i.GPIOPortIntUnregister) refers to interrupt.o(i.IntUnregister) for IntUnregister
    sysctl.o(i.SysCtlClockGet) refers to sysctl.o(.constdata) for .constdata
    sysctl.o(i.SysCtlClockSet) refers to sysctl.o(.emb_text) for SysCtlDelay
    sysctl.o(i.SysCtlDeepSleep) refers to cpu.o(.emb_text) for CPUwfi
    sysctl.o(i.SysCtlI2SMClkSet) refers to sysctl.o(.constdata) for .constdata
    sysctl.o(i.SysCtlIntRegister) refers to interrupt.o(i.IntRegister) for IntRegister
    sysctl.o(i.SysCtlIntRegister) refers to interrupt.o(i.IntEnable) for IntEnable
    sysctl.o(i.SysCtlIntUnregister) refers to interrupt.o(i.IntDisable) for IntDisable
    sysctl.o(i.SysCtlIntUnregister) refers to interrupt.o(i.IntUnregister) for IntUnregister
    sysctl.o(i.SysCtlPeripheralDeepSleepDisable) refers to sysctl.o(.constdata) for .constdata
    sysctl.o(i.SysCtlPeripheralDeepSleepEnable) refers to sysctl.o(.constdata) for .constdata
    sysctl.o(i.SysCtlPeripheralDisable) refers to sysctl.o(.constdata) for .constdata
    sysctl.o(i.SysCtlPeripheralEnable) refers to sysctl.o(.constdata) for .constdata
    sysctl.o(i.SysCtlPeripheralPresent) refers to sysctl.o(.constdata) for .constdata
    sysctl.o(i.SysCtlPeripheralReset) refers to sysctl.o(.constdata) for .constdata
    sysctl.o(i.SysCtlPeripheralSleepDisable) refers to sysctl.o(.constdata) for .constdata
    sysctl.o(i.SysCtlPeripheralSleepEnable) refers to sysctl.o(.constdata) for .constdata
    sysctl.o(i.SysCtlSleep) refers to cpu.o(.emb_text) for CPUwfi
    uart.o(i.UARTIntRegister) refers to interrupt.o(i.IntRegister) for IntRegister
    uart.o(i.UARTIntRegister) refers to interrupt.o(i.IntEnable) for IntEnable
    uart.o(i.UARTIntUnregister) refers to interrupt.o(i.IntDisable) for IntDisable
    uart.o(i.UARTIntUnregister) refers to interrupt.o(i.IntUnregister) for IntUnregister
    timer.obj(.text:WaitUS) refers to sysctl.o(i.SysCtlPeripheralEnable) for SysCtlPeripheralEnable
    timer.obj(.text:WaitUS) refers to timer.o(i.TimerConfigure) for TimerConfigure
    timer.obj(.text:WaitUS) refers to timer.o(i.TimerLoadSet) for TimerLoadSet
    timer.obj(.text:WaitUS) refers to timer.o(i.TimerEnable) for TimerEnable
    timer.obj(.text:WaitUS) refers to timer.o(i.TimerValueGet) for TimerValueGet
    timer.obj(.text:WaitUS) refers to timer.o(i.TimerDisable) for TimerDisable
    timer.obj(.text:WaitUS) refers to timer.obj(.data) for isTimerInitialized$1
    timer.obj(.text:WaitUS) refers to init.obj(.bss) for g_ulTicksPerUs
    timer.obj(.text:Wait) refers to timer.obj(.text:WaitUS) for WaitUS
    servo.obj(.text:SetServoPosition) refers to pwm.o(i.PWMPulseWidthSet) for PWMPulseWidthSet
    servo.obj(.text:SetServoPosition) refers to servo.obj(.bss) for us600
    servo.obj(.text:InitializeServos) refers to sysctl.o(i.SysCtlPeripheralEnable) for SysCtlPeripheralEnable
    servo.obj(.text:InitializeServos) refers to gpio.o(i.GPIOPinTypePWM) for GPIOPinTypePWM
    servo.obj(.text:InitializeServos) refers to pwm.o(i.PWMGenConfigure) for PWMGenConfigure
    servo.obj(.text:InitializeServos) refers to pwm.o(i.PWMGenPeriodSet) for PWMGenPeriodSet
    servo.obj(.text:InitializeServos) refers to pwm.o(i.PWMOutputState) for PWMOutputState
    servo.obj(.text:InitializeServos) refers to pwm.o(i.PWMGenEnable) for PWMGenEnable
    servo.obj(.text:InitializeServos) refers to servo.obj(.text:SetServoPosition) for SetServoPosition
    servo.obj(.text:InitializeServos) refers to init.obj(.bss) for g_ulPWMTicksPerSecond
    servo.obj(.text:InitializeServos) refers to servo.obj(.bss) for us600
    motor.obj(.text:SetMotorPower) refers to pwm.o(i.PWMPulseWidthSet) for PWMPulseWidthSet
    motor.obj(.text:SetMotorPowers) refers to motor.obj(.text:SetMotorPower) for SetMotorPower
    motor.obj(.text:InitializeMotors) refers to sysctl.o(i.SysCtlPeripheralEnable) for SysCtlPeripheralEnable
    motor.obj(.text:InitializeMotors) refers to gpio.o(i.GPIOPinTypePWM) for GPIOPinTypePWM
    motor.obj(.text:InitializeMotors) refers to gpio.o(i.GPIOPinTypeGPIOOutput) for GPIOPinTypeGPIOOutput
    motor.obj(.text:InitializeMotors) refers to pwm.o(i.PWMGenConfigure) for PWMGenConfigure
    motor.obj(.text:InitializeMotors) refers to pwm.o(i.PWMGenPeriodSet) for PWMGenPeriodSet
    motor.obj(.text:InitializeMotors) refers to pwm.o(i.PWMOutputInvert) for PWMOutputInvert
    motor.obj(.text:InitializeMotors) refers to pwm.o(i.PWMOutputState) for PWMOutputState
    motor.obj(.text:InitializeMotors) refers to pwm.o(i.PWMGenEnable) for PWMGenEnable
    motor.obj(.text:InitializeMotors) refers to motor.obj(.text:SetMotorPowers) for SetMotorPowers
    motor.obj(.text:InitializeMotors) refers to gpio.o(i.GPIOPinWrite) for GPIOPinWrite
    motor.obj(.text:InitializeMotors) refers to motor.obj(.bss) for s_ulMotorPeriod
    linesensor.obj(.text:StartDischargingLS) refers to gpio.o(i.GPIOPinTypeGPIOInput) for GPIOPinTypeGPIOInput
    linesensor.obj(.text:StartChargingLS) refers to gpio.o(i.GPIOPinTypeGPIOOutput) for GPIOPinTypeGPIOOutput
    linesensor.obj(.text:StartChargingLS) refers to gpio.o(i.GPIOPinWrite) for GPIOPinWrite
    linesensor.obj(.text:SetDischargeTime) refers to linesensor.obj(.bss) for ls_dischargeTime
    linesensor.obj(.text:ReadLineSensorAsync) refers to linesensor.obj(.bss) for last_ls
    linesensor.obj(.text:ReadLS) refers to gpio.o(i.GPIOPinRead) for GPIOPinRead
    linesensor.obj(.text:ReadLineSensor) refers to linesensor.obj(.text:StartChargingLS) for StartChargingLS
    linesensor.obj(.text:ReadLineSensor) refers to timer.obj(.text:WaitUS) for WaitUS
    linesensor.obj(.text:ReadLineSensor) refers to linesensor.obj(.text:StartDischargingLS) for StartDischargingLS
    linesensor.obj(.text:ReadLineSensor) refers to linesensor.obj(.text:ReadLS) for ReadLS
    linesensor.obj(.text:ReadLineSensor) refers to linesensor.obj(.bss) for ls_dischargeTime
    linesensor.obj(.text:LSIntHandler) refers to timer.o(i.TimerIntClear) for TimerIntClear
    linesensor.obj(.text:LSIntHandler) refers to linesensor.obj(.text:StartDischargingLS) for StartDischargingLS
    linesensor.obj(.text:LSIntHandler) refers to linesensor.obj(.text:ReadLS) for ReadLS
    linesensor.obj(.text:LSIntHandler) refers to linesensor.obj(.text:StartChargingLS) for StartChargingLS
    linesensor.obj(.text:LSIntHandler) refers to timer.o(i.TimerLoadSet) for TimerLoadSet
    linesensor.obj(.text:LSIntHandler) refers to linesensor.obj(.data) for readyToRead$1
    linesensor.obj(.text:LSIntHandler) refers to init.obj(.bss) for g_ulTicksPerUs
    linesensor.obj(.text:LSIntHandler) refers to linesensor.obj(.bss) for ls_dischargeTime
    linesensor.obj(.text:InitializeLineSensor) refers to sysctl.o(i.SysCtlPeripheralEnable) for SysCtlPeripheralEnable
    linesensor.obj(.text:InitializeLineSensor) refers to gpio.o(i.GPIOPinTypeGPIOInput) for GPIOPinTypeGPIOInput
    linesensor.obj(.text:InitializeLineSensor) refers to linesensor.obj(.bss) for ls_dischargeTime
    linesensor.obj(.text:InitializeLineSensorAsync) refers to linesensor.obj(.text:InitializeLineSensor) for InitializeLineSensor
    linesensor.obj(.text:InitializeLineSensorAsync) refers to sysctl.o(i.SysCtlPeripheralEnable) for SysCtlPeripheralEnable
    linesensor.obj(.text:InitializeLineSensorAsync) refers to interrupt.o(i.IntMasterEnable) for IntMasterEnable
    linesensor.obj(.text:InitializeLineSensorAsync) refers to interrupt.o(i.IntEnable) for IntEnable
    linesensor.obj(.text:InitializeLineSensorAsync) refers to timer.o(i.TimerConfigure) for TimerConfigure
    linesensor.obj(.text:InitializeLineSensorAsync) refers to linesensor.obj(.text:LSIntHandler) for LSIntHandler
    linesensor.obj(.text:InitializeLineSensorAsync) refers to timer.o(i.TimerIntEnable) for TimerIntEnable
    linesensor.obj(.text:InitializeLineSensorAsync) refers to timer.o(i.TimerEnable) for TimerEnable
    init.obj(.text:LockoutProtection) refers to sysctl.o(i.SysCtlPeripheralEnable) for SysCtlPeripheralEnable
    init.obj(.text:LockoutProtection) refers to gpio.o(i.GPIOPinTypeGPIOInput) for GPIOPinTypeGPIOInput
    init.obj(.text:LockoutProtection) refers to gpio.o(i.GPIOPinRead) for GPIOPinRead
    init.obj(.text:InitializeMCU) refers to sysctl.o(i.SysCtlClockSet) for SysCtlClockSet
    init.obj(.text:InitializeMCU) refers to sysctl.o(i.SysCtlPWMClockSet) for SysCtlPWMClockSet
    init.obj(.text:InitializeMCU) refers to sysctl.o(i.SysCtlClockGet) for SysCtlClockGet
    init.obj(.text:InitializeMCU) refers to interrupt.o(i.IntMasterEnable) for IntMasterEnable
    init.obj(.text:InitializeMCU) refers to init.obj(.bss) for g_ulTicksPerSecond
    encoder.obj(.text:PresetEncoderCounts) refers to encoder.obj(.data) for enc0
    encoder.obj(.text:PresetEncoderCount) refers to encoder.obj(.data) for enc1
    encoder.obj(.text:InitializeEncoders) refers to sysctl.o(i.SysCtlPeripheralEnable) for SysCtlPeripheralEnable
    encoder.obj(.text:InitializeEncoders) refers to gpio.o(i.GPIOPinTypeGPIOInput) for GPIOPinTypeGPIOInput
    encoder.obj(.text:InitializeEncoders) refers to interrupt.o(i.IntEnable) for IntEnable
    encoder.obj(.text:InitializeEncoders) refers to gpio.o(i.GPIOIntTypeSet) for GPIOIntTypeSet
    encoder.obj(.text:InitializeEncoders) refers to gpio.o(i.GPIOPinIntEnable) for GPIOPinIntEnable
    encoder.obj(.text:InitializeEncoders) refers to encoder.obj(.bss) for dir0
    encoder.obj(.text:GetEncoderCounts) refers to encoder.obj(.data) for enc0
    encoder.obj(.text:GetEncoderCount) refers to encoder.obj(.data) for enc0
    encoder.obj(.text:EncoderInterruptHandler) refers to gpio.o(i.GPIOPinIntStatus) for GPIOPinIntStatus
    encoder.obj(.text:EncoderInterruptHandler) refers to gpio.o(i.GPIOPinIntClear) for GPIOPinIntClear
    encoder.obj(.text:EncoderInterruptHandler) refers to gpio.o(i.GPIOPinRead) for GPIOPinRead
    encoder.obj(.text:EncoderInterruptHandler) refers to encoder.obj(.bss) for dir0
    encoder.obj(.text:EncoderInterruptHandler) refers to encoder.obj(.data) for enc0
    interrupt.o(i.IntMasterDisable) refers to cpu.o(.emb_text) for CPUcpsid
    interrupt.o(i.IntMasterEnable) refers to cpu.o(.emb_text) for CPUcpsie
    interrupt.o(i.IntPriorityGet) refers to interrupt.o(.constdata) for .constdata
    interrupt.o(i.IntPriorityGroupingGet) refers to interrupt.o(.constdata) for .constdata
    interrupt.o(i.IntPriorityGroupingSet) refers to interrupt.o(.constdata) for .constdata
    interrupt.o(i.IntPrioritySet) refers to interrupt.o(.constdata) for .constdata
    interrupt.o(i.IntRegister) refers to interrupt.o(vtable) for vtable
    interrupt.o(i.IntUnregister) refers to interrupt.o(i.IntDefaultHandler) for IntDefaultHandler
    interrupt.o(i.IntUnregister) refers to interrupt.o(vtable) for vtable
    pwm.o(i.PWMFaultIntRegister) refers to interrupt.o(i.IntRegister) for IntRegister
    pwm.o(i.PWMFaultIntRegister) refers to interrupt.o(i.IntEnable) for IntEnable
    pwm.o(i.PWMFaultIntUnregister) refers to interrupt.o(i.IntDisable) for IntDisable
    pwm.o(i.PWMFaultIntUnregister) refers to interrupt.o(i.IntUnregister) for IntUnregister
    pwm.o(i.PWMGenIntRegister) refers to interrupt.o(i.IntRegister) for IntRegister
    pwm.o(i.PWMGenIntRegister) refers to interrupt.o(i.IntEnable) for IntEnable
    pwm.o(i.PWMGenIntUnregister) refers to interrupt.o(i.IntDisable) for IntDisable
    pwm.o(i.PWMGenIntUnregister) refers to interrupt.o(i.IntUnregister) for IntUnregister
    timer.o(i.TimerIntRegister) refers to interrupt.o(i.IntRegister) for IntRegister
    timer.o(i.TimerIntRegister) refers to interrupt.o(i.IntEnable) for IntEnable
    timer.o(i.TimerIntUnregister) refers to interrupt.o(i.IntDisable) for IntDisable
    timer.o(i.TimerIntUnregister) refers to interrupt.o(i.IntUnregister) for IntUnregister
    timer.o(i.TimerQuiesce) refers to interrupt.o(i.IntDisable) for IntDisable
    timer.o(i.TimerQuiesce) refers to interrupt.o(i.IntUnregister) for IntUnregister
    entry.o(.ARM.Collect$$$$00000000) refers (Special) to entry7.o(.ARM.Collect$$$$00000007) for _main_init
    entry.o(.ARM.Collect$$$$00000000) refers (Special) to entry5.o(.ARM.Collect$$$$00000004) for _main_scatterload
    entry.o(.ARM.Collect$$$$00000000) refers (Special) to entry2.o(.ARM.Collect$$$$00000001) for _main_stk
    entry2.o(.ARM.Collect$$$$00000001) refers to entry2.o(.ARM.Collect$$$$00002712) for __lit__00000000
    entry2.o(.ARM.Collect$$$$00002712) refers to startup.o(STACK) for __initial_sp
    entry2.o(__vectab_stack_and_reset_area) refers to startup.o(STACK) for __initial_sp
    entry2.o(__vectab_stack_and_reset_area) refers to entry.o(.ARM.Collect$$$$00000000) for __main
    entry5.o(.ARM.Collect$$$$00000004) refers to init.o(.text) for __scatterload
    entry7.o(.ARM.Collect$$$$00000007) refers to dprg.o(.text) for main
    init.o(.text) refers to entry5.o(.ARM.Collect$$$$00000004) for __main_after_scatterload


==============================================================================

Removing Unused input sections from the image.

    Removing tabletop.o(.text), (232 bytes).
    Removing tabletop.o(.data), (4 bytes).
    Removing squaredance.o(.text), (132 bytes).
    Removing squaredance.o(.data), (8 bytes).
    Removing sonar.o(.text), (112 bytes).
    Removing startup.o(HEAP), (0 bytes).
    Removing startup.o(.text), (0 bytes).
    Removing adc.o(i.ADCComparatorConfigure), (10 bytes).
    Removing adc.o(i.ADCComparatorIntClear), (4 bytes).
    Removing adc.o(i.ADCComparatorIntDisable), (18 bytes).
    Removing adc.o(i.ADCComparatorIntEnable), (16 bytes).
    Removing adc.o(i.ADCComparatorIntStatus), (4 bytes).
    Removing adc.o(i.ADCComparatorRegionSet), (14 bytes).
    Removing adc.o(i.ADCComparatorReset), (40 bytes).
    Removing adc.o(i.ADCHardwareOversampleConfigure), (14 bytes).
    Removing adc.o(i.ADCIntClear), (10 bytes).
    Removing adc.o(i.ADCIntDisable), (16 bytes).
    Removing adc.o(i.ADCIntEnable), (16 bytes).
    Removing adc.o(i.ADCIntRegister), (38 bytes).
    Removing adc.o(i.ADCIntUnregister), (36 bytes).
    Removing adc.o(i.ADCPhaseDelayGet), (4 bytes).
    Removing adc.o(i.ADCPhaseDelaySet), (4 bytes).
    Removing adc.o(i.ADCReferenceGet), (8 bytes).
    Removing adc.o(i.ADCReferenceSet), (12 bytes).
    Removing adc.o(i.ADCSequenceDisable), (16 bytes).
    Removing adc.o(i.ADCSequenceOverflow), (12 bytes).
    Removing adc.o(i.ADCSequenceOverflowClear), (10 bytes).
    Removing adc.o(i.ADCSequenceUnderflow), (12 bytes).
    Removing adc.o(i.ADCSequenceUnderflowClear), (10 bytes).
    Removing adc.o(i.ADCSoftwareOversampleConfigure), (24 bytes).
    Removing adc.o(i.ADCSoftwareOversampleDataGet), (72 bytes).
    Removing adc.o(i.ADCSoftwareOversampleStepConfigure), (112 bytes).
    Removing adc.o(.data), (3 bytes).
    Removing gpio.o(i.GPIODirModeGet), (34 bytes).
    Removing gpio.o(i.GPIOGetIntNumber), (156 bytes).
    Removing gpio.o(i.GPIOIntTypeGet), (48 bytes).
    Removing gpio.o(i.GPIOPadConfigGet), (140 bytes).
    Removing gpio.o(i.GPIOPinConfigure), (72 bytes).
    Removing gpio.o(i.GPIOPinIntDisable), (14 bytes).
    Removing gpio.o(i.GPIOPinTypeADC), (28 bytes).
    Removing gpio.o(i.GPIOPinTypeCAN), (28 bytes).
    Removing gpio.o(i.GPIOPinTypeComparator), (28 bytes).
    Removing gpio.o(i.GPIOPinTypeEPI), (28 bytes).
    Removing gpio.o(i.GPIOPinTypeEthernetLED), (28 bytes).
    Removing gpio.o(i.GPIOPinTypeGPIOOutputOD), (28 bytes).
    Removing gpio.o(i.GPIOPinTypeI2C), (28 bytes).
    Removing gpio.o(i.GPIOPinTypeI2S), (28 bytes).
    Removing gpio.o(i.GPIOPinTypeQEI), (28 bytes).
    Removing gpio.o(i.GPIOPinTypeSSI), (28 bytes).
    Removing gpio.o(i.GPIOPinTypeTimer), (28 bytes).
    Removing gpio.o(i.GPIOPinTypeUSBAnalog), (28 bytes).
    Removing gpio.o(i.GPIOPinTypeUSBDigital), (28 bytes).
    Removing gpio.o(i.GPIOPortIntRegister), (26 bytes).
    Removing gpio.o(i.GPIOPortIntUnregister), (22 bytes).
    Removing gpio.o(.constdata), (72 bytes).
    Removing sysctl.o(i.SysCtlADCSpeedGet), (16 bytes).
    Removing sysctl.o(i.SysCtlADCSpeedSet), (32 bytes).
    Removing sysctl.o(i.SysCtlBrownOutConfigSet), (16 bytes).
    Removing sysctl.o(i.SysCtlClkVerificationClear), (20 bytes).
    Removing sysctl.o(i.SysCtlDeepSleep), (32 bytes).
    Removing sysctl.o(i.SysCtlFlashSizeGet), (20 bytes).
    Removing sysctl.o(i.SysCtlGPIOAHBDisable), (20 bytes).
    Removing sysctl.o(i.SysCtlGPIOAHBEnable), (16 bytes).
    Removing sysctl.o(i.SysCtlI2SMClkSet), (216 bytes).
    Removing sysctl.o(i.SysCtlIOSCVerificationSet), (24 bytes).
    Removing sysctl.o(i.SysCtlIntClear), (12 bytes).
    Removing sysctl.o(i.SysCtlIntDisable), (16 bytes).
    Removing sysctl.o(i.SysCtlIntEnable), (16 bytes).
    Removing sysctl.o(i.SysCtlIntRegister), (20 bytes).
    Removing sysctl.o(i.SysCtlIntStatus), (16 bytes).
    Removing sysctl.o(i.SysCtlIntUnregister), (18 bytes).
    Removing sysctl.o(i.SysCtlLDOConfigSet), (12 bytes).
    Removing sysctl.o(i.SysCtlLDOGet), (12 bytes).
    Removing sysctl.o(i.SysCtlLDOSet), (12 bytes).
    Removing sysctl.o(i.SysCtlMOSCVerificationSet), (24 bytes).
    Removing sysctl.o(i.SysCtlPLLVerificationSet), (24 bytes).
    Removing sysctl.o(i.SysCtlPWMClockGet), (24 bytes).
    Removing sysctl.o(i.SysCtlPeripheralClockGating), (24 bytes).
    Removing sysctl.o(i.SysCtlPeripheralDeepSleepDisable), (32 bytes).
    Removing sysctl.o(i.SysCtlPeripheralDeepSleepEnable), (32 bytes).
    Removing sysctl.o(i.SysCtlPeripheralDisable), (32 bytes).
    Removing sysctl.o(i.SysCtlPeripheralReset), (56 bytes).
    Removing sysctl.o(i.SysCtlPeripheralSleepDisable), (32 bytes).
    Removing sysctl.o(i.SysCtlPeripheralSleepEnable), (32 bytes).
    Removing sysctl.o(i.SysCtlPinPresent), (16 bytes).
    Removing sysctl.o(i.SysCtlReset), (16 bytes).
    Removing sysctl.o(i.SysCtlResetCauseClear), (16 bytes).
    Removing sysctl.o(i.SysCtlResetCauseGet), (12 bytes).
    Removing sysctl.o(i.SysCtlSRAMSizeGet), (20 bytes).
    Removing sysctl.o(i.SysCtlSleep), (4 bytes).
    Removing sysctl.o(i.SysCtlUSBPLLDisable), (16 bytes).
    Removing sysctl.o(i.SysCtlUSBPLLEnable), (16 bytes).
    Removing uart.o(i.UARTBreakCtl), (18 bytes).
    Removing uart.o(i.UARTBusy), (8 bytes).
    Removing uart.o(i.UARTCharGetNonBlocking), (16 bytes).
    Removing uart.o(i.UARTCharPutNonBlocking), (18 bytes).
    Removing uart.o(i.UARTCharsAvail), (10 bytes).
    Removing uart.o(i.UARTConfigGetExpClk), (46 bytes).
    Removing uart.o(i.UARTDMADisable), (10 bytes).
    Removing uart.o(i.UARTDMAEnable), (8 bytes).
    Removing uart.o(i.UARTDisable), (30 bytes).
    Removing uart.o(i.UARTDisableSIR), (10 bytes).
    Removing uart.o(i.UARTEnableSIR), (18 bytes).
    Removing uart.o(i.UARTFIFODisable), (10 bytes).
    Removing uart.o(i.UARTFIFOEnable), (10 bytes).
    Removing uart.o(i.UARTFIFOLevelGet), (16 bytes).
    Removing uart.o(i.UARTFIFOLevelSet), (6 bytes).
    Removing uart.o(i.UARTFlowControlGet), (8 bytes).
    Removing uart.o(i.UARTFlowControlSet), (12 bytes).
    Removing uart.o(i.UARTIntClear), (4 bytes).
    Removing uart.o(i.UARTIntDisable), (10 bytes).
    Removing uart.o(i.UARTIntEnable), (8 bytes).
    Removing uart.o(i.UARTIntRegister), (46 bytes).
    Removing uart.o(i.UARTIntStatus), (10 bytes).
    Removing uart.o(i.UARTIntUnregister), (46 bytes).
    Removing uart.o(i.UARTModemControlClear), (14 bytes).
    Removing uart.o(i.UARTModemControlGet), (8 bytes).
    Removing uart.o(i.UARTModemControlSet), (12 bytes).
    Removing uart.o(i.UARTModemStatusGet), (10 bytes).
    Removing uart.o(i.UARTParityModeGet), (8 bytes).
    Removing uart.o(i.UARTParityModeSet), (12 bytes).
    Removing uart.o(i.UARTRxErrorClear), (6 bytes).
    Removing uart.o(i.UARTRxErrorGet), (8 bytes).
    Removing uart.o(i.UARTSmartCardDisable), (10 bytes).
    Removing uart.o(i.UARTSmartCardEnable), (22 bytes).
    Removing uart.o(i.UARTSpaceAvail), (10 bytes).
    Removing uart.o(i.UARTTxIntModeGet), (8 bytes).
    Removing uart.o(i.UARTTxIntModeSet), (12 bytes).
    Removing timer.obj(.text), (0 bytes).
    Removing servo.obj(.text), (0 bytes).
    Removing motor.obj(.text), (0 bytes).
    Removing linesensor.obj(.text), (0 bytes).
    Removing linesensor.obj(.const), (8 bytes).
    Removing linesensor.obj(.text:ReadLineSensorAsync), (12 bytes).
    Removing linesensor.obj(.text:InitializeLineSensorAsync), (64 bytes).
    Removing init.obj(.text), (0 bytes).
    Removing encoder.obj(.text), (0 bytes).
    Removing encoder.obj(.text:PresetEncoderCounts), (20 bytes).
    Removing encoder.obj(.text:PresetEncoderCount), (28 bytes).
    Removing encoder.obj(.text:GetEncoderCounts), (24 bytes).
    Removing encoder.obj(.text:GetEncoderCount), (36 bytes).
    Removing interrupt.o(i.IntDefaultHandler), (2 bytes).
    Removing interrupt.o(i.IntDisable), (104 bytes).
    Removing interrupt.o(i.IntMasterDisable), (10 bytes).
    Removing interrupt.o(i.IntPendClear), (72 bytes).
    Removing interrupt.o(i.IntPendSet), (90 bytes).
    Removing interrupt.o(i.IntPriorityGet), (28 bytes).
    Removing interrupt.o(i.IntPriorityGroupingGet), (40 bytes).
    Removing interrupt.o(i.IntPriorityGroupingSet), (28 bytes).
    Removing interrupt.o(i.IntPrioritySet), (40 bytes).
    Removing interrupt.o(i.IntRegister), (56 bytes).
    Removing interrupt.o(i.IntUnregister), (20 bytes).
    Removing interrupt.o(.constdata), (104 bytes).
    Removing interrupt.o(vtable), (284 bytes).
    Removing pwm.o(i.PWMDeadBandDisable), (12 bytes).
    Removing pwm.o(i.PWMDeadBandEnable), (16 bytes).
    Removing pwm.o(i.PWMFaultIntClear), (8 bytes).
    Removing pwm.o(i.PWMFaultIntClearExt), (4 bytes).
    Removing pwm.o(i.PWMFaultIntRegister), (18 bytes).
    Removing pwm.o(i.PWMFaultIntUnregister), (18 bytes).
    Removing pwm.o(i.PWMGenDisable), (10 bytes).
    Removing pwm.o(i.PWMGenFaultClear), (18 bytes).
    Removing pwm.o(i.PWMGenFaultConfigure), (18 bytes).
    Removing pwm.o(i.PWMGenFaultStatus), (18 bytes).
    Removing pwm.o(i.PWMGenFaultTriggerGet), (12 bytes).
    Removing pwm.o(i.PWMGenFaultTriggerSet), (12 bytes).
    Removing pwm.o(i.PWMGenIntClear), (6 bytes).
    Removing pwm.o(i.PWMGenIntRegister), (34 bytes).
    Removing pwm.o(i.PWMGenIntStatus), (12 bytes).
    Removing pwm.o(i.PWMGenIntTrigDisable), (10 bytes).
    Removing pwm.o(i.PWMGenIntTrigEnable), (10 bytes).
    Removing pwm.o(i.PWMGenIntUnregister), (32 bytes).
    Removing pwm.o(i.PWMGenPeriodGet), (18 bytes).
    Removing pwm.o(i.PWMIntDisable), (10 bytes).
    Removing pwm.o(i.PWMIntEnable), (8 bytes).
    Removing pwm.o(i.PWMIntStatus), (10 bytes).
    Removing pwm.o(i.PWMOutputFault), (16 bytes).
    Removing pwm.o(i.PWMOutputFaultLevel), (16 bytes).
    Removing pwm.o(i.PWMPulseWidthGet), (32 bytes).
    Removing pwm.o(i.PWMSyncTimeBase), (4 bytes).
    Removing pwm.o(i.PWMSyncUpdate), (4 bytes).
    Removing timer.o(i.TimerControlEvent), (24 bytes).
    Removing timer.o(i.TimerControlLevel), (22 bytes).
    Removing timer.o(i.TimerControlStall), (22 bytes).
    Removing timer.o(i.TimerControlTrigger), (22 bytes).
    Removing timer.o(i.TimerControlWaitOnTrigger), (48 bytes).
    Removing timer.o(i.TimerIntDisable), (10 bytes).
    Removing timer.o(i.TimerIntEnable), (8 bytes).
    Removing timer.o(i.TimerIntRegister), (94 bytes).
    Removing timer.o(i.TimerIntStatus), (10 bytes).
    Removing timer.o(i.TimerIntUnregister), (88 bytes).
    Removing timer.o(i.TimerLoadGet), (10 bytes).
    Removing timer.o(i.TimerMatchGet), (10 bytes).
    Removing timer.o(i.TimerMatchSet), (18 bytes).
    Removing timer.o(i.TimerPrescaleGet), (10 bytes).
    Removing timer.o(i.TimerPrescaleMatchGet), (10 bytes).
    Removing timer.o(i.TimerPrescaleMatchSet), (18 bytes).
    Removing timer.o(i.TimerPrescaleSet), (18 bytes).
    Removing timer.o(i.TimerQuiesce), (126 bytes).
    Removing timer.o(i.TimerRTCDisable), (10 bytes).
    Removing timer.o(i.TimerRTCEnable), (10 bytes).

201 unused section(s) (total 5507 bytes) removed from the image.

==============================================================================

Image Symbol Table

    Local Symbols

    Symbol Name                              Value     Ov Type        Size  Object(Section)

    RESET                                    0x00000000   Section      268  startup.o(RESET)
    ../../microlib/init/entry.s              0x00000000   Number         0  entry7.o ABSOLUTE
    ../../microlib/init/entry.s              0x00000000   Number         0  entry5.o ABSOLUTE
    ../../microlib/init/entry.s              0x00000000   Number         0  entry2.o ABSOLUTE
    ../../microlib/init/entry.s              0x00000000   Number         0  entry.o ABSOLUTE
    ..\StellarisWare\utils\uartstdio.c       0x00000000   Number         0  uartstdio.o ABSOLUTE
    0431611                                  0x00000000   Number         0  motor.obj ABSOLUTE
    0444811                                  0x00000000   Number         0  servo.obj ABSOLUTE
    0464811                                  0x00000000   Number         0  timer.obj ABSOLUTE
    0523611                                  0x00000000   Number         0  linesensor.obj ABSOLUTE
    0598011                                  0x00000000   Number         0  encoder.obj ABSOLUTE
    0611211                                  0x00000000   Number         0  init.obj ABSOLUTE
    Startup.s                                0x00000000   Number         0  startup.o ABSOLUTE
    TableTop.c                               0x00000000   Number         0  tabletop.o ABSOLUTE
    adc.c                                    0x00000000   Number         0  adc.o ABSOLUTE
    cpu.c                                    0x00000000   Number         0  cpu.o ABSOLUTE
    cpu.c                                    0x00000000   Number         0  cpu.o ABSOLUTE
    dc.s                                     0x00000000   Number         0  dc.o ABSOLUTE
    dprg.c                                   0x00000000   Number         0  dprg.o ABSOLUTE
    gpio.c                                   0x00000000   Number         0  gpio.o ABSOLUTE
    handlers.s                               0x00000000   Number         0  handlers.o ABSOLUTE
    init.s                                   0x00000000   Number         0  init.o ABSOLUTE
    interrupt.c                              0x00000000   Number         0  interrupt.o ABSOLUTE
    linefollow.c                             0x00000000   Number         0  linefollow.o ABSOLUTE
    motorPID.c                               0x00000000   Number         0  motorpid.o ABSOLUTE
    pwm.c                                    0x00000000   Number         0  pwm.o ABSOLUTE
    sonar.c                                  0x00000000   Number         0  sonar.o ABSOLUTE
    squaredance.c                            0x00000000   Number         0  squaredance.o ABSOLUTE
    sysctl.c                                 0x00000000   Number         0  sysctl.o ABSOLUTE
    sysctl.c                                 0x00000000   Number         0  sysctl.o ABSOLUTE
    timer.c                                  0x00000000   Number         0  timer.o ABSOLUTE
    uart.c                                   0x00000000   Number         0  uart.o ABSOLUTE
    NmiSR                                    0x00000105   Thumb Code     0  startup.o(RESET)
    FaultISR                                 0x00000107   Thumb Code     0  startup.o(RESET)
    IntDefaultHandler                        0x00000109   Thumb Code     0  startup.o(RESET)
    .ARM.Collect$$$$00000000                 0x0000010c   Section        0  entry.o(.ARM.Collect$$$$00000000)
    .ARM.Collect$$$$00000001                 0x0000010c   Section        4  entry2.o(.ARM.Collect$$$$00000001)
    .ARM.Collect$$$$00000004                 0x00000110   Section        4  entry5.o(.ARM.Collect$$$$00000004)
    .ARM.Collect$$$$00000007                 0x00000114   Section        8  entry7.o(.ARM.Collect$$$$00000007)
    .ARM.Collect$$$$00002712                 0x0000011c   Section        4  entry2.o(.ARM.Collect$$$$00002712)
    __lit__00000000                          0x0000011c   Data           4  entry2.o(.ARM.Collect$$$$00002712)
    .emb_text                                0x00000120   Section        6  sysctl.o(.emb_text)
    .emb_text                                0x00000128   Section       26  cpu.o(.emb_text)
    .text                                    0x00000144   Section        0  linefollow.o(.text)
    .text                                    0x0000024c   Section        0  motorpid.o(.text)
    .text                                    0x000002c0   Section        0  uartstdio.o(.text)
    .text                                    0x0000064c   Section        0  dprg.o(.text)
    .text                                    0x0000077c   Section       36  init.o(.text)
    .text:EncoderInterruptHandler            0x000007a0   Section      208  encoder.obj(.text:EncoderInterruptHandler)
    $C$L11                                   0x000007f5   Thumb Code     0  encoder.obj(.text:EncoderInterruptHandler)
    $C$L12                                   0x000007ff   Thumb Code     0  encoder.obj(.text:EncoderInterruptHandler)
    $C$L13                                   0x0000080f   Thumb Code     0  encoder.obj(.text:EncoderInterruptHandler)
    $C$L14                                   0x0000081b   Thumb Code     0  encoder.obj(.text:EncoderInterruptHandler)
    $C$L15                                   0x0000082d   Thumb Code     0  encoder.obj(.text:EncoderInterruptHandler)
    $C$L16                                   0x0000083b   Thumb Code     0  encoder.obj(.text:EncoderInterruptHandler)
    $C$L17                                   0x00000845   Thumb Code     0  encoder.obj(.text:EncoderInterruptHandler)
    $C$L18                                   0x0000084d   Thumb Code     0  encoder.obj(.text:EncoderInterruptHandler)
    $C$L19                                   0x00000853   Thumb Code     0  encoder.obj(.text:EncoderInterruptHandler)
    $C$CON15                                 0x00000858   Data           0  encoder.obj(.text:EncoderInterruptHandler)
    $C$CON16                                 0x0000085c   Data           0  encoder.obj(.text:EncoderInterruptHandler)
    $C$CON17                                 0x00000860   Data           0  encoder.obj(.text:EncoderInterruptHandler)
    $C$CON18                                 0x00000864   Data           0  encoder.obj(.text:EncoderInterruptHandler)
    $C$CON19                                 0x00000868   Data           0  encoder.obj(.text:EncoderInterruptHandler)
    $C$CON20                                 0x0000086c   Data           0  encoder.obj(.text:EncoderInterruptHandler)
    .text:InitializeEncoders                 0x00000870   Section      148  encoder.obj(.text:InitializeEncoders)
    $C$L3                                    0x000008d7   Thumb Code     0  encoder.obj(.text:InitializeEncoders)
    $C$L4                                    0x000008dd   Thumb Code     0  encoder.obj(.text:InitializeEncoders)
    $C$L5                                    0x000008e7   Thumb Code     0  encoder.obj(.text:InitializeEncoders)
    $C$L6                                    0x000008ed   Thumb Code     0  encoder.obj(.text:InitializeEncoders)
    $C$CON6                                  0x000008f0   Data           0  encoder.obj(.text:InitializeEncoders)
    $C$CON7                                  0x000008f4   Data           0  encoder.obj(.text:InitializeEncoders)
    $C$CON8                                  0x000008f8   Data           0  encoder.obj(.text:InitializeEncoders)
    $C$CON9                                  0x000008fc   Data           0  encoder.obj(.text:InitializeEncoders)
    $C$CON10                                 0x00000900   Data           0  encoder.obj(.text:InitializeEncoders)
    .text:InitializeLineSensor               0x00000904   Section       60  linesensor.obj(.text:InitializeLineSensor)
    $C$CON16                                 0x00000930   Data           0  linesensor.obj(.text:InitializeLineSensor)
    $C$CON17                                 0x00000934   Data           0  linesensor.obj(.text:InitializeLineSensor)
    $C$CON18                                 0x00000938   Data           0  linesensor.obj(.text:InitializeLineSensor)
    $C$CON19                                 0x0000093c   Data           0  linesensor.obj(.text:InitializeLineSensor)
    .text:InitializeMCU                      0x00000940   Section       68  init.obj(.text:InitializeMCU)
    $C$CON3                                  0x00000970   Data           0  init.obj(.text:InitializeMCU)
    $C$CON4                                  0x00000974   Data           0  init.obj(.text:InitializeMCU)
    $C$CON5                                  0x00000978   Data           0  init.obj(.text:InitializeMCU)
    $C$CON6                                  0x0000097c   Data           0  init.obj(.text:InitializeMCU)
    $C$CON7                                  0x00000980   Data           0  init.obj(.text:InitializeMCU)
    .text:InitializeMotors                   0x00000984   Section      192  motor.obj(.text:InitializeMotors)
    $C$CON3                                  0x00000a2c   Data           0  motor.obj(.text:InitializeMotors)
    $C$CON5                                  0x00000a30   Data           0  motor.obj(.text:InitializeMotors)
    $C$CON6                                  0x00000a34   Data           0  motor.obj(.text:InitializeMotors)
    $C$CON7                                  0x00000a38   Data           0  motor.obj(.text:InitializeMotors)
    $C$CON8                                  0x00000a3c   Data           0  motor.obj(.text:InitializeMotors)
    $C$CON9                                  0x00000a40   Data           0  motor.obj(.text:InitializeMotors)
    .text:InitializeServos                   0x00000a44   Section      204  servo.obj(.text:InitializeServos)
    $C$CON5                                  0x00000af4   Data           0  servo.obj(.text:InitializeServos)
    $C$CON6                                  0x00000af8   Data           0  servo.obj(.text:InitializeServos)
    $C$CON7                                  0x00000afc   Data           0  servo.obj(.text:InitializeServos)
    $C$CON8                                  0x00000b00   Data           0  servo.obj(.text:InitializeServos)
    $C$CON9                                  0x00000b04   Data           0  servo.obj(.text:InitializeServos)
    $C$CON10                                 0x00000b08   Data           0  servo.obj(.text:InitializeServos)
    $C$CON11                                 0x00000b0c   Data           0  servo.obj(.text:InitializeServos)
    .text:LSIntHandler                       0x00000b10   Section      100  linesensor.obj(.text:LSIntHandler)
    $C$L2                                    0x00000b33   Thumb Code     0  linesensor.obj(.text:LSIntHandler)
    $C$L3                                    0x00000b47   Thumb Code     0  linesensor.obj(.text:LSIntHandler)
    $C$L4                                    0x00000b5b   Thumb Code     0  linesensor.obj(.text:LSIntHandler)
    $C$CON10                                 0x00000b60   Data           0  linesensor.obj(.text:LSIntHandler)
    $C$CON11                                 0x00000b64   Data           0  linesensor.obj(.text:LSIntHandler)
    $C$CON12                                 0x00000b68   Data           0  linesensor.obj(.text:LSIntHandler)
    $C$CON13                                 0x00000b6c   Data           0  linesensor.obj(.text:LSIntHandler)
    $C$CON14                                 0x00000b70   Data           0  linesensor.obj(.text:LSIntHandler)
    .text:LockoutProtection                  0x00000b74   Section       40  init.obj(.text:LockoutProtection)
    $C$DW$L$LockoutProtection$4$B            0x00000b91   Thumb Code     0  init.obj(.text:LockoutProtection)
    $C$L1                                    0x00000b91   Thumb Code     0  init.obj(.text:LockoutProtection)
    $C$DW$L$LockoutProtection$4$E            0x00000b93   Thumb Code     0  init.obj(.text:LockoutProtection)
    $C$L2                                    0x00000b93   Thumb Code     0  init.obj(.text:LockoutProtection)
    $C$CON1                                  0x00000b94   Data           0  init.obj(.text:LockoutProtection)
    $C$CON2                                  0x00000b98   Data           0  init.obj(.text:LockoutProtection)
    .text:ReadLS                             0x00000b9c   Section       40  linesensor.obj(.text:ReadLS)
    $C$CON7                                  0x00000bbc   Data           0  linesensor.obj(.text:ReadLS)
    $C$CON8                                  0x00000bc0   Data           0  linesensor.obj(.text:ReadLS)
    .text:ReadLineSensor                     0x00000bc4   Section       36  linesensor.obj(.text:ReadLineSensor)
    $C$CON9                                  0x00000be4   Data           0  linesensor.obj(.text:ReadLineSensor)
    .text:SetDischargeTime                   0x00000be8   Section       24  linesensor.obj(.text:SetDischargeTime)
    $C$L1                                    0x00000bf9   Thumb Code     0  linesensor.obj(.text:SetDischargeTime)
    $C$CON5                                  0x00000bfc   Data           0  linesensor.obj(.text:SetDischargeTime)
    .text:SetMotorPower                      0x00000c00   Section       20  motor.obj(.text:SetMotorPower)
    $C$CON1                                  0x00000c10   Data           0  motor.obj(.text:SetMotorPower)
    .text:SetMotorPowers                     0x00000c14   Section       22  motor.obj(.text:SetMotorPowers)
    .text:SetServoPosition                   0x00000c2c   Section       40  servo.obj(.text:SetServoPosition)
    $C$CON1                                  0x00000c48   Data           0  servo.obj(.text:SetServoPosition)
    $C$CON2                                  0x00000c4c   Data           0  servo.obj(.text:SetServoPosition)
    $C$CON3                                  0x00000c50   Data           0  servo.obj(.text:SetServoPosition)
    .text:StartChargingLS                    0x00000c54   Section       52  linesensor.obj(.text:StartChargingLS)
    $C$CON3                                  0x00000c80   Data           0  linesensor.obj(.text:StartChargingLS)
    $C$CON4                                  0x00000c84   Data           0  linesensor.obj(.text:StartChargingLS)
    .text:StartDischargingLS                 0x00000c88   Section       28  linesensor.obj(.text:StartDischargingLS)
    $C$CON1                                  0x00000c9c   Data           0  linesensor.obj(.text:StartDischargingLS)
    $C$CON2                                  0x00000ca0   Data           0  linesensor.obj(.text:StartDischargingLS)
    .text:Wait                               0x00000ca4   Section       12  timer.obj(.text:Wait)
    .text:WaitUS                             0x00000cb0   Section       96  timer.obj(.text:WaitUS)
    $C$L1                                    0x00000ccf   Thumb Code     0  timer.obj(.text:WaitUS)
    $C$DW$L$WaitUS$7$B                       0x00000ce7   Thumb Code     0  timer.obj(.text:WaitUS)
    $C$L2                                    0x00000ce7   Thumb Code     0  timer.obj(.text:WaitUS)
    $C$DW$L$WaitUS$7$E                       0x00000cef   Thumb Code     0  timer.obj(.text:WaitUS)
    $C$DW$L$WaitUS$8$B                       0x00000cef   Thumb Code     0  timer.obj(.text:WaitUS)
    $C$DW$L$WaitUS$8$E                       0x00000cf3   Thumb Code     0  timer.obj(.text:WaitUS)
    $C$CON1                                  0x00000d00   Data           0  timer.obj(.text:WaitUS)
    $C$CON2                                  0x00000d04   Data           0  timer.obj(.text:WaitUS)
    $C$CON3                                  0x00000d08   Data           0  timer.obj(.text:WaitUS)
    $C$CON4                                  0x00000d0c   Data           0  timer.obj(.text:WaitUS)
    i.ADCIntStatus                           0x00000d10   Section        0  adc.o(i.ADCIntStatus)
    i.ADCProcessorTrigger                    0x00000d44   Section        0  adc.o(i.ADCProcessorTrigger)
    i.ADCSequenceConfigure                   0x00000d5e   Section        0  adc.o(i.ADCSequenceConfigure)
    i.ADCSequenceDataGet                     0x00000d90   Section        0  adc.o(i.ADCSequenceDataGet)
    i.ADCSequenceEnable                      0x00000db4   Section        0  adc.o(i.ADCSequenceEnable)
    i.ADCSequenceStepConfigure               0x00000dc2   Section        0  adc.o(i.ADCSequenceStepConfigure)
    i.GPIODirModeSet                         0x00000e30   Section        0  gpio.o(i.GPIODirModeSet)
    i.GPIOIntTypeSet                         0x00000e58   Section        0  gpio.o(i.GPIOIntTypeSet)
    i.GPIOPadConfigSet                       0x00000e92   Section        0  gpio.o(i.GPIOPadConfigSet)
    i.GPIOPinIntClear                        0x00000f42   Section        0  gpio.o(i.GPIOPinIntClear)
    i.GPIOPinIntEnable                       0x00000f48   Section        0  gpio.o(i.GPIOPinIntEnable)
    i.GPIOPinIntStatus                       0x00000f54   Section        0  gpio.o(i.GPIOPinIntStatus)
    i.GPIOPinRead                            0x00000f62   Section        0  gpio.o(i.GPIOPinRead)
    i.GPIOPinTypeGPIOInput                   0x00000f68   Section        0  gpio.o(i.GPIOPinTypeGPIOInput)
    i.GPIOPinTypeGPIOOutput                  0x00000f84   Section        0  gpio.o(i.GPIOPinTypeGPIOOutput)
    i.GPIOPinTypePWM                         0x00000fa0   Section        0  gpio.o(i.GPIOPinTypePWM)
    i.GPIOPinTypeUART                        0x00000fbc   Section        0  gpio.o(i.GPIOPinTypeUART)
    i.GPIOPinWrite                           0x00000fd8   Section        0  gpio.o(i.GPIOPinWrite)
    i.IntEnable                              0x00000fde   Section        0  interrupt.o(i.IntEnable)
    i.IntMasterEnable                        0x00001046   Section        0  interrupt.o(i.IntMasterEnable)
    i.PWMGenConfigure                        0x00001050   Section        0  pwm.o(i.PWMGenConfigure)
    i.PWMGenEnable                           0x00001076   Section        0  pwm.o(i.PWMGenEnable)
    i.PWMGenPeriodSet                        0x00001080   Section        0  pwm.o(i.PWMGenPeriodSet)
    i.PWMOutputInvert                        0x00001092   Section        0  pwm.o(i.PWMOutputInvert)
    i.PWMOutputState                         0x000010a2   Section        0  pwm.o(i.PWMOutputState)
    i.PWMPulseWidthSet                       0x000010b2   Section        0  pwm.o(i.PWMPulseWidthSet)
    i.SysCtlClockGet                         0x000010d4   Section        0  sysctl.o(i.SysCtlClockGet)
    i.SysCtlClockSet                         0x000012b8   Section        0  sysctl.o(i.SysCtlClockSet)
    i.SysCtlPWMClockSet                      0x000013f0   Section        0  sysctl.o(i.SysCtlPWMClockSet)
    i.SysCtlPeripheralEnable                 0x00001404   Section        0  sysctl.o(i.SysCtlPeripheralEnable)
    i.SysCtlPeripheralPresent                0x00001424   Section        0  sysctl.o(i.SysCtlPeripheralPresent)
    i.TimerConfigure                         0x00001464   Section        0  timer.o(i.TimerConfigure)
    i.TimerDisable                           0x00001480   Section        0  timer.o(i.TimerDisable)
    i.TimerEnable                            0x00001490   Section        0  timer.o(i.TimerEnable)
    i.TimerIntClear                          0x0000149e   Section        0  timer.o(i.TimerIntClear)
    i.TimerLoadSet                           0x000014a2   Section        0  timer.o(i.TimerLoadSet)
    i.TimerValueGet                          0x000014b4   Section        0  timer.o(i.TimerValueGet)
    i.UARTCharGet                            0x000014be   Section        0  uart.o(i.UARTCharGet)
    i.UARTCharPut                            0x000014ca   Section        0  uart.o(i.UARTCharPut)
    i.UARTConfigSetExpClk                    0x000014d6   Section        0  uart.o(i.UARTConfigSetExpClk)
    i.UARTEnable                             0x00001544   Section        0  uart.o(i.UARTEnable)
    i.__scatterload_copy                     0x00001558   Section       14  handlers.o(i.__scatterload_copy)
    i.__scatterload_null                     0x00001566   Section        2  handlers.o(i.__scatterload_null)
    i.__scatterload_zeroinit                 0x00001568   Section       14  handlers.o(i.__scatterload_zeroinit)
    .constdata                               0x00001578   Section       28  uartstdio.o(.constdata)
    g_pcHex                                  0x00001578   Data           4  uartstdio.o(.constdata)
    g_ulUARTBase                             0x0000157c   Data          12  uartstdio.o(.constdata)
    g_ulUARTPeriph                           0x00001588   Data          12  uartstdio.o(.constdata)
    .constdata                               0x00001594   Section      156  sysctl.o(.constdata)
    g_pulDCRegs                              0x00001594   Data          16  sysctl.o(.constdata)
    g_pulSRCRRegs                            0x000015a4   Data          12  sysctl.o(.constdata)
    g_pulRCGCRegs                            0x000015b0   Data          12  sysctl.o(.constdata)
    g_pulSCGCRegs                            0x000015bc   Data          12  sysctl.o(.constdata)
    g_pulDCGCRegs                            0x000015c8   Data          12  sysctl.o(.constdata)
    g_pulXtals                               0x000015d4   Data          92  sysctl.o(.constdata)
    .conststring                             0x00001630   Section       17  uartstdio.o(.conststring)
    .data                                    0x20000000   Section       12  linefollow.o(.data)
    last                                     0x20000000   Data           4  linefollow.o(.data)
    accum_error                              0x20000004   Data           4  linefollow.o(.data)
    last_error                               0x20000008   Data           4  linefollow.o(.data)
    .data                                    0x2000000c   Section        5  uartstdio.o(.data)
    g_ulBase                                 0x2000000c   Data           4  uartstdio.o(.data)
    bLastWasCR                               0x20000010   Data           1  uartstdio.o(.data)
    .data                                    0x20000014   Section        1  timer.obj(.data)
    isTimerInitialized$1                     0x20000014   Data           0  timer.obj(.data)
    .data                                    0x20000018   Section        1  linesensor.obj(.data)
    readyToRead$1                            0x20000018   Data           0  linesensor.obj(.data)
    .data                                    0x2000001c   Section        8  encoder.obj(.data)
    enc0                                     0x2000001c   Data           0  encoder.obj(.data)
    enc1                                     0x20000020   Data           0  encoder.obj(.data)
    .bss                                     0x20000024   Section        0  servo.obj(.bss)
    us600                                    0x20000024   Data           0  servo.obj(.bss)
    us2400                                   0x20000028   Data           0  servo.obj(.bss)
    .bss                                     0x2000002c   Section        0  motor.obj(.bss)
    s_ulMotorPeriod                          0x2000002c   Data           0  motor.obj(.bss)
    .bss                                     0x20000030   Section        0  linesensor.obj(.bss)
    ls_dischargeTime                         0x20000030   Data           0  linesensor.obj(.bss)
    last_ls                                  0x20000034   Data           0  linesensor.obj(.bss)
    .bss                                     0x20000038   Section        0  init.obj(.bss)
    .bss                                     0x20000044   Section        0  encoder.obj(.bss)
    dir0                                     0x20000044   Data           0  encoder.obj(.bss)
    dir1                                     0x20000048   Data           0  encoder.obj(.bss)
    STACK                                    0x20000050   Section      256  startup.o(STACK)
    StackMem                                 0x20000050   Data           0  startup.o(STACK)

    Global Symbols

    Symbol Name                              Value     Ov Type        Size  Object(Section)

    BuildAttributes$$THM_ISAv4$P$D$K$B$S$PE$FZ_POSZERO$A:L22UL41UL21$X:L11$S22US41US21$IEEE1$IW$USESV6$~STKCKD$USESV7$~SHL$OTIME$EBA8$MICROLIB$REQ8$PRES8$EABIv2 0x00000000   Number         0  anon$$obj.o ABSOLUTE
    __ARM_use_no_argv                        0x00000000   Number         0  dprg.o ABSOLUTE
    __Vectors                                0x00000000   Data           0  startup.o(RESET)
    __decompress                              - Undefined Weak Reference
    Reset_Handler                            0x00000101   Thumb Code     0  startup.o(RESET)
    __main                                   0x0000010d   Thumb Code     0  entry.o(.ARM.Collect$$$$00000000)
    _main_stk                                0x0000010d   Thumb Code     0  entry2.o(.ARM.Collect$$$$00000001)
    _main_scatterload                        0x00000111   Thumb Code     0  entry5.o(.ARM.Collect$$$$00000004)
    __main_after_scatterload                 0x00000115   Thumb Code     0  entry5.o(.ARM.Collect$$$$00000004)
    _main_init                               0x00000115   Thumb Code     0  entry7.o(.ARM.Collect$$$$00000007)
    SysCtlDelay                              0x00000121   Thumb Code     6  sysctl.o(.emb_text)
    CPUcpsid                                 0x00000129   Thumb Code     8  cpu.o(.emb_text)
    CPUprimask                               0x00000131   Thumb Code     6  cpu.o(.emb_text)
    CPUcpsie                                 0x00000137   Thumb Code     8  cpu.o(.emb_text)
    CPUwfi                                   0x0000013f   Thumb Code     4  cpu.o(.emb_text)
    getLineError                             0x00000145   Thumb Code    68  linefollow.o(.text)
    LineFollow                               0x00000189   Thumb Code   170  linefollow.o(.text)
    PID                                      0x0000024d   Thumb Code    44  motorpid.o(.text)
    saturate                                 0x00000279   Thumb Code    26  motorpid.o(.text)
    AccelerateToMax                          0x00000293   Thumb Code    46  motorpid.o(.text)
    UARTStdioInitExpClk                      0x000002c1   Thumb Code    72  uartstdio.o(.text)
    UARTStdioInit                            0x00000309   Thumb Code    16  uartstdio.o(.text)
    UARTwrite                                0x00000319   Thumb Code    46  uartstdio.o(.text)
    UARTgets                                 0x00000347   Thumb Code   126  uartstdio.o(.text)
    UARTgetc                                 0x000003c5   Thumb Code    14  uartstdio.o(.text)
    UARTprintf                               0x000003d3   Thumb Code   592  uartstdio.o(.text)
    InitializeADC                            0x0000064d   Thumb Code    38  dprg.o(.text)
    GetADCValue                              0x00000673   Thumb Code    52  dprg.o(.text)
    waitForStartup                           0x000006a7   Thumb Code    84  dprg.o(.text)
    codeSelect                               0x000006fb   Thumb Code    18  dprg.o(.text)
    main                                     0x0000070d   Thumb Code    94  dprg.o(.text)
    __scatterload                            0x0000077d   Thumb Code    28  init.o(.text)
    __scatterload_rt2                        0x0000077d   Thumb Code     0  init.o(.text)
    EncoderInterruptHandler                  0x000007a1   Thumb Code     0  encoder.obj(.text:EncoderInterruptHandler)
    InitializeEncoders                       0x00000871   Thumb Code     0  encoder.obj(.text:InitializeEncoders)
    InitializeLineSensor                     0x00000905   Thumb Code     0  linesensor.obj(.text:InitializeLineSensor)
    InitializeMCU                            0x00000941   Thumb Code     0  init.obj(.text:InitializeMCU)
    InitializeMotors                         0x00000985   Thumb Code     0  motor.obj(.text:InitializeMotors)
    InitializeServos                         0x00000a45   Thumb Code     0  servo.obj(.text:InitializeServos)
    LSIntHandler                             0x00000b11   Thumb Code     0  linesensor.obj(.text:LSIntHandler)
    LockoutProtection                        0x00000b75   Thumb Code     0  init.obj(.text:LockoutProtection)
    ReadLS                                   0x00000b9d   Thumb Code     0  linesensor.obj(.text:ReadLS)
    ReadLineSensor                           0x00000bc5   Thumb Code     0  linesensor.obj(.text:ReadLineSensor)
    SetDischargeTime                         0x00000be9   Thumb Code     0  linesensor.obj(.text:SetDischargeTime)
    SetMotorPower                            0x00000c01   Thumb Code     0  motor.obj(.text:SetMotorPower)
    SetMotorPowers                           0x00000c15   Thumb Code     0  motor.obj(.text:SetMotorPowers)
    SetServoPosition                         0x00000c2d   Thumb Code     0  servo.obj(.text:SetServoPosition)
    StartChargingLS                          0x00000c55   Thumb Code     0  linesensor.obj(.text:StartChargingLS)
    StartDischargingLS                       0x00000c89   Thumb Code     0  linesensor.obj(.text:StartDischargingLS)
    Wait                                     0x00000ca5   Thumb Code     0  timer.obj(.text:Wait)
    WaitUS                                   0x00000cb1   Thumb Code     0  timer.obj(.text:WaitUS)
    ADCIntStatus                             0x00000d11   Thumb Code    52  adc.o(i.ADCIntStatus)
    ADCProcessorTrigger                      0x00000d45   Thumb Code    26  adc.o(i.ADCProcessorTrigger)
    ADCSequenceConfigure                     0x00000d5f   Thumb Code    50  adc.o(i.ADCSequenceConfigure)
    ADCSequenceDataGet                       0x00000d91   Thumb Code    36  adc.o(i.ADCSequenceDataGet)
    ADCSequenceEnable                        0x00000db5   Thumb Code    14  adc.o(i.ADCSequenceEnable)
    ADCSequenceStepConfigure                 0x00000dc3   Thumb Code   110  adc.o(i.ADCSequenceStepConfigure)
    GPIODirModeSet                           0x00000e31   Thumb Code    40  gpio.o(i.GPIODirModeSet)
    GPIOIntTypeSet                           0x00000e59   Thumb Code    58  gpio.o(i.GPIOIntTypeSet)
    GPIOPadConfigSet                         0x00000e93   Thumb Code   176  gpio.o(i.GPIOPadConfigSet)
    GPIOPinIntClear                          0x00000f43   Thumb Code     6  gpio.o(i.GPIOPinIntClear)
    GPIOPinIntEnable                         0x00000f49   Thumb Code    12  gpio.o(i.GPIOPinIntEnable)
    GPIOPinIntStatus                         0x00000f55   Thumb Code    14  gpio.o(i.GPIOPinIntStatus)
    GPIOPinRead                              0x00000f63   Thumb Code     6  gpio.o(i.GPIOPinRead)
    GPIOPinTypeGPIOInput                     0x00000f69   Thumb Code    28  gpio.o(i.GPIOPinTypeGPIOInput)
    GPIOPinTypeGPIOOutput                    0x00000f85   Thumb Code    28  gpio.o(i.GPIOPinTypeGPIOOutput)
    GPIOPinTypePWM                           0x00000fa1   Thumb Code    28  gpio.o(i.GPIOPinTypePWM)
    GPIOPinTypeUART                          0x00000fbd   Thumb Code    28  gpio.o(i.GPIOPinTypeUART)
    GPIOPinWrite                             0x00000fd9   Thumb Code     6  gpio.o(i.GPIOPinWrite)
    IntEnable                                0x00000fdf   Thumb Code   104  interrupt.o(i.IntEnable)
    IntMasterEnable                          0x00001047   Thumb Code    10  interrupt.o(i.IntMasterEnable)
    PWMGenConfigure                          0x00001051   Thumb Code    38  pwm.o(i.PWMGenConfigure)
    PWMGenEnable                             0x00001077   Thumb Code    10  pwm.o(i.PWMGenEnable)
    PWMGenPeriodSet                          0x00001081   Thumb Code    18  pwm.o(i.PWMGenPeriodSet)
    PWMOutputInvert                          0x00001093   Thumb Code    16  pwm.o(i.PWMOutputInvert)
    PWMOutputState                           0x000010a3   Thumb Code    16  pwm.o(i.PWMOutputState)
    PWMPulseWidthSet                         0x000010b3   Thumb Code    32  pwm.o(i.PWMPulseWidthSet)
    SysCtlClockGet                           0x000010d5   Thumb Code   438  sysctl.o(i.SysCtlClockGet)
    SysCtlClockSet                           0x000012b9   Thumb Code   288  sysctl.o(i.SysCtlClockSet)
    SysCtlPWMClockSet                        0x000013f1   Thumb Code    14  sysctl.o(i.SysCtlPWMClockSet)
    SysCtlPeripheralEnable                   0x00001405   Thumb Code    26  sysctl.o(i.SysCtlPeripheralEnable)
    SysCtlPeripheralPresent                  0x00001425   Thumb Code    50  sysctl.o(i.SysCtlPeripheralPresent)
    TimerConfigure                           0x00001465   Thumb Code    28  timer.o(i.TimerConfigure)
    TimerDisable                             0x00001481   Thumb Code    16  timer.o(i.TimerDisable)
    TimerEnable                              0x00001491   Thumb Code    14  timer.o(i.TimerEnable)
    TimerIntClear                            0x0000149f   Thumb Code     4  timer.o(i.TimerIntClear)
    TimerLoadSet                             0x000014a3   Thumb Code    18  timer.o(i.TimerLoadSet)
    TimerValueGet                            0x000014b5   Thumb Code    10  timer.o(i.TimerValueGet)
    UARTCharGet                              0x000014bf   Thumb Code    12  uart.o(i.UARTCharGet)
    UARTCharPut                              0x000014cb   Thumb Code    12  uart.o(i.UARTCharPut)
    UARTConfigSetExpClk                      0x000014d7   Thumb Code   110  uart.o(i.UARTConfigSetExpClk)
    UARTEnable                               0x00001545   Thumb Code    20  uart.o(i.UARTEnable)
    __scatterload_copy                       0x00001559   Thumb Code    14  handlers.o(i.__scatterload_copy)
    __scatterload_null                       0x00001567   Thumb Code     2  handlers.o(i.__scatterload_null)
    __scatterload_zeroinit                   0x00001569   Thumb Code    14  handlers.o(i.__scatterload_zeroinit)
    Region$$Table$$Base                      0x00001644   Number         0  anon$$obj.o(Region$$Table)
    Region$$Table$$Limit                     0x00001664   Number         0  anon$$obj.o(Region$$Table)
    g_ulTicksPerSecond                       0x20000038   Data           0  init.obj(.bss)
    g_ulTicksPerUs                           0x2000003c   Data           0  init.obj(.bss)
    g_ulPWMTicksPerSecond                    0x20000040   Data           0  init.obj(.bss)
    __initial_sp                             0x20000150   Data           0  startup.o(STACK)



==============================================================================

Memory Map of the image

  Image Entry point : 0x00000101

  Load Region LR_1 (Base: 0x00000000, Size: 0x00001688, Max: 0xffffffff, ABSOLUTE)

    Execution Region ER_RO (Base: 0x00000000, Size: 0x00001664, Max: 0xffffffff, ABSOLUTE)

    Base Addr    Size         Type   Attr      Idx    E Section Name        Object

    0x00000000   0x0000010c   Code   RO          178  * RESET               startup.o
    0x0000010c   0x00000000   Code   RO         1856  * .ARM.Collect$$$$00000000  mc_w.l(entry.o)
    0x0000010c   0x00000004   Code   RO         1859    .ARM.Collect$$$$00000001  mc_w.l(entry2.o)
    0x00000110   0x00000004   Code   RO         1862    .ARM.Collect$$$$00000004  mc_w.l(entry5.o)
    0x00000114   0x00000008   Code   RO         1863    .ARM.Collect$$$$00000007  mc_w.l(entry7.o)
    0x0000011c   0x00000004   Code   RO         1860    .ARM.Collect$$$$00002712  mc_w.l(entry2.o)
    0x00000120   0x00000006   Code   RO          635    .emb_text           driverlib.lib(sysctl.o)
    0x00000126   0x00000002   PAD
    0x00000128   0x0000001a   Code   RO         1382    .emb_text           driverlib.lib(cpu.o)
    0x00000142   0x00000002   PAD
    0x00000144   0x00000108   Code   RO            1    .text               linefollow.o
    0x0000024c   0x00000074   Code   RO          115    .text               motorpid.o
    0x000002c0   0x0000038c   Code   RO          145    .text               uartstdio.o
    0x0000064c   0x00000130   Code   RO          185    .text               dprg.o
    0x0000077c   0x00000024   Code   RO         1864    .text               mc_w.l(init.o)
    0x000007a0   0x000000d0   Code   RO         1340    .text:EncoderInterruptHandler  raslib.lib(encoder.obj)
    0x00000870   0x00000094   Code   RO         1337    .text:InitializeEncoders  raslib.lib(encoder.obj)
    0x00000904   0x0000003c   Code   RO         1255    .text:InitializeLineSensor  raslib.lib(linesensor.obj)
    0x00000940   0x00000044   Code   RO         1313    .text:InitializeMCU  raslib.lib(init.obj)
    0x00000984   0x000000c0   Code   RO         1217    .text:InitializeMotors  raslib.lib(motor.obj)
    0x00000a44   0x000000cc   Code   RO         1190    .text:InitializeServos  raslib.lib(servo.obj)
    0x00000b10   0x00000064   Code   RO         1254    .text:LSIntHandler  raslib.lib(linesensor.obj)
    0x00000b74   0x00000028   Code   RO         1312    .text:LockoutProtection  raslib.lib(init.obj)
    0x00000b9c   0x00000028   Code   RO         1252    .text:ReadLS        raslib.lib(linesensor.obj)
    0x00000bc4   0x00000024   Code   RO         1253    .text:ReadLineSensor  raslib.lib(linesensor.obj)
    0x00000be8   0x00000018   Code   RO         1250    .text:SetDischargeTime  raslib.lib(linesensor.obj)
    0x00000c00   0x00000014   Code   RO         1215    .text:SetMotorPower  raslib.lib(motor.obj)
    0x00000c14   0x00000016   Code   RO         1216    .text:SetMotorPowers  raslib.lib(motor.obj)
    0x00000c2a   0x00000002   PAD
    0x00000c2c   0x00000028   Code   RO         1189    .text:SetServoPosition  raslib.lib(servo.obj)
    0x00000c54   0x00000034   Code   RO         1249    .text:StartChargingLS  raslib.lib(linesensor.obj)
    0x00000c88   0x0000001c   Code   RO         1248    .text:StartDischargingLS  raslib.lib(linesensor.obj)
    0x00000ca4   0x0000000c   Code   RO         1163    .text:Wait          raslib.lib(timer.obj)
    0x00000cb0   0x00000060   Code   RO         1162    .text:WaitUS        raslib.lib(timer.obj)
    0x00000d10   0x00000034   Code   RO          218    i.ADCIntStatus      driverlib.lib(adc.o)
    0x00000d44   0x0000001a   Code   RO          222    i.ADCProcessorTrigger  driverlib.lib(adc.o)
    0x00000d5e   0x00000032   Code   RO          225    i.ADCSequenceConfigure  driverlib.lib(adc.o)
    0x00000d90   0x00000024   Code   RO          226    i.ADCSequenceDataGet  driverlib.lib(adc.o)
    0x00000db4   0x0000000e   Code   RO          228    i.ADCSequenceEnable  driverlib.lib(adc.o)
    0x00000dc2   0x0000006e   Code   RO          231    i.ADCSequenceStepConfigure  driverlib.lib(adc.o)
    0x00000e30   0x00000028   Code   RO          422    i.GPIODirModeSet    driverlib.lib(gpio.o)
    0x00000e58   0x0000003a   Code   RO          425    i.GPIOIntTypeSet    driverlib.lib(gpio.o)
    0x00000e92   0x000000b0   Code   RO          427    i.GPIOPadConfigSet  driverlib.lib(gpio.o)
    0x00000f42   0x00000006   Code   RO          429    i.GPIOPinIntClear   driverlib.lib(gpio.o)
    0x00000f48   0x0000000c   Code   RO          431    i.GPIOPinIntEnable  driverlib.lib(gpio.o)
    0x00000f54   0x0000000e   Code   RO          432    i.GPIOPinIntStatus  driverlib.lib(gpio.o)
    0x00000f62   0x00000006   Code   RO          433    i.GPIOPinRead       driverlib.lib(gpio.o)
    0x00000f68   0x0000001c   Code   RO          439    i.GPIOPinTypeGPIOInput  driverlib.lib(gpio.o)
    0x00000f84   0x0000001c   Code   RO          440    i.GPIOPinTypeGPIOOutput  driverlib.lib(gpio.o)
    0x00000fa0   0x0000001c   Code   RO          444    i.GPIOPinTypePWM    driverlib.lib(gpio.o)
    0x00000fbc   0x0000001c   Code   RO          448    i.GPIOPinTypeUART   driverlib.lib(gpio.o)
    0x00000fd8   0x00000006   Code   RO          451    i.GPIOPinWrite      driverlib.lib(gpio.o)
    0x00000fde   0x00000068   Code   RO         1394    i.IntEnable         driverlib.lib(interrupt.o)
    0x00001046   0x0000000a   Code   RO         1396    i.IntMasterEnable   driverlib.lib(interrupt.o)
    0x00001050   0x00000026   Code   RO         1484    i.PWMGenConfigure   driverlib.lib(pwm.o)
    0x00001076   0x0000000a   Code   RO         1486    i.PWMGenEnable      driverlib.lib(pwm.o)
    0x00001080   0x00000012   Code   RO         1499    i.PWMGenPeriodSet   driverlib.lib(pwm.o)
    0x00001092   0x00000010   Code   RO         1505    i.PWMOutputInvert   driverlib.lib(pwm.o)
    0x000010a2   0x00000010   Code   RO         1506    i.PWMOutputState    driverlib.lib(pwm.o)
    0x000010b2   0x00000020   Code   RO         1508    i.PWMPulseWidthSet  driverlib.lib(pwm.o)
    0x000010d2   0x00000002   PAD
    0x000010d4   0x000001e4   Code   RO          640    i.SysCtlClockGet    driverlib.lib(sysctl.o)
    0x000012b8   0x00000138   Code   RO          641    i.SysCtlClockSet    driverlib.lib(sysctl.o)
    0x000013f0   0x00000014   Code   RO          660    i.SysCtlPWMClockSet  driverlib.lib(sysctl.o)
    0x00001404   0x00000020   Code   RO          665    i.SysCtlPeripheralEnable  driverlib.lib(sysctl.o)
    0x00001424   0x00000040   Code   RO          666    i.SysCtlPeripheralPresent  driverlib.lib(sysctl.o)
    0x00001464   0x0000001c   Code   RO         1688    i.TimerConfigure    driverlib.lib(timer.o)
    0x00001480   0x00000010   Code   RO         1694    i.TimerDisable      driverlib.lib(timer.o)
    0x00001490   0x0000000e   Code   RO         1695    i.TimerEnable       driverlib.lib(timer.o)
    0x0000149e   0x00000004   Code   RO         1696    i.TimerIntClear     driverlib.lib(timer.o)
    0x000014a2   0x00000012   Code   RO         1703    i.TimerLoadSet      driverlib.lib(timer.o)
    0x000014b4   0x0000000a   Code   RO         1713    i.TimerValueGet     driverlib.lib(timer.o)
    0x000014be   0x0000000c   Code   RO          911    i.UARTCharGet       driverlib.lib(uart.o)
    0x000014ca   0x0000000c   Code   RO          913    i.UARTCharPut       driverlib.lib(uart.o)
    0x000014d6   0x0000006e   Code   RO          917    i.UARTConfigSetExpClk  driverlib.lib(uart.o)
    0x00001544   0x00000014   Code   RO          922    i.UARTEnable        driverlib.lib(uart.o)
    0x00001558   0x0000000e   Code   RO         1868    i.__scatterload_copy  mc_w.l(handlers.o)
    0x00001566   0x00000002   Code   RO         1869    i.__scatterload_null  mc_w.l(handlers.o)
    0x00001568   0x0000000e   Code   RO         1870    i.__scatterload_zeroinit  mc_w.l(handlers.o)
    0x00001576   0x00000002   PAD
    0x00001578   0x0000001c   Data   RO          146    .constdata          uartstdio.o
    0x00001594   0x0000009c   Data   RO          678    .constdata          driverlib.lib(sysctl.o)
    0x00001630   0x00000011   Data   RO          147    .conststring        uartstdio.o
    0x00001641   0x00000003   PAD
    0x00001644   0x00000020   Data   RO         1866    Region$$Table       anon$$obj.o


    Execution Region ER_RW (Base: 0x20000000, Size: 0x00000024, Max: 0xffffffff, ABSOLUTE)

    Base Addr    Size         Type   Attr      Idx    E Section Name        Object

    0x20000000   0x0000000c   Data   RW            2    .data               linefollow.o
    0x2000000c   0x00000005   Data   RW          148    .data               uartstdio.o
    0x20000011   0x00000003   PAD
    0x20000014   0x00000001   Data   RW         1161    .data               raslib.lib(timer.obj)
    0x20000015   0x00000003   PAD
    0x20000018   0x00000001   Data   RW         1247    .data               raslib.lib(linesensor.obj)
    0x20000019   0x00000003   PAD
    0x2000001c   0x00000008   Data   RW         1333    .data               raslib.lib(encoder.obj)


    Execution Region ER_ZI (Base: 0x20000024, Size: 0x0000012c, Max: 0xffffffff, ABSOLUTE)

    Base Addr    Size         Type   Attr      Idx    E Section Name        Object

    0x20000024   0x00000008   Zero   RW         1188    .bss                raslib.lib(servo.obj)
    0x2000002c   0x00000004   Zero   RW         1214    .bss                raslib.lib(motor.obj)
    0x20000030   0x00000005   Zero   RW         1245    .bss                raslib.lib(linesensor.obj)
    0x20000035   0x00000003   PAD
    0x20000038   0x0000000c   Zero   RW         1311    .bss                raslib.lib(init.obj)
    0x20000044   0x00000008   Zero   RW         1334    .bss                raslib.lib(encoder.obj)
    0x2000004c   0x00000004   PAD
    0x20000050   0x00000100   Zero   RW          176    STACK               startup.o


==============================================================================

Image component sizes


      Code (inc. data)   RO Data    RW Data    ZI Data      Debug   Object Name

       304         18          0          0          0       1111   dprg.o
       264         26          0         12          0       3154   linefollow.o
       116          0          0          0          0       1079   motorpid.o
       268        258          0          0        256        200   startup.o
         0          0          0          0          0        328   tabletop.o
       908         42         45          5          0       3779   uartstdio.o

    ----------------------------------------------------------------------
      1860        344         80         20        256       9651   Object Totals
         0          0         32          0          0          0   (incl. Generated)
         0          0          3          3          0          0   (incl. Padding)

    ----------------------------------------------------------------------

      Code (inc. data)   RO Data    RW Data    ZI Data      Debug   Library Member Name

       288          0          0          0          0       6092   adc.o
        26          0          0          0          0        316   cpu.o
       430          0          0          0          0       6936   gpio.o
       114          0          0          0          0        994   interrupt.o
       130          0          0          0          0       3021   pwm.o
       918         96        156          0          0       4733   sysctl.o
        90          0          0          0          0       2797   timer.o
       154          0          0          0          0       2611   uart.o
         0          0          0          0          0          0   entry.o
         8          4          0          0          0          0   entry2.o
         4          0          0          0          0          0   entry5.o
         8          4          0          0          0          0   entry7.o
        30          0          0          0          0          0   handlers.o
        36          8          0          0          0         68   init.o
       356         44          0          8          8       4772   encoder.obj
       108         28          0          0         12       1962   init.obj
       340         68          0          1          5       7865   linesensor.obj
       234         28          0          0          4       5057   motor.obj
       244         40          0          0          8       2497   servo.obj
       108         16          0          1          0       3950   timer.obj

    ----------------------------------------------------------------------
      3636        336        156         16         44      53671   Library Totals
        10          0          0          6          7          2   (incl. Padding)

    ----------------------------------------------------------------------

      Code (inc. data)   RO Data    RW Data    ZI Data      Debug   Library Name

      2150         96        156          0          0      27500   driverlib.lib
        86         16          0          0          0         68   mc_w.l
      1390        224          0         10         37      26103   raslib.lib

    ----------------------------------------------------------------------
      3636        336        156         16         44      53671   Library Totals

    ----------------------------------------------------------------------

==============================================================================


      Code (inc. data)   RO Data    RW Data    ZI Data      Debug   

      5496        680        236         36        300      59060   Grand Totals
      5496        680        236         36        300      59060   ELF Image Totals
      5496        680        236         36          0          0   ROM Totals

==============================================================================

    Total RO  Size (Code + RO Data)                 5732 (   5.60kB)
    Total RW  Size (RW Data + ZI Data)               336 (   0.33kB)
    Total ROM Size (Code + RO Data + RW Data)       5768 (   5.63kB)

==============================================================================

