<html>
<body>
<pre>
<h1>µVision Build Log</h1>
<h2>Project:</h2>
C:\Documents and Settings\RAS\Desktop\DPRG\dprg\dprg.uvproj
Project File Date:  11/12/2010

<h2>Output:</h2>
Build target 'Target 1'
compiling linefollow.c...
compiling uartstdio.c...
assembling Startup.s...
compiling dprg.c...
dprg.c(17): error:  #79: expected a type specifier
dprg.c:   SysCtlPeripheralEnable(SYSCTL_PERIPH_GPIOA);
dprg.c:                          ^
dprg.c(17): warning:  #77-D: this declaration has no storage class or type specifier
dprg.c:   SysCtlPeripheralEnable(SYSCTL_PERIPH_GPIOA);
dprg.c:   ^
dprg.c(17): error:  #147: declaration is incompatible with "void SysCtlPeripheralEnable(unsigned long)" (declared at line 416 of "..\StellarisWare\driverlib/sysctl.h")
dprg.c:   SysCtlPeripheralEnable(SYSCTL_PERIPH_GPIOA);
dprg.c:   ^
dprg.c(18): error:  #79: expected a type specifier
dprg.c:   GPIOPinTypeGPIOInput(GPIO_PORTA_BASE, GPIO_PIN_5 | GPIO_PIN_4 | GPIO_PIN_3 | GPIO_PIN_2 );
dprg.c:                        ^
dprg.c(18): error:  #79: expected a type specifier
dprg.c:   GPIOPinTypeGPIOInput(GPIO_PORTA_BASE, GPIO_PIN_5 | GPIO_PIN_4 | GPIO_PIN_3 | GPIO_PIN_2 );
dprg.c:                                         ^
dprg.c(18): warning:  #77-D: this declaration has no storage class or type specifier
dprg.c:   GPIOPinTypeGPIOInput(GPIO_PORTA_BASE, GPIO_PIN_5 | GPIO_PIN_4 | GPIO_PIN_3 | GPIO_PIN_2 );
dprg.c:   ^
dprg.c(18): error:  #147: declaration is incompatible with "void GPIOPinTypeGPIOInput(unsigned long, unsigned char)" (declared at line 744 of "..\StellarisWare\driverlib/gpio.h")
dprg.c:   GPIOPinTypeGPIOInput(GPIO_PORTA_BASE, GPIO_PIN_5 | GPIO_PIN_4 | GPIO_PIN_3 | GPIO_PIN_2 );
dprg.c:   ^
dprg.c: dprg.c: 2 warnings, 5 errors
Target not created
Build target 'Target 1'
compiling dprg.c...
linking...
Program Size: Code=5004 RO-data=236 RW-data=24 ZI-data=296  
"dprg.axf" - 0 Error(s), 0 Warning(s).
Build target 'Target 1'
compiling TableTop.c...
TableTop.c(3): error:  #5: cannot open source input file "dprg.h": No such file or directory
TableTop.c:   #include "dprg.h"
TableTop.c:                    ^
TableTop.c: TableTop.c: 0 warnings, 1 error
compiling dprg.c...
dprg.c(83): warning:  #223-D: function "tableTop" declared implicitly
dprg.c:                     tableTop(EDGE);
dprg.c:                     ^
dprg.c(83): error:  #20: identifier "EDGE" is undefined
dprg.c:                     tableTop(EDGE);
dprg.c:                              ^
dprg.c: dprg.c: 1 warning, 1 error
Target not created
Build target 'Target 1'
compiling TableTop.c...
TableTop.c(3): error:  #5: cannot open source input file "dprg.h": No such file or directory
TableTop.c:   #include "dprg.h"
TableTop.c:                    ^
TableTop.c: TableTop.c: 0 warnings, 1 error
compiling dprg.c...
dprg.c(83): warning:  #223-D: function "crossTable" declared implicitly
dprg.c:                     crossTable();
dprg.c:                     ^
dprg.c: dprg.c: 1 warning, 0 errors
Target not created
Build target 'Target 1'
compiling TableTop.c...
TableTop.c(3): error:  #5: cannot open source input file "dprg.h": No such file or directory
TableTop.c:   #include "dprg.h"
TableTop.c:                    ^
TableTop.c: TableTop.c: 0 warnings, 1 error
compiling dprg.c...
TableTop.h(5): error:  #40: expected an identifier
TableTop.h:   unsigned long ADC0_BASE;
TableTop.h:                 ^
TableTop.h: dprg.c: 0 warnings, 1 error
Target not created
Build target 'Target 1'
compiling TableTop.c...
TableTop.c(3): error:  #5: cannot open source input file "dprg.h": No such file or directory
TableTop.c:   #include "dprg.h"
TableTop.c:                    ^
TableTop.c: TableTop.c: 0 warnings, 1 error
compiling dprg.c...
Target not created
Build target 'Target 1'
compiling TableTop.c...
TableTop.c(3): error:  #5: cannot open source input file "dprg.h": No such file or directory
TableTop.c:   #include "dprg.h"
TableTop.c:                    ^
TableTop.c: TableTop.c: 0 warnings, 1 error
compiling dprg.c...
TableTop.h(5): error:  #40: expected an identifier
TableTop.h:   unsigned long ADC0_BASE;
TableTop.h:                 ^
TableTop.h: dprg.c: 0 warnings, 1 error
Target not created
Build target 'Target 1'
compiling TableTop.c...
compiling dprg.c...
TableTop.h(5): error:  #40: expected an identifier
TableTop.h:   unsigned long ADC0_BASE;
TableTop.h:                 ^
TableTop.h: dprg.c: 0 warnings, 1 error
Target not created
Build target 'Target 1'
compiling TableTop.c...
compiling dprg.c...
TableTop.h(5): error:  #40: expected an identifier
TableTop.h:   unsigned long ADC0_BASE;
TableTop.h:                 ^
TableTop.h: dprg.c: 0 warnings, 1 error
Target not created
Build target 'Target 1'
compiling TableTop.c...
compiling dprg.c...
TableTop.h(5): error:  #40: expected an identifier
TableTop.h:   unsigned long ADC0_BASE;
TableTop.h:                 ^
TableTop.h: dprg.c: 0 warnings, 1 error
Target not created
Build target 'Target 1'
compiling dprg.c...
TableTop.h(5): error:  #40: expected an identifier
TableTop.h:   unsigned long ADC0_BASE;
TableTop.h:                 ^
TableTop.h: dprg.c: 0 warnings, 1 error
Target not created
Build target 'Target 1'
compiling TableTop.c...
TableTop.c(15): error:  #20: identifier "ADC0_BASE" is undefined
TableTop.c:     ADCProcessorTrigger(ADC0_BASE, 1); 
TableTop.c:                         ^
TableTop.c: TableTop.c: 0 warnings, 1 error
compiling dprg.c...
Target not created
