<html>
<body>
<pre>
<h1>µVision Build Log</h1>
<h2>Project:</h2>
C:\Users\Raz\Documents\DPRG\dprg\dprg.uvproj
Project File Date:  11/13/2010

<h2>Output:</h2>
Build target 'Target 1'
compiling linefollow.c...
compiling TableTop.c...
compiling squaredance.c...
compiling motorPID.c...
compiling sonar.c...
compiling uartstdio.c...
assembling Startup.s...
compiling dprg.c...
dprg.c(79): warning:  #111-D: statement is unreachable
dprg.c(87): warning:  #223-D: function "figureEight" declared implicitly
dprg.c(101): error:  #40: expected an identifier
dprg.c(101): error: At end of source:  #65: expected a ";"
Target not created
Load "C:\\Users\\Raz\\Documents\\DPRG\\dprg\\dprg.AXF" 
_____^
*** error 56: cant open file
Load "C:\\Users\\Raz\\Documents\\DPRG\\dprg\\dprg.AXF" 
_____^
*** error 56: cant open file
Build target 'Target 1'
compiling linefollow.c...
compiling TableTop.c...
compiling squaredance.c...
compiling motorPID.c...
compiling sonar.c...
compiling uartstdio.c...
assembling Startup.s...
compiling dprg.c...
dprg.c(79): warning:  #111-D: statement is unreachable
dprg.c(87): warning:  #223-D: function "figureEight" declared implicitly
dprg.c(101): error:  #40: expected an identifier
dprg.c(101): error: At end of source:  #65: expected a ";"
Target not created
Build target 'Target 1'
compiling linefollow.c...
compiling TableTop.c...
compiling squaredance.c...
compiling motorPID.c...
compiling sonar.c...
compiling uartstdio.c...
assembling Startup.s...
compiling dprg.c...
dprg.c(79): warning:  #111-D: statement is unreachable
dprg.c(87): warning:  #223-D: function "figureEight" declared implicitly
linking...
Program Size: Code=5444 RO-data=236 RW-data=36 ZI-data=300  
"dprg.axf" - 0 Error(s), 2 Warning(s).
Load "C:\\Users\\Raz\\Documents\\DPRG\\dprg\\dprg.AXF" 
Warning: OSC to JTAG clock ratio violation - JTAG clock has been automatically adjusted to comply.
Connecting: Mode=JTAG, Speed=600000Hz
Erase Done.
Programming Done.
Verify OK.
Build target 'Target 1'
compiling linefollow.c...
linefollow.c(74): warning:  #223-D: function "PrintLS" declared implicitly
compiling TableTop.c...
compiling squaredance.c...
compiling motorPID.c...
compiling sonar.c...
compiling uartstdio.c...
assembling Startup.s...
compiling dprg.c...
dprg.c(79): warning:  #111-D: statement is unreachable
dprg.c(87): warning:  #223-D: function "figureEight" declared implicitly
linking...
dprg.axf: Error: L6218E: Undefined symbol PrintLS (referred from linefollow.o).
Target not created
Build target 'Target 1'
compiling linefollow.c...
linefollow.c(74): error:  #20: identifier "i" is undefined
linefollow.c(74): warning:  #223-D: function "UARTputc" declared implicitly
compiling TableTop.c...
compiling squaredance.c...
compiling motorPID.c...
compiling sonar.c...
compiling uartstdio.c...
assembling Startup.s...
compiling dprg.c...
dprg.c(79): warning:  #111-D: statement is unreachable
dprg.c(87): warning:  #223-D: function "figureEight" declared implicitly
Target not created
Load "C:\\Users\\Raz\\Documents\\DPRG\\dprg\\dprg.AXF" 
_____^
*** error 56: cant open file
Load "C:\\Users\\Raz\\Documents\\DPRG\\dprg\\dprg.AXF" 
_____^
*** error 56: cant open file
Build target 'Target 1'
compiling linefollow.c...
linefollow.c(74): error:  #20: identifier "i" is undefined
linefollow.c(74): warning:  #223-D: function "UARTputc" declared implicitly
compiling TableTop.c...
compiling squaredance.c...
compiling motorPID.c...
compiling sonar.c...
compiling uartstdio.c...
assembling Startup.s...
compiling dprg.c...
dprg.c(79): warning:  #111-D: statement is unreachable
dprg.c(87): warning:  #223-D: function "figureEight" declared implicitly
Target not created
Build target 'Target 1'
compiling linefollow.c...
linefollow.c(75): warning:  #223-D: function "UARTputc" declared implicitly
compiling TableTop.c...
compiling squaredance.c...
compiling motorPID.c...
compiling sonar.c...
compiling uartstdio.c...
assembling Startup.s...
compiling dprg.c...
dprg.c(79): warning:  #111-D: statement is unreachable
dprg.c(87): warning:  #223-D: function "figureEight" declared implicitly
linking...
dprg.axf: Error: L6218E: Undefined symbol UARTputc (referred from linefollow.o).
Target not created
Build target 'Target 1'
compiling linefollow.c...
compiling TableTop.c...
compiling squaredance.c...
compiling motorPID.c...
compiling sonar.c...
compiling uartstdio.c...
assembling Startup.s...
compiling dprg.c...
dprg.c(79): warning:  #111-D: statement is unreachable
dprg.c(87): warning:  #223-D: function "figureEight" declared implicitly
linking...
Program Size: Code=5484 RO-data=236 RW-data=36 ZI-data=300  
"dprg.axf" - 0 Error(s), 2 Warning(s).
Build target 'Target 1'
compiling linefollow.c...
compiling TableTop.c...
compiling squaredance.c...
compiling motorPID.c...
compiling sonar.c...
compiling uartstdio.c...
assembling Startup.s...
compiling dprg.c...
dprg.c(79): warning:  #111-D: statement is unreachable
dprg.c(87): warning:  #223-D: function "figureEight" declared implicitly
linking...
Program Size: Code=5484 RO-data=236 RW-data=36 ZI-data=300  
"dprg.axf" - 0 Error(s), 2 Warning(s).
Load "C:\\Users\\Raz\\Documents\\DPRG\\dprg\\dprg.AXF" 
Warning: OSC to JTAG clock ratio violation - JTAG clock has been automatically adjusted to comply.
Connecting: Mode=JTAG, Speed=600000Hz
Erase Done.
Programming Done.
Verify OK.
Build target 'Target 1'
compiling linefollow.c...
compiling TableTop.c...
compiling squaredance.c...
compiling motorPID.c...
compiling sonar.c...
compiling uartstdio.c...
assembling Startup.s...
compiling dprg.c...
dprg.c(79): warning:  #111-D: statement is unreachable
dprg.c(87): warning:  #223-D: function "figureEight" declared implicitly
linking...
Program Size: Code=5496 RO-data=236 RW-data=36 ZI-data=300  
"dprg.axf" - 0 Error(s), 2 Warning(s).
Load "C:\\Users\\Raz\\Documents\\DPRG\\dprg\\dprg.AXF" 
Warning: OSC to JTAG clock ratio violation - JTAG clock has been automatically adjusted to comply.
Connecting: Mode=JTAG, Speed=600000Hz
Erase Done.
Programming Done.
Verify OK.
