ARM Linker, 4.1 [Build 481] [Evaluation]

==============================================================================

Section Cross References

    uartdemo.o(.text) refers to sysctl.o(i.SysCtlPeripheralEnable) for SysCtlPeripheralEnable
    uartdemo.o(.text) refers to gpio.o(i.GPIOPinTypeUART) for GPIOPinTypeUART
    uartdemo.o(.text) refers to uartstdio.o(.text) for UARTStdioInit
    uartdemo.o(.text) refers to uart.o(i.UARTCharsAvail) for UARTCharsAvail
    motordemo.o(.text) refers to motor.obj(.text:InitializeMotors) for InitializeMotors
    motordemo.o(.text) refers to uartstdio.o(.text) for UARTprintf
    motordemo.o(.text) refers to uartdemo.o(.text) for getc
    motordemo.o(.text) refers to motor.obj(.text:SetMotorPowers) for SetMotorPowers
    servodemo.o(.text) refers to servo.obj(.text:InitializeServos) for InitializeServos
    servodemo.o(.text) refers to uartstdio.o(.text) for UARTprintf
    servodemo.o(.text) refers to uartdemo.o(.text) for getc
    servodemo.o(.text) refers to servo.obj(.text:SetServoPosition) for SetServoPosition
    linesensordemo.o(.text) refers to linesensor.obj(.text:InitializeLineSensor) for InitializeLineSensor
    linesensordemo.o(.text) refers to uartstdio.o(.text) for UARTprintf
    linesensordemo.o(.text) refers to linesensor.obj(.text:ReadLineSensor) for ReadLineSensor
    linesensordemo.o(.text) refers to uartdemo.o(.text) for keyWasPressed
    irsensordemo.o(.text) refers to sysctl.o(i.SysCtlPeripheralEnable) for SysCtlPeripheralEnable
    irsensordemo.o(.text) refers to adc.o(i.ADCSequenceConfigure) for ADCSequenceConfigure
    irsensordemo.o(.text) refers to adc.o(i.ADCSequenceStepConfigure) for ADCSequenceStepConfigure
    irsensordemo.o(.text) refers to adc.o(i.ADCSequenceEnable) for ADCSequenceEnable
    irsensordemo.o(.text) refers to adc.o(i.ADCProcessorTrigger) for ADCProcessorTrigger
    irsensordemo.o(.text) refers to adc.o(i.ADCIntStatus) for ADCIntStatus
    irsensordemo.o(.text) refers to adc.o(i.ADCSequenceDataGet) for ADCSequenceDataGet
    irsensordemo.o(.text) refers to uartstdio.o(.text) for UARTprintf
    irsensordemo.o(.text) refers to uartdemo.o(.text) for keyWasPressed
    encoderdemo.o(.text) refers to encoder.obj(.text:InitializeEncoders) for InitializeEncoders
    encoderdemo.o(.text) refers to uartstdio.o(.text) for UARTprintf
    encoderdemo.o(.text) refers to encoder.obj(.text:PresetEncoderCounts) for PresetEncoderCounts
    encoderdemo.o(.text) refers to encoder.obj(.text:GetEncoderCount) for GetEncoderCount
    encoderdemo.o(.text) refers to encoder.obj(.text:GetEncoderCounts) for GetEncoderCounts
    encoderdemo.o(.text) refers to uartdemo.o(.text) for keyWasPressed
    uartstdio.o(.text) refers to sysctl.o(i.SysCtlPeripheralPresent) for SysCtlPeripheralPresent
    uartstdio.o(.text) refers to sysctl.o(i.SysCtlPeripheralEnable) for SysCtlPeripheralEnable
    uartstdio.o(.text) refers to sysctl.o(i.SysCtlClockGet) for SysCtlClockGet
    uartstdio.o(.text) refers to uart.o(i.UARTConfigSetExpClk) for UARTConfigSetExpClk
    uartstdio.o(.text) refers to uart.o(i.UARTEnable) for UARTEnable
    uartstdio.o(.text) refers to uart.o(i.UARTCharPut) for UARTCharPut
    uartstdio.o(.text) refers to uart.o(i.UARTCharGet) for UARTCharGet
    uartstdio.o(.text) refers to uartstdio.o(.constdata) for g_ulUARTPeriph
    uartstdio.o(.text) refers to uartstdio.o(.data) for g_ulBase
    uartstdio.o(.constdata) refers to uartstdio.o(.conststring) for .conststring
    startup.o(RESET) refers to startup.o(STACK) for StackMem
    startup.o(RESET) refers to encoder.obj(.text:EncoderInterruptHandler) for EncoderInterruptHandler
    startup.o(RESET) refers to linesensor.obj(.text:LSIntHandler) for LSIntHandler
    startup.o(RESET) refers to entry.o(.ARM.Collect$$$$00000000) for __main
    dprg.o(.text) refers to init.obj(.text:LockoutProtection) for LockoutProtection
    dprg.o(.text) refers to init.obj(.text:InitializeMCU) for InitializeMCU
    dprg.o(.text) refers to uartdemo.o(.text) for initUART
    dprg.o(.text) refers to uartstdio.o(.text) for UARTprintf
    dprg.o(.text) refers to motordemo.o(.text) for initMotors
    dprg.o(.text) refers to servodemo.o(.text) for initServo
    dprg.o(.text) refers to linesensordemo.o(.text) for initLineSensor
    dprg.o(.text) refers to irsensordemo.o(.text) for initIRSensor
    dprg.o(.text) refers to encoderdemo.o(.text) for initEncoders
    servo.obj(.text:SetServoPosition) refers to pwm.o(i.PWMPulseWidthSet) for PWMPulseWidthSet
    servo.obj(.text:SetServoPosition) refers to servo.obj(.bss) for us600
    servo.obj(.text:InitializeServos) refers to sysctl.o(i.SysCtlPeripheralEnable) for SysCtlPeripheralEnable
    servo.obj(.text:InitializeServos) refers to gpio.o(i.GPIOPinTypePWM) for GPIOPinTypePWM
    servo.obj(.text:InitializeServos) refers to pwm.o(i.PWMGenConfigure) for PWMGenConfigure
    servo.obj(.text:InitializeServos) refers to pwm.o(i.PWMGenPeriodSet) for PWMGenPeriodSet
    servo.obj(.text:InitializeServos) refers to pwm.o(i.PWMOutputState) for PWMOutputState
    servo.obj(.text:InitializeServos) refers to pwm.o(i.PWMGenEnable) for PWMGenEnable
    servo.obj(.text:InitializeServos) refers to servo.obj(.text:SetServoPosition) for SetServoPosition
    servo.obj(.text:InitializeServos) refers to init.obj(.bss) for g_ulPWMTicksPerSecond
    servo.obj(.text:InitializeServos) refers to servo.obj(.bss) for us600
    motor.obj(.text:SetMotorPower) refers to pwm.o(i.PWMPulseWidthSet) for PWMPulseWidthSet
    motor.obj(.text:SetMotorPowers) refers to motor.obj(.text:SetMotorPower) for SetMotorPower
    motor.obj(.text:InitializeMotors) refers to sysctl.o(i.SysCtlPeripheralEnable) for SysCtlPeripheralEnable
    motor.obj(.text:InitializeMotors) refers to gpio.o(i.GPIOPinTypePWM) for GPIOPinTypePWM
    motor.obj(.text:InitializeMotors) refers to gpio.o(i.GPIOPinTypeGPIOOutput) for GPIOPinTypeGPIOOutput
    motor.obj(.text:InitializeMotors) refers to pwm.o(i.PWMGenConfigure) for PWMGenConfigure
    motor.obj(.text:InitializeMotors) refers to pwm.o(i.PWMGenPeriodSet) for PWMGenPeriodSet
    motor.obj(.text:InitializeMotors) refers to pwm.o(i.PWMOutputInvert) for PWMOutputInvert
    motor.obj(.text:InitializeMotors) refers to pwm.o(i.PWMOutputState) for PWMOutputState
    motor.obj(.text:InitializeMotors) refers to pwm.o(i.PWMGenEnable) for PWMGenEnable
    motor.obj(.text:InitializeMotors) refers to motor.obj(.text:SetMotorPowers) for SetMotorPowers
    motor.obj(.text:InitializeMotors) refers to gpio.o(i.GPIOPinWrite) for GPIOPinWrite
    motor.obj(.text:InitializeMotors) refers to motor.obj(.bss) for s_ulMotorPeriod
    linesensor.obj(.text:StartDischargingLS) refers to gpio.o(i.GPIOPinTypeGPIOInput) for GPIOPinTypeGPIOInput
    linesensor.obj(.text:StartChargingLS) refers to gpio.o(i.GPIOPinTypeGPIOOutput) for GPIOPinTypeGPIOOutput
    linesensor.obj(.text:StartChargingLS) refers to gpio.o(i.GPIOPinWrite) for GPIOPinWrite
    linesensor.obj(.text:SetDischargeTime) refers to linesensor.obj(.bss) for ls_dischargeTime
    linesensor.obj(.text:ReadLineSensorAsync) refers to linesensor.obj(.bss) for last_ls
    linesensor.obj(.text:ReadLS) refers to gpio.o(i.GPIOPinRead) for GPIOPinRead
    linesensor.obj(.text:ReadLineSensor) refers to linesensor.obj(.text:StartChargingLS) for StartChargingLS
    linesensor.obj(.text:ReadLineSensor) refers to timer.obj(.text:WaitUS) for WaitUS
    linesensor.obj(.text:ReadLineSensor) refers to linesensor.obj(.text:StartDischargingLS) for StartDischargingLS
    linesensor.obj(.text:ReadLineSensor) refers to linesensor.obj(.text:ReadLS) for ReadLS
    linesensor.obj(.text:ReadLineSensor) refers to linesensor.obj(.bss) for ls_dischargeTime
    linesensor.obj(.text:LSIntHandler) refers to timer.o(i.TimerIntClear) for TimerIntClear
    linesensor.obj(.text:LSIntHandler) refers to linesensor.obj(.text:StartDischargingLS) for StartDischargingLS
    linesensor.obj(.text:LSIntHandler) refers to linesensor.obj(.text:ReadLS) for ReadLS
    linesensor.obj(.text:LSIntHandler) refers to linesensor.obj(.text:StartChargingLS) for StartChargingLS
    linesensor.obj(.text:LSIntHandler) refers to timer.o(i.TimerLoadSet) for TimerLoadSet
    linesensor.obj(.text:LSIntHandler) refers to linesensor.obj(.data) for readyToRead$1
    linesensor.obj(.text:LSIntHandler) refers to init.obj(.bss) for g_ulTicksPerUs
    linesensor.obj(.text:LSIntHandler) refers to linesensor.obj(.bss) for ls_dischargeTime
    linesensor.obj(.text:InitializeLineSensor) refers to sysctl.o(i.SysCtlPeripheralEnable) for SysCtlPeripheralEnable
    linesensor.obj(.text:InitializeLineSensor) refers to gpio.o(i.GPIOPinTypeGPIOInput) for GPIOPinTypeGPIOInput
    linesensor.obj(.text:InitializeLineSensor) refers to linesensor.obj(.bss) for ls_dischargeTime
    linesensor.obj(.text:InitializeLineSensorAsync) refers to linesensor.obj(.text:InitializeLineSensor) for InitializeLineSensor
    linesensor.obj(.text:InitializeLineSensorAsync) refers to sysctl.o(i.SysCtlPeripheralEnable) for SysCtlPeripheralEnable
    linesensor.obj(.text:InitializeLineSensorAsync) refers to interrupt.o(i.IntMasterEnable) for IntMasterEnable
    linesensor.obj(.text:InitializeLineSensorAsync) refers to interrupt.o(i.IntEnable) for IntEnable
    linesensor.obj(.text:InitializeLineSensorAsync) refers to timer.o(i.TimerConfigure) for TimerConfigure
    linesensor.obj(.text:InitializeLineSensorAsync) refers to linesensor.obj(.text:LSIntHandler) for LSIntHandler
    linesensor.obj(.text:InitializeLineSensorAsync) refers to timer.o(i.TimerIntEnable) for TimerIntEnable
    linesensor.obj(.text:InitializeLineSensorAsync) refers to timer.o(i.TimerEnable) for TimerEnable
    init.obj(.text:LockoutProtection) refers to sysctl.o(i.SysCtlPeripheralEnable) for SysCtlPeripheralEnable
    init.obj(.text:LockoutProtection) refers to gpio.o(i.GPIOPinTypeGPIOInput) for GPIOPinTypeGPIOInput
    init.obj(.text:LockoutProtection) refers to gpio.o(i.GPIOPinRead) for GPIOPinRead
    init.obj(.text:InitializeMCU) refers to sysctl.o(i.SysCtlClockSet) for SysCtlClockSet
    init.obj(.text:InitializeMCU) refers to sysctl.o(i.SysCtlPWMClockSet) for SysCtlPWMClockSet
    init.obj(.text:InitializeMCU) refers to sysctl.o(i.SysCtlClockGet) for SysCtlClockGet
    init.obj(.text:InitializeMCU) refers to interrupt.o(i.IntMasterEnable) for IntMasterEnable
    init.obj(.text:InitializeMCU) refers to init.obj(.bss) for g_ulTicksPerSecond
    encoder.obj(.text:PresetEncoderCounts) refers to encoder.obj(.data) for enc0
    encoder.obj(.text:PresetEncoderCount) refers to encoder.obj(.data) for enc1
    encoder.obj(.text:InitializeEncoders) refers to sysctl.o(i.SysCtlPeripheralEnable) for SysCtlPeripheralEnable
    encoder.obj(.text:InitializeEncoders) refers to gpio.o(i.GPIOPinTypeGPIOInput) for GPIOPinTypeGPIOInput
    encoder.obj(.text:InitializeEncoders) refers to interrupt.o(i.IntEnable) for IntEnable
    encoder.obj(.text:InitializeEncoders) refers to gpio.o(i.GPIOIntTypeSet) for GPIOIntTypeSet
    encoder.obj(.text:InitializeEncoders) refers to gpio.o(i.GPIOPinIntEnable) for GPIOPinIntEnable
    encoder.obj(.text:InitializeEncoders) refers to encoder.obj(.bss) for dir0
    encoder.obj(.text:GetEncoderCounts) refers to encoder.obj(.data) for enc0
    encoder.obj(.text:GetEncoderCount) refers to encoder.obj(.data) for enc0
    encoder.obj(.text:EncoderInterruptHandler) refers to gpio.o(i.GPIOPinIntStatus) for GPIOPinIntStatus
    encoder.obj(.text:EncoderInterruptHandler) refers to gpio.o(i.GPIOPinIntClear) for GPIOPinIntClear
    encoder.obj(.text:EncoderInterruptHandler) refers to gpio.o(i.GPIOPinRead) for GPIOPinRead
    encoder.obj(.text:EncoderInterruptHandler) refers to encoder.obj(.bss) for dir0
    encoder.obj(.text:EncoderInterruptHandler) refers to encoder.obj(.data) for enc0
    adc.o(i.ADCIntRegister) refers to interrupt.o(i.IntRegister) for IntRegister
    adc.o(i.ADCIntRegister) refers to interrupt.o(i.IntEnable) for IntEnable
    adc.o(i.ADCIntUnregister) refers to interrupt.o(i.IntDisable) for IntDisable
    adc.o(i.ADCIntUnregister) refers to interrupt.o(i.IntUnregister) for IntUnregister
    adc.o(i.ADCSoftwareOversampleConfigure) refers to adc.o(.data) for .data
    adc.o(i.ADCSoftwareOversampleDataGet) refers to adc.o(.data) for .data
    adc.o(i.ADCSoftwareOversampleStepConfigure) refers to adc.o(.data) for .data
    gpio.o(i.GPIOPinConfigure) refers to gpio.o(.constdata) for .constdata
    gpio.o(i.GPIOPinTypeADC) refers to gpio.o(i.GPIODirModeSet) for GPIODirModeSet
    gpio.o(i.GPIOPinTypeADC) refers to gpio.o(i.GPIOPadConfigSet) for GPIOPadConfigSet
    gpio.o(i.GPIOPinTypeCAN) refers to gpio.o(i.GPIODirModeSet) for GPIODirModeSet
    gpio.o(i.GPIOPinTypeCAN) refers to gpio.o(i.GPIOPadConfigSet) for GPIOPadConfigSet
    gpio.o(i.GPIOPinTypeComparator) refers to gpio.o(i.GPIODirModeSet) for GPIODirModeSet
    gpio.o(i.GPIOPinTypeComparator) refers to gpio.o(i.GPIOPadConfigSet) for GPIOPadConfigSet
    gpio.o(i.GPIOPinTypeEPI) refers to gpio.o(i.GPIODirModeSet) for GPIODirModeSet
    gpio.o(i.GPIOPinTypeEPI) refers to gpio.o(i.GPIOPadConfigSet) for GPIOPadConfigSet
    gpio.o(i.GPIOPinTypeEthernetLED) refers to gpio.o(i.GPIODirModeSet) for GPIODirModeSet
    gpio.o(i.GPIOPinTypeEthernetLED) refers to gpio.o(i.GPIOPadConfigSet) for GPIOPadConfigSet
    gpio.o(i.GPIOPinTypeGPIOInput) refers to gpio.o(i.GPIODirModeSet) for GPIODirModeSet
    gpio.o(i.GPIOPinTypeGPIOInput) refers to gpio.o(i.GPIOPadConfigSet) for GPIOPadConfigSet
    gpio.o(i.GPIOPinTypeGPIOOutput) refers to gpio.o(i.GPIODirModeSet) for GPIODirModeSet
    gpio.o(i.GPIOPinTypeGPIOOutput) refers to gpio.o(i.GPIOPadConfigSet) for GPIOPadConfigSet
    gpio.o(i.GPIOPinTypeGPIOOutputOD) refers to gpio.o(i.GPIODirModeSet) for GPIODirModeSet
    gpio.o(i.GPIOPinTypeGPIOOutputOD) refers to gpio.o(i.GPIOPadConfigSet) for GPIOPadConfigSet
    gpio.o(i.GPIOPinTypeI2C) refers to gpio.o(i.GPIODirModeSet) for GPIODirModeSet
    gpio.o(i.GPIOPinTypeI2C) refers to gpio.o(i.GPIOPadConfigSet) for GPIOPadConfigSet
    gpio.o(i.GPIOPinTypeI2S) refers to gpio.o(i.GPIODirModeSet) for GPIODirModeSet
    gpio.o(i.GPIOPinTypeI2S) refers to gpio.o(i.GPIOPadConfigSet) for GPIOPadConfigSet
    gpio.o(i.GPIOPinTypePWM) refers to gpio.o(i.GPIODirModeSet) for GPIODirModeSet
    gpio.o(i.GPIOPinTypePWM) refers to gpio.o(i.GPIOPadConfigSet) for GPIOPadConfigSet
    gpio.o(i.GPIOPinTypeQEI) refers to gpio.o(i.GPIODirModeSet) for GPIODirModeSet
    gpio.o(i.GPIOPinTypeQEI) refers to gpio.o(i.GPIOPadConfigSet) for GPIOPadConfigSet
    gpio.o(i.GPIOPinTypeSSI) refers to gpio.o(i.GPIODirModeSet) for GPIODirModeSet
    gpio.o(i.GPIOPinTypeSSI) refers to gpio.o(i.GPIOPadConfigSet) for GPIOPadConfigSet
    gpio.o(i.GPIOPinTypeTimer) refers to gpio.o(i.GPIODirModeSet) for GPIODirModeSet
    gpio.o(i.GPIOPinTypeTimer) refers to gpio.o(i.GPIOPadConfigSet) for GPIOPadConfigSet
    gpio.o(i.GPIOPinTypeUART) refers to gpio.o(i.GPIODirModeSet) for GPIODirModeSet
    gpio.o(i.GPIOPinTypeUART) refers to gpio.o(i.GPIOPadConfigSet) for GPIOPadConfigSet
    gpio.o(i.GPIOPinTypeUSBAnalog) refers to gpio.o(i.GPIODirModeSet) for GPIODirModeSet
    gpio.o(i.GPIOPinTypeUSBAnalog) refers to gpio.o(i.GPIOPadConfigSet) for GPIOPadConfigSet
    gpio.o(i.GPIOPinTypeUSBDigital) refers to gpio.o(i.GPIODirModeSet) for GPIODirModeSet
    gpio.o(i.GPIOPinTypeUSBDigital) refers to gpio.o(i.GPIOPadConfigSet) for GPIOPadConfigSet
    gpio.o(i.GPIOPortIntRegister) refers to gpio.o(i.GPIOGetIntNumber) for GPIOGetIntNumber
    gpio.o(i.GPIOPortIntRegister) refers to interrupt.o(i.IntRegister) for IntRegister
    gpio.o(i.GPIOPortIntRegister) refers to interrupt.o(i.IntEnable) for IntEnable
    gpio.o(i.GPIOPortIntUnregister) refers to gpio.o(i.GPIOGetIntNumber) for GPIOGetIntNumber
    gpio.o(i.GPIOPortIntUnregister) refers to interrupt.o(i.IntDisable) for IntDisable
    gpio.o(i.GPIOPortIntUnregister) refers to interrupt.o(i.IntUnregister) for IntUnregister
    sysctl.o(i.SysCtlClockGet) refers to sysctl.o(.constdata) for .constdata
    sysctl.o(i.SysCtlClockSet) refers to sysctl.o(.emb_text) for SysCtlDelay
    sysctl.o(i.SysCtlDeepSleep) refers to cpu.o(.emb_text) for CPUwfi
    sysctl.o(i.SysCtlI2SMClkSet) refers to sysctl.o(.constdata) for .constdata
    sysctl.o(i.SysCtlIntRegister) refers to interrupt.o(i.IntRegister) for IntRegister
    sysctl.o(i.SysCtlIntRegister) refers to interrupt.o(i.IntEnable) for IntEnable
    sysctl.o(i.SysCtlIntUnregister) refers to interrupt.o(i.IntDisable) for IntDisable
    sysctl.o(i.SysCtlIntUnregister) refers to interrupt.o(i.IntUnregister) for IntUnregister
    sysctl.o(i.SysCtlPeripheralDeepSleepDisable) refers to sysctl.o(.constdata) for .constdata
    sysctl.o(i.SysCtlPeripheralDeepSleepEnable) refers to sysctl.o(.constdata) for .constdata
    sysctl.o(i.SysCtlPeripheralDisable) refers to sysctl.o(.constdata) for .constdata
    sysctl.o(i.SysCtlPeripheralEnable) refers to sysctl.o(.constdata) for .constdata
    sysctl.o(i.SysCtlPeripheralPresent) refers to sysctl.o(.constdata) for .constdata
    sysctl.o(i.SysCtlPeripheralReset) refers to sysctl.o(.constdata) for .constdata
    sysctl.o(i.SysCtlPeripheralSleepDisable) refers to sysctl.o(.constdata) for .constdata
    sysctl.o(i.SysCtlPeripheralSleepEnable) refers to sysctl.o(.constdata) for .constdata
    sysctl.o(i.SysCtlSleep) refers to cpu.o(.emb_text) for CPUwfi
    uart.o(i.UARTIntRegister) refers to interrupt.o(i.IntRegister) for IntRegister
    uart.o(i.UARTIntRegister) refers to interrupt.o(i.IntEnable) for IntEnable
    uart.o(i.UARTIntUnregister) refers to interrupt.o(i.IntDisable) for IntDisable
    uart.o(i.UARTIntUnregister) refers to interrupt.o(i.IntUnregister) for IntUnregister
    timer.obj(.text:WaitUS) refers to sysctl.o(i.SysCtlPeripheralEnable) for SysCtlPeripheralEnable
    timer.obj(.text:WaitUS) refers to timer.o(i.TimerConfigure) for TimerConfigure
    timer.obj(.text:WaitUS) refers to timer.o(i.TimerLoadSet) for TimerLoadSet
    timer.obj(.text:WaitUS) refers to timer.o(i.TimerEnable) for TimerEnable
    timer.obj(.text:WaitUS) refers to timer.o(i.TimerValueGet) for TimerValueGet
    timer.obj(.text:WaitUS) refers to timer.o(i.TimerDisable) for TimerDisable
    timer.obj(.text:WaitUS) refers to timer.obj(.data) for isTimerInitialized$1
    timer.obj(.text:WaitUS) refers to init.obj(.bss) for g_ulTicksPerUs
    timer.obj(.text:Wait) refers to timer.obj(.text:WaitUS) for WaitUS
    interrupt.o(i.IntMasterDisable) refers to cpu.o(.emb_text) for CPUcpsid
    interrupt.o(i.IntMasterEnable) refers to cpu.o(.emb_text) for CPUcpsie
    interrupt.o(i.IntPriorityGet) refers to interrupt.o(.constdata) for .constdata
    interrupt.o(i.IntPriorityGroupingGet) refers to interrupt.o(.constdata) for .constdata
    interrupt.o(i.IntPriorityGroupingSet) refers to interrupt.o(.constdata) for .constdata
    interrupt.o(i.IntPrioritySet) refers to interrupt.o(.constdata) for .constdata
    interrupt.o(i.IntRegister) refers to interrupt.o(vtable) for vtable
    interrupt.o(i.IntUnregister) refers to interrupt.o(i.IntDefaultHandler) for IntDefaultHandler
    interrupt.o(i.IntUnregister) refers to interrupt.o(vtable) for vtable
    pwm.o(i.PWMFaultIntRegister) refers to interrupt.o(i.IntRegister) for IntRegister
    pwm.o(i.PWMFaultIntRegister) refers to interrupt.o(i.IntEnable) for IntEnable
    pwm.o(i.PWMFaultIntUnregister) refers to interrupt.o(i.IntDisable) for IntDisable
    pwm.o(i.PWMFaultIntUnregister) refers to interrupt.o(i.IntUnregister) for IntUnregister
    pwm.o(i.PWMGenIntRegister) refers to interrupt.o(i.IntRegister) for IntRegister
    pwm.o(i.PWMGenIntRegister) refers to interrupt.o(i.IntEnable) for IntEnable
    pwm.o(i.PWMGenIntUnregister) refers to interrupt.o(i.IntDisable) for IntDisable
    pwm.o(i.PWMGenIntUnregister) refers to interrupt.o(i.IntUnregister) for IntUnregister
    timer.o(i.TimerIntRegister) refers to interrupt.o(i.IntRegister) for IntRegister
    timer.o(i.TimerIntRegister) refers to interrupt.o(i.IntEnable) for IntEnable
    timer.o(i.TimerIntUnregister) refers to interrupt.o(i.IntDisable) for IntDisable
    timer.o(i.TimerIntUnregister) refers to interrupt.o(i.IntUnregister) for IntUnregister
    timer.o(i.TimerQuiesce) refers to interrupt.o(i.IntDisable) for IntDisable
    timer.o(i.TimerQuiesce) refers to interrupt.o(i.IntUnregister) for IntUnregister
    entry.o(.ARM.Collect$$$$00000000) refers (Special) to entry7.o(.ARM.Collect$$$$00000007) for _main_init
    entry.o(.ARM.Collect$$$$00000000) refers (Special) to entry5.o(.ARM.Collect$$$$00000004) for _main_scatterload
    entry.o(.ARM.Collect$$$$00000000) refers (Special) to entry2.o(.ARM.Collect$$$$00000001) for _main_stk
    entry2.o(.ARM.Collect$$$$00000001) refers to entry2.o(.ARM.Collect$$$$00002712) for __lit__00000000
    entry2.o(.ARM.Collect$$$$00002712) refers to startup.o(STACK) for __initial_sp
    entry2.o(__vectab_stack_and_reset_area) refers to startup.o(STACK) for __initial_sp
    entry2.o(__vectab_stack_and_reset_area) refers to entry.o(.ARM.Collect$$$$00000000) for __main
    entry5.o(.ARM.Collect$$$$00000004) refers to init.o(.text) for __scatterload
    entry7.o(.ARM.Collect$$$$00000007) refers to dprg.o(.text) for main
    init.o(.text) refers to entry5.o(.ARM.Collect$$$$00000004) for __main_after_scatterload


==============================================================================

Removing Unused input sections from the image.

    Removing startup.o(HEAP), (0 bytes).
    Removing startup.o(.text), (0 bytes).
    Removing servo.obj(.text), (0 bytes).
    Removing motor.obj(.text), (0 bytes).
    Removing linesensor.obj(.text), (0 bytes).
    Removing linesensor.obj(.const), (8 bytes).
    Removing linesensor.obj(.text:SetDischargeTime), (24 bytes).
    Removing linesensor.obj(.text:ReadLineSensorAsync), (12 bytes).
    Removing linesensor.obj(.text:InitializeLineSensorAsync), (64 bytes).
    Removing init.obj(.text), (0 bytes).
    Removing encoder.obj(.text), (0 bytes).
    Removing encoder.obj(.text:PresetEncoderCount), (28 bytes).
    Removing adc.o(i.ADCComparatorConfigure), (10 bytes).
    Removing adc.o(i.ADCComparatorIntClear), (4 bytes).
    Removing adc.o(i.ADCComparatorIntDisable), (18 bytes).
    Removing adc.o(i.ADCComparatorIntEnable), (16 bytes).
    Removing adc.o(i.ADCComparatorIntStatus), (4 bytes).
    Removing adc.o(i.ADCComparatorRegionSet), (14 bytes).
    Removing adc.o(i.ADCComparatorReset), (40 bytes).
    Removing adc.o(i.ADCHardwareOversampleConfigure), (14 bytes).
    Removing adc.o(i.ADCIntClear), (10 bytes).
    Removing adc.o(i.ADCIntDisable), (16 bytes).
    Removing adc.o(i.ADCIntEnable), (16 bytes).
    Removing adc.o(i.ADCIntRegister), (38 bytes).
    Removing adc.o(i.ADCIntUnregister), (36 bytes).
    Removing adc.o(i.ADCPhaseDelayGet), (4 bytes).
    Removing adc.o(i.ADCPhaseDelaySet), (4 bytes).
    Removing adc.o(i.ADCReferenceGet), (8 bytes).
    Removing adc.o(i.ADCReferenceSet), (12 bytes).
    Removing adc.o(i.ADCSequenceDisable), (16 bytes).
    Removing adc.o(i.ADCSequenceOverflow), (12 bytes).
    Removing adc.o(i.ADCSequenceOverflowClear), (10 bytes).
    Removing adc.o(i.ADCSequenceUnderflow), (12 bytes).
    Removing adc.o(i.ADCSequenceUnderflowClear), (10 bytes).
    Removing adc.o(i.ADCSoftwareOversampleConfigure), (24 bytes).
    Removing adc.o(i.ADCSoftwareOversampleDataGet), (72 bytes).
    Removing adc.o(i.ADCSoftwareOversampleStepConfigure), (112 bytes).
    Removing adc.o(.data), (3 bytes).
    Removing gpio.o(i.GPIODirModeGet), (34 bytes).
    Removing gpio.o(i.GPIOGetIntNumber), (156 bytes).
    Removing gpio.o(i.GPIOIntTypeGet), (48 bytes).
    Removing gpio.o(i.GPIOPadConfigGet), (140 bytes).
    Removing gpio.o(i.GPIOPinConfigure), (72 bytes).
    Removing gpio.o(i.GPIOPinIntDisable), (14 bytes).
    Removing gpio.o(i.GPIOPinTypeADC), (28 bytes).
    Removing gpio.o(i.GPIOPinTypeCAN), (28 bytes).
    Removing gpio.o(i.GPIOPinTypeComparator), (28 bytes).
    Removing gpio.o(i.GPIOPinTypeEPI), (28 bytes).
    Removing gpio.o(i.GPIOPinTypeEthernetLED), (28 bytes).
    Removing gpio.o(i.GPIOPinTypeGPIOOutputOD), (28 bytes).
    Removing gpio.o(i.GPIOPinTypeI2C), (28 bytes).
    Removing gpio.o(i.GPIOPinTypeI2S), (28 bytes).
    Removing gpio.o(i.GPIOPinTypeQEI), (28 bytes).
    Removing gpio.o(i.GPIOPinTypeSSI), (28 bytes).
    Removing gpio.o(i.GPIOPinTypeTimer), (28 bytes).
    Removing gpio.o(i.GPIOPinTypeUSBAnalog), (28 bytes).
    Removing gpio.o(i.GPIOPinTypeUSBDigital), (28 bytes).
    Removing gpio.o(i.GPIOPortIntRegister), (26 bytes).
    Removing gpio.o(i.GPIOPortIntUnregister), (22 bytes).
    Removing gpio.o(.constdata), (72 bytes).
    Removing sysctl.o(i.SysCtlADCSpeedGet), (16 bytes).
    Removing sysctl.o(i.SysCtlADCSpeedSet), (32 bytes).
    Removing sysctl.o(i.SysCtlBrownOutConfigSet), (16 bytes).
    Removing sysctl.o(i.SysCtlClkVerificationClear), (20 bytes).
    Removing sysctl.o(i.SysCtlDeepSleep), (32 bytes).
    Removing sysctl.o(i.SysCtlFlashSizeGet), (20 bytes).
    Removing sysctl.o(i.SysCtlGPIOAHBDisable), (20 bytes).
    Removing sysctl.o(i.SysCtlGPIOAHBEnable), (16 bytes).
    Removing sysctl.o(i.SysCtlI2SMClkSet), (216 bytes).
    Removing sysctl.o(i.SysCtlIOSCVerificationSet), (24 bytes).
    Removing sysctl.o(i.SysCtlIntClear), (12 bytes).
    Removing sysctl.o(i.SysCtlIntDisable), (16 bytes).
    Removing sysctl.o(i.SysCtlIntEnable), (16 bytes).
    Removing sysctl.o(i.SysCtlIntRegister), (20 bytes).
    Removing sysctl.o(i.SysCtlIntStatus), (16 bytes).
    Removing sysctl.o(i.SysCtlIntUnregister), (18 bytes).
    Removing sysctl.o(i.SysCtlLDOConfigSet), (12 bytes).
    Removing sysctl.o(i.SysCtlLDOGet), (12 bytes).
    Removing sysctl.o(i.SysCtlLDOSet), (12 bytes).
    Removing sysctl.o(i.SysCtlMOSCVerificationSet), (24 bytes).
    Removing sysctl.o(i.SysCtlPLLVerificationSet), (24 bytes).
    Removing sysctl.o(i.SysCtlPWMClockGet), (24 bytes).
    Removing sysctl.o(i.SysCtlPeripheralClockGating), (24 bytes).
    Removing sysctl.o(i.SysCtlPeripheralDeepSleepDisable), (32 bytes).
    Removing sysctl.o(i.SysCtlPeripheralDeepSleepEnable), (32 bytes).
    Removing sysctl.o(i.SysCtlPeripheralDisable), (32 bytes).
    Removing sysctl.o(i.SysCtlPeripheralReset), (56 bytes).
    Removing sysctl.o(i.SysCtlPeripheralSleepDisable), (32 bytes).
    Removing sysctl.o(i.SysCtlPeripheralSleepEnable), (32 bytes).
    Removing sysctl.o(i.SysCtlPinPresent), (16 bytes).
    Removing sysctl.o(i.SysCtlReset), (16 bytes).
    Removing sysctl.o(i.SysCtlResetCauseClear), (16 bytes).
    Removing sysctl.o(i.SysCtlResetCauseGet), (12 bytes).
    Removing sysctl.o(i.SysCtlSRAMSizeGet), (20 bytes).
    Removing sysctl.o(i.SysCtlSleep), (4 bytes).
    Removing sysctl.o(i.SysCtlUSBPLLDisable), (16 bytes).
    Removing sysctl.o(i.SysCtlUSBPLLEnable), (16 bytes).
    Removing uart.o(i.UARTBreakCtl), (18 bytes).
    Removing uart.o(i.UARTBusy), (8 bytes).
    Removing uart.o(i.UARTCharGetNonBlocking), (16 bytes).
    Removing uart.o(i.UARTCharPutNonBlocking), (18 bytes).
    Removing uart.o(i.UARTConfigGetExpClk), (46 bytes).
    Removing uart.o(i.UARTDMADisable), (10 bytes).
    Removing uart.o(i.UARTDMAEnable), (8 bytes).
    Removing uart.o(i.UARTDisable), (30 bytes).
    Removing uart.o(i.UARTDisableSIR), (10 bytes).
    Removing uart.o(i.UARTEnableSIR), (18 bytes).
    Removing uart.o(i.UARTFIFODisable), (10 bytes).
    Removing uart.o(i.UARTFIFOEnable), (10 bytes).
    Removing uart.o(i.UARTFIFOLevelGet), (16 bytes).
    Removing uart.o(i.UARTFIFOLevelSet), (6 bytes).
    Removing uart.o(i.UARTFlowControlGet), (8 bytes).
    Removing uart.o(i.UARTFlowControlSet), (12 bytes).
    Removing uart.o(i.UARTIntClear), (4 bytes).
    Removing uart.o(i.UARTIntDisable), (10 bytes).
    Removing uart.o(i.UARTIntEnable), (8 bytes).
    Removing uart.o(i.UARTIntRegister), (46 bytes).
    Removing uart.o(i.UARTIntStatus), (10 bytes).
    Removing uart.o(i.UARTIntUnregister), (46 bytes).
    Removing uart.o(i.UARTModemControlClear), (14 bytes).
    Removing uart.o(i.UARTModemControlGet), (8 bytes).
    Removing uart.o(i.UARTModemControlSet), (12 bytes).
    Removing uart.o(i.UARTModemStatusGet), (10 bytes).
    Removing uart.o(i.UARTParityModeGet), (8 bytes).
    Removing uart.o(i.UARTParityModeSet), (12 bytes).
    Removing uart.o(i.UARTRxErrorClear), (6 bytes).
    Removing uart.o(i.UARTRxErrorGet), (8 bytes).
    Removing uart.o(i.UARTSmartCardDisable), (10 bytes).
    Removing uart.o(i.UARTSmartCardEnable), (22 bytes).
    Removing uart.o(i.UARTSpaceAvail), (10 bytes).
    Removing uart.o(i.UARTTxIntModeGet), (8 bytes).
    Removing uart.o(i.UARTTxIntModeSet), (12 bytes).
    Removing timer.obj(.text), (0 bytes).
    Removing timer.obj(.text:Wait), (12 bytes).
    Removing interrupt.o(i.IntDefaultHandler), (2 bytes).
    Removing interrupt.o(i.IntDisable), (104 bytes).
    Removing interrupt.o(i.IntMasterDisable), (10 bytes).
    Removing interrupt.o(i.IntPendClear), (72 bytes).
    Removing interrupt.o(i.IntPendSet), (90 bytes).
    Removing interrupt.o(i.IntPriorityGet), (28 bytes).
    Removing interrupt.o(i.IntPriorityGroupingGet), (40 bytes).
    Removing interrupt.o(i.IntPriorityGroupingSet), (28 bytes).
    Removing interrupt.o(i.IntPrioritySet), (40 bytes).
    Removing interrupt.o(i.IntRegister), (56 bytes).
    Removing interrupt.o(i.IntUnregister), (20 bytes).
    Removing interrupt.o(.constdata), (104 bytes).
    Removing interrupt.o(vtable), (284 bytes).
    Removing pwm.o(i.PWMDeadBandDisable), (12 bytes).
    Removing pwm.o(i.PWMDeadBandEnable), (16 bytes).
    Removing pwm.o(i.PWMFaultIntClear), (8 bytes).
    Removing pwm.o(i.PWMFaultIntClearExt), (4 bytes).
    Removing pwm.o(i.PWMFaultIntRegister), (18 bytes).
    Removing pwm.o(i.PWMFaultIntUnregister), (18 bytes).
    Removing pwm.o(i.PWMGenDisable), (10 bytes).
    Removing pwm.o(i.PWMGenFaultClear), (18 bytes).
    Removing pwm.o(i.PWMGenFaultConfigure), (18 bytes).
    Removing pwm.o(i.PWMGenFaultStatus), (18 bytes).
    Removing pwm.o(i.PWMGenFaultTriggerGet), (12 bytes).
    Removing pwm.o(i.PWMGenFaultTriggerSet), (12 bytes).
    Removing pwm.o(i.PWMGenIntClear), (6 bytes).
    Removing pwm.o(i.PWMGenIntRegister), (34 bytes).
    Removing pwm.o(i.PWMGenIntStatus), (12 bytes).
    Removing pwm.o(i.PWMGenIntTrigDisable), (10 bytes).
    Removing pwm.o(i.PWMGenIntTrigEnable), (10 bytes).
    Removing pwm.o(i.PWMGenIntUnregister), (32 bytes).
    Removing pwm.o(i.PWMGenPeriodGet), (18 bytes).
    Removing pwm.o(i.PWMIntDisable), (10 bytes).
    Removing pwm.o(i.PWMIntEnable), (8 bytes).
    Removing pwm.o(i.PWMIntStatus), (10 bytes).
    Removing pwm.o(i.PWMOutputFault), (16 bytes).
    Removing pwm.o(i.PWMOutputFaultLevel), (16 bytes).
    Removing pwm.o(i.PWMPulseWidthGet), (32 bytes).
    Removing pwm.o(i.PWMSyncTimeBase), (4 bytes).
    Removing pwm.o(i.PWMSyncUpdate), (4 bytes).
    Removing timer.o(i.TimerControlEvent), (24 bytes).
    Removing timer.o(i.TimerControlLevel), (22 bytes).
    Removing timer.o(i.TimerControlStall), (22 bytes).
    Removing timer.o(i.TimerControlTrigger), (22 bytes).
    Removing timer.o(i.TimerControlWaitOnTrigger), (48 bytes).
    Removing timer.o(i.TimerIntDisable), (10 bytes).
    Removing timer.o(i.TimerIntEnable), (8 bytes).
    Removing timer.o(i.TimerIntRegister), (94 bytes).
    Removing timer.o(i.TimerIntStatus), (10 bytes).
    Removing timer.o(i.TimerIntUnregister), (88 bytes).
    Removing timer.o(i.TimerLoadGet), (10 bytes).
    Removing timer.o(i.TimerMatchGet), (10 bytes).
    Removing timer.o(i.TimerMatchSet), (18 bytes).
    Removing timer.o(i.TimerPrescaleGet), (10 bytes).
    Removing timer.o(i.TimerPrescaleMatchGet), (10 bytes).
    Removing timer.o(i.TimerPrescaleMatchSet), (18 bytes).
    Removing timer.o(i.TimerPrescaleSet), (18 bytes).
    Removing timer.o(i.TimerQuiesce), (126 bytes).
    Removing timer.o(i.TimerRTCDisable), (10 bytes).
    Removing timer.o(i.TimerRTCEnable), (10 bytes).

194 unused section(s) (total 4965 bytes) removed from the image.

==============================================================================

Image Symbol Table

    Local Symbols

    Symbol Name                              Value     Ov Type        Size  Object(Section)

    RESET                                    0x00000000   Section      268  startup.o(RESET)
    ../../microlib/init/entry.s              0x00000000   Number         0  entry2.o ABSOLUTE
    ../../microlib/init/entry.s              0x00000000   Number         0  entry5.o ABSOLUTE
    ../../microlib/init/entry.s              0x00000000   Number         0  entry7.o ABSOLUTE
    ../../microlib/init/entry.s              0x00000000   Number         0  entry.o ABSOLUTE
    0431611                                  0x00000000   Number         0  motor.obj ABSOLUTE
    0444811                                  0x00000000   Number         0  servo.obj ABSOLUTE
    0464811                                  0x00000000   Number         0  timer.obj ABSOLUTE
    0523611                                  0x00000000   Number         0  linesensor.obj ABSOLUTE
    0598011                                  0x00000000   Number         0  encoder.obj ABSOLUTE
    0611211                                  0x00000000   Number         0  init.obj ABSOLUTE
    C:\working_dir\Robotathon2010\StellarisWare\utils\uartstdio.c 0x00000000   Number         0  uartstdio.o ABSOLUTE
    EncoderDemo.c                            0x00000000   Number         0  encoderdemo.o ABSOLUTE
    IRSensorDemo.c                           0x00000000   Number         0  irsensordemo.o ABSOLUTE
    LineSensorDemo.c                         0x00000000   Number         0  linesensordemo.o ABSOLUTE
    MotorDemo.c                              0x00000000   Number         0  motordemo.o ABSOLUTE
    ServoDemo.c                              0x00000000   Number         0  servodemo.o ABSOLUTE
    Startup.s                                0x00000000   Number         0  startup.o ABSOLUTE
    UARTDemo.c                               0x00000000   Number         0  uartdemo.o ABSOLUTE
    adc.c                                    0x00000000   Number         0  adc.o ABSOLUTE
    cpu.c                                    0x00000000   Number         0  cpu.o ABSOLUTE
    cpu.c                                    0x00000000   Number         0  cpu.o ABSOLUTE
    dc.s                                     0x00000000   Number         0  dc.o ABSOLUTE
    dprg.c                                   0x00000000   Number         0  dprg.o ABSOLUTE
    gpio.c                                   0x00000000   Number         0  gpio.o ABSOLUTE
    handlers.s                               0x00000000   Number         0  handlers.o ABSOLUTE
    init.s                                   0x00000000   Number         0  init.o ABSOLUTE
    interrupt.c                              0x00000000   Number         0  interrupt.o ABSOLUTE
    pwm.c                                    0x00000000   Number         0  pwm.o ABSOLUTE
    sysctl.c                                 0x00000000   Number         0  sysctl.o ABSOLUTE
    sysctl.c                                 0x00000000   Number         0  sysctl.o ABSOLUTE
    timer.c                                  0x00000000   Number         0  timer.o ABSOLUTE
    uart.c                                   0x00000000   Number         0  uart.o ABSOLUTE
    NmiSR                                    0x00000105   Thumb Code     0  startup.o(RESET)
    FaultISR                                 0x00000107   Thumb Code     0  startup.o(RESET)
    IntDefaultHandler                        0x00000109   Thumb Code     0  startup.o(RESET)
    .ARM.Collect$$$$00000000                 0x0000010c   Section        0  entry.o(.ARM.Collect$$$$00000000)
    .ARM.Collect$$$$00000001                 0x0000010c   Section        4  entry2.o(.ARM.Collect$$$$00000001)
    .ARM.Collect$$$$00000004                 0x00000110   Section        4  entry5.o(.ARM.Collect$$$$00000004)
    .ARM.Collect$$$$00000007                 0x00000114   Section        8  entry7.o(.ARM.Collect$$$$00000007)
    .ARM.Collect$$$$00002712                 0x0000011c   Section        4  entry2.o(.ARM.Collect$$$$00002712)
    __lit__00000000                          0x0000011c   Data           4  entry2.o(.ARM.Collect$$$$00002712)
    .emb_text                                0x00000120   Section        6  sysctl.o(.emb_text)
    .emb_text                                0x00000128   Section       26  cpu.o(.emb_text)
    .text                                    0x00000144   Section        0  uartdemo.o(.text)
    .text                                    0x00000214   Section        0  motordemo.o(.text)
    .text                                    0x000002f8   Section        0  servodemo.o(.text)
    .text                                    0x000003ec   Section        0  linesensordemo.o(.text)
    .text                                    0x000004a4   Section        0  irsensordemo.o(.text)
    .text                                    0x00000588   Section        0  encoderdemo.o(.text)
    .text                                    0x00000644   Section        0  uartstdio.o(.text)
    .text                                    0x000009cc   Section        0  dprg.o(.text)
    .text                                    0x00000b5c   Section       36  init.o(.text)
    .text:EncoderInterruptHandler            0x00000b80   Section      208  encoder.obj(.text:EncoderInterruptHandler)
    $C$L11                                   0x00000bd5   Thumb Code     0  encoder.obj(.text:EncoderInterruptHandler)
    $C$L12                                   0x00000bdf   Thumb Code     0  encoder.obj(.text:EncoderInterruptHandler)
    $C$L13                                   0x00000bef   Thumb Code     0  encoder.obj(.text:EncoderInterruptHandler)
    $C$L14                                   0x00000bfb   Thumb Code     0  encoder.obj(.text:EncoderInterruptHandler)
    $C$L15                                   0x00000c0d   Thumb Code     0  encoder.obj(.text:EncoderInterruptHandler)
    $C$L16                                   0x00000c1b   Thumb Code     0  encoder.obj(.text:EncoderInterruptHandler)
    $C$L17                                   0x00000c25   Thumb Code     0  encoder.obj(.text:EncoderInterruptHandler)
    $C$L18                                   0x00000c2d   Thumb Code     0  encoder.obj(.text:EncoderInterruptHandler)
    $C$L19                                   0x00000c33   Thumb Code     0  encoder.obj(.text:EncoderInterruptHandler)
    $C$CON15                                 0x00000c38   Data           0  encoder.obj(.text:EncoderInterruptHandler)
    $C$CON16                                 0x00000c3c   Data           0  encoder.obj(.text:EncoderInterruptHandler)
    $C$CON17                                 0x00000c40   Data           0  encoder.obj(.text:EncoderInterruptHandler)
    $C$CON18                                 0x00000c44   Data           0  encoder.obj(.text:EncoderInterruptHandler)
    $C$CON19                                 0x00000c48   Data           0  encoder.obj(.text:EncoderInterruptHandler)
    $C$CON20                                 0x00000c4c   Data           0  encoder.obj(.text:EncoderInterruptHandler)
    .text:GetEncoderCount                    0x00000c50   Section       36  encoder.obj(.text:GetEncoderCount)
    $C$L7                                    0x00000c5b   Thumb Code     0  encoder.obj(.text:GetEncoderCount)
    $C$L8                                    0x00000c61   Thumb Code     0  encoder.obj(.text:GetEncoderCount)
    $C$L9                                    0x00000c67   Thumb Code     0  encoder.obj(.text:GetEncoderCount)
    $C$L10                                   0x00000c69   Thumb Code     0  encoder.obj(.text:GetEncoderCount)
    $C$CON13                                 0x00000c6c   Data           0  encoder.obj(.text:GetEncoderCount)
    $C$CON14                                 0x00000c70   Data           0  encoder.obj(.text:GetEncoderCount)
    .text:GetEncoderCounts                   0x00000c74   Section       24  encoder.obj(.text:GetEncoderCounts)
    $C$CON11                                 0x00000c84   Data           0  encoder.obj(.text:GetEncoderCounts)
    $C$CON12                                 0x00000c88   Data           0  encoder.obj(.text:GetEncoderCounts)
    .text:InitializeEncoders                 0x00000c8c   Section      148  encoder.obj(.text:InitializeEncoders)
    $C$L3                                    0x00000cf3   Thumb Code     0  encoder.obj(.text:InitializeEncoders)
    $C$L4                                    0x00000cf9   Thumb Code     0  encoder.obj(.text:InitializeEncoders)
    $C$L5                                    0x00000d03   Thumb Code     0  encoder.obj(.text:InitializeEncoders)
    $C$L6                                    0x00000d09   Thumb Code     0  encoder.obj(.text:InitializeEncoders)
    $C$CON6                                  0x00000d0c   Data           0  encoder.obj(.text:InitializeEncoders)
    $C$CON7                                  0x00000d10   Data           0  encoder.obj(.text:InitializeEncoders)
    $C$CON8                                  0x00000d14   Data           0  encoder.obj(.text:InitializeEncoders)
    $C$CON9                                  0x00000d18   Data           0  encoder.obj(.text:InitializeEncoders)
    $C$CON10                                 0x00000d1c   Data           0  encoder.obj(.text:InitializeEncoders)
    .text:InitializeLineSensor               0x00000d20   Section       60  linesensor.obj(.text:InitializeLineSensor)
    $C$CON16                                 0x00000d4c   Data           0  linesensor.obj(.text:InitializeLineSensor)
    $C$CON17                                 0x00000d50   Data           0  linesensor.obj(.text:InitializeLineSensor)
    $C$CON18                                 0x00000d54   Data           0  linesensor.obj(.text:InitializeLineSensor)
    $C$CON19                                 0x00000d58   Data           0  linesensor.obj(.text:InitializeLineSensor)
    .text:InitializeMCU                      0x00000d5c   Section       68  init.obj(.text:InitializeMCU)
    $C$CON3                                  0x00000d8c   Data           0  init.obj(.text:InitializeMCU)
    $C$CON4                                  0x00000d90   Data           0  init.obj(.text:InitializeMCU)
    $C$CON5                                  0x00000d94   Data           0  init.obj(.text:InitializeMCU)
    $C$CON6                                  0x00000d98   Data           0  init.obj(.text:InitializeMCU)
    $C$CON7                                  0x00000d9c   Data           0  init.obj(.text:InitializeMCU)
    .text:InitializeMotors                   0x00000da0   Section      192  motor.obj(.text:InitializeMotors)
    $C$CON3                                  0x00000e48   Data           0  motor.obj(.text:InitializeMotors)
    $C$CON5                                  0x00000e4c   Data           0  motor.obj(.text:InitializeMotors)
    $C$CON6                                  0x00000e50   Data           0  motor.obj(.text:InitializeMotors)
    $C$CON7                                  0x00000e54   Data           0  motor.obj(.text:InitializeMotors)
    $C$CON8                                  0x00000e58   Data           0  motor.obj(.text:InitializeMotors)
    $C$CON9                                  0x00000e5c   Data           0  motor.obj(.text:InitializeMotors)
    .text:InitializeServos                   0x00000e60   Section      204  servo.obj(.text:InitializeServos)
    $C$CON5                                  0x00000f10   Data           0  servo.obj(.text:InitializeServos)
    $C$CON6                                  0x00000f14   Data           0  servo.obj(.text:InitializeServos)
    $C$CON7                                  0x00000f18   Data           0  servo.obj(.text:InitializeServos)
    $C$CON8                                  0x00000f1c   Data           0  servo.obj(.text:InitializeServos)
    $C$CON9                                  0x00000f20   Data           0  servo.obj(.text:InitializeServos)
    $C$CON10                                 0x00000f24   Data           0  servo.obj(.text:InitializeServos)
    $C$CON11                                 0x00000f28   Data           0  servo.obj(.text:InitializeServos)
    .text:LSIntHandler                       0x00000f2c   Section      100  linesensor.obj(.text:LSIntHandler)
    $C$L2                                    0x00000f4f   Thumb Code     0  linesensor.obj(.text:LSIntHandler)
    $C$L3                                    0x00000f63   Thumb Code     0  linesensor.obj(.text:LSIntHandler)
    $C$L4                                    0x00000f77   Thumb Code     0  linesensor.obj(.text:LSIntHandler)
    $C$CON10                                 0x00000f7c   Data           0  linesensor.obj(.text:LSIntHandler)
    $C$CON11                                 0x00000f80   Data           0  linesensor.obj(.text:LSIntHandler)
    $C$CON12                                 0x00000f84   Data           0  linesensor.obj(.text:LSIntHandler)
    $C$CON13                                 0x00000f88   Data           0  linesensor.obj(.text:LSIntHandler)
    $C$CON14                                 0x00000f8c   Data           0  linesensor.obj(.text:LSIntHandler)
    .text:LockoutProtection                  0x00000f90   Section       40  init.obj(.text:LockoutProtection)
    $C$DW$L$LockoutProtection$4$B            0x00000fad   Thumb Code     0  init.obj(.text:LockoutProtection)
    $C$L1                                    0x00000fad   Thumb Code     0  init.obj(.text:LockoutProtection)
    $C$DW$L$LockoutProtection$4$E            0x00000faf   Thumb Code     0  init.obj(.text:LockoutProtection)
    $C$L2                                    0x00000faf   Thumb Code     0  init.obj(.text:LockoutProtection)
    $C$CON1                                  0x00000fb0   Data           0  init.obj(.text:LockoutProtection)
    $C$CON2                                  0x00000fb4   Data           0  init.obj(.text:LockoutProtection)
    .text:PresetEncoderCounts                0x00000fb8   Section       20  encoder.obj(.text:PresetEncoderCounts)
    $C$CON1                                  0x00000fc4   Data           0  encoder.obj(.text:PresetEncoderCounts)
    $C$CON2                                  0x00000fc8   Data           0  encoder.obj(.text:PresetEncoderCounts)
    .text:ReadLS                             0x00000fcc   Section       40  linesensor.obj(.text:ReadLS)
    $C$CON7                                  0x00000fec   Data           0  linesensor.obj(.text:ReadLS)
    $C$CON8                                  0x00000ff0   Data           0  linesensor.obj(.text:ReadLS)
    .text:ReadLineSensor                     0x00000ff4   Section       36  linesensor.obj(.text:ReadLineSensor)
    $C$CON9                                  0x00001014   Data           0  linesensor.obj(.text:ReadLineSensor)
    .text:SetMotorPower                      0x00001018   Section       20  motor.obj(.text:SetMotorPower)
    $C$CON1                                  0x00001028   Data           0  motor.obj(.text:SetMotorPower)
    .text:SetMotorPowers                     0x0000102c   Section       22  motor.obj(.text:SetMotorPowers)
    .text:SetServoPosition                   0x00001044   Section       40  servo.obj(.text:SetServoPosition)
    $C$CON1                                  0x00001060   Data           0  servo.obj(.text:SetServoPosition)
    $C$CON2                                  0x00001064   Data           0  servo.obj(.text:SetServoPosition)
    $C$CON3                                  0x00001068   Data           0  servo.obj(.text:SetServoPosition)
    .text:StartChargingLS                    0x0000106c   Section       52  linesensor.obj(.text:StartChargingLS)
    $C$CON3                                  0x00001098   Data           0  linesensor.obj(.text:StartChargingLS)
    $C$CON4                                  0x0000109c   Data           0  linesensor.obj(.text:StartChargingLS)
    .text:StartDischargingLS                 0x000010a0   Section       28  linesensor.obj(.text:StartDischargingLS)
    $C$CON1                                  0x000010b4   Data           0  linesensor.obj(.text:StartDischargingLS)
    $C$CON2                                  0x000010b8   Data           0  linesensor.obj(.text:StartDischargingLS)
    .text:WaitUS                             0x000010bc   Section       96  timer.obj(.text:WaitUS)
    $C$L1                                    0x000010db   Thumb Code     0  timer.obj(.text:WaitUS)
    $C$DW$L$WaitUS$7$B                       0x000010f3   Thumb Code     0  timer.obj(.text:WaitUS)
    $C$L2                                    0x000010f3   Thumb Code     0  timer.obj(.text:WaitUS)
    $C$DW$L$WaitUS$7$E                       0x000010fb   Thumb Code     0  timer.obj(.text:WaitUS)
    $C$DW$L$WaitUS$8$B                       0x000010fb   Thumb Code     0  timer.obj(.text:WaitUS)
    $C$DW$L$WaitUS$8$E                       0x000010ff   Thumb Code     0  timer.obj(.text:WaitUS)
    $C$CON1                                  0x0000110c   Data           0  timer.obj(.text:WaitUS)
    $C$CON2                                  0x00001110   Data           0  timer.obj(.text:WaitUS)
    $C$CON3                                  0x00001114   Data           0  timer.obj(.text:WaitUS)
    $C$CON4                                  0x00001118   Data           0  timer.obj(.text:WaitUS)
    i.ADCIntStatus                           0x0000111c   Section        0  adc.o(i.ADCIntStatus)
    i.ADCProcessorTrigger                    0x00001150   Section        0  adc.o(i.ADCProcessorTrigger)
    i.ADCSequenceConfigure                   0x0000116a   Section        0  adc.o(i.ADCSequenceConfigure)
    i.ADCSequenceDataGet                     0x0000119c   Section        0  adc.o(i.ADCSequenceDataGet)
    i.ADCSequenceEnable                      0x000011c0   Section        0  adc.o(i.ADCSequenceEnable)
    i.ADCSequenceStepConfigure               0x000011ce   Section        0  adc.o(i.ADCSequenceStepConfigure)
    i.GPIODirModeSet                         0x0000123c   Section        0  gpio.o(i.GPIODirModeSet)
    i.GPIOIntTypeSet                         0x00001264   Section        0  gpio.o(i.GPIOIntTypeSet)
    i.GPIOPadConfigSet                       0x0000129e   Section        0  gpio.o(i.GPIOPadConfigSet)
    i.GPIOPinIntClear                        0x0000134e   Section        0  gpio.o(i.GPIOPinIntClear)
    i.GPIOPinIntEnable                       0x00001354   Section        0  gpio.o(i.GPIOPinIntEnable)
    i.GPIOPinIntStatus                       0x00001360   Section        0  gpio.o(i.GPIOPinIntStatus)
    i.GPIOPinRead                            0x0000136e   Section        0  gpio.o(i.GPIOPinRead)
    i.GPIOPinTypeGPIOInput                   0x00001374   Section        0  gpio.o(i.GPIOPinTypeGPIOInput)
    i.GPIOPinTypeGPIOOutput                  0x00001390   Section        0  gpio.o(i.GPIOPinTypeGPIOOutput)
    i.GPIOPinTypePWM                         0x000013ac   Section        0  gpio.o(i.GPIOPinTypePWM)
    i.GPIOPinTypeUART                        0x000013c8   Section        0  gpio.o(i.GPIOPinTypeUART)
    i.GPIOPinWrite                           0x000013e4   Section        0  gpio.o(i.GPIOPinWrite)
    i.IntEnable                              0x000013ea   Section        0  interrupt.o(i.IntEnable)
    i.IntMasterEnable                        0x00001452   Section        0  interrupt.o(i.IntMasterEnable)
    i.PWMGenConfigure                        0x0000145c   Section        0  pwm.o(i.PWMGenConfigure)
    i.PWMGenEnable                           0x00001482   Section        0  pwm.o(i.PWMGenEnable)
    i.PWMGenPeriodSet                        0x0000148c   Section        0  pwm.o(i.PWMGenPeriodSet)
    i.PWMOutputInvert                        0x0000149e   Section        0  pwm.o(i.PWMOutputInvert)
    i.PWMOutputState                         0x000014ae   Section        0  pwm.o(i.PWMOutputState)
    i.PWMPulseWidthSet                       0x000014be   Section        0  pwm.o(i.PWMPulseWidthSet)
    i.SysCtlClockGet                         0x000014e0   Section        0  sysctl.o(i.SysCtlClockGet)
    i.SysCtlClockSet                         0x000016c4   Section        0  sysctl.o(i.SysCtlClockSet)
    i.SysCtlPWMClockSet                      0x000017fc   Section        0  sysctl.o(i.SysCtlPWMClockSet)
    i.SysCtlPeripheralEnable                 0x00001810   Section        0  sysctl.o(i.SysCtlPeripheralEnable)
    i.SysCtlPeripheralPresent                0x00001830   Section        0  sysctl.o(i.SysCtlPeripheralPresent)
    i.TimerConfigure                         0x00001870   Section        0  timer.o(i.TimerConfigure)
    i.TimerDisable                           0x0000188c   Section        0  timer.o(i.TimerDisable)
    i.TimerEnable                            0x0000189c   Section        0  timer.o(i.TimerEnable)
    i.TimerIntClear                          0x000018aa   Section        0  timer.o(i.TimerIntClear)
    i.TimerLoadSet                           0x000018ae   Section        0  timer.o(i.TimerLoadSet)
    i.TimerValueGet                          0x000018c0   Section        0  timer.o(i.TimerValueGet)
    i.UARTCharGet                            0x000018ca   Section        0  uart.o(i.UARTCharGet)
    i.UARTCharPut                            0x000018d6   Section        0  uart.o(i.UARTCharPut)
    i.UARTCharsAvail                         0x000018e2   Section        0  uart.o(i.UARTCharsAvail)
    i.UARTConfigSetExpClk                    0x000018ec   Section        0  uart.o(i.UARTConfigSetExpClk)
    i.UARTEnable                             0x0000195a   Section        0  uart.o(i.UARTEnable)
    i.__scatterload_copy                     0x0000196e   Section       14  handlers.o(i.__scatterload_copy)
    i.__scatterload_null                     0x0000197c   Section        2  handlers.o(i.__scatterload_null)
    i.__scatterload_zeroinit                 0x0000197e   Section       14  handlers.o(i.__scatterload_zeroinit)
    .constdata                               0x0000198c   Section       28  uartstdio.o(.constdata)
    g_pcHex                                  0x0000198c   Data           4  uartstdio.o(.constdata)
    g_ulUARTBase                             0x00001990   Data          12  uartstdio.o(.constdata)
    g_ulUARTPeriph                           0x0000199c   Data          12  uartstdio.o(.constdata)
    .constdata                               0x000019a8   Section      156  sysctl.o(.constdata)
    g_pulDCRegs                              0x000019a8   Data          16  sysctl.o(.constdata)
    g_pulSRCRRegs                            0x000019b8   Data          12  sysctl.o(.constdata)
    g_pulRCGCRegs                            0x000019c4   Data          12  sysctl.o(.constdata)
    g_pulSCGCRegs                            0x000019d0   Data          12  sysctl.o(.constdata)
    g_pulDCGCRegs                            0x000019dc   Data          12  sysctl.o(.constdata)
    g_pulXtals                               0x000019e8   Data          92  sysctl.o(.constdata)
    .conststring                             0x00001a44   Section       17  uartstdio.o(.conststring)
    .data                                    0x20000000   Section        5  uartstdio.o(.data)
    g_ulBase                                 0x20000000   Data           4  uartstdio.o(.data)
    bLastWasCR                               0x20000004   Data           1  uartstdio.o(.data)
    .data                                    0x20000008   Section        1  linesensor.obj(.data)
    readyToRead$1                            0x20000008   Data           0  linesensor.obj(.data)
    .data                                    0x2000000c   Section        8  encoder.obj(.data)
    enc0                                     0x2000000c   Data           0  encoder.obj(.data)
    enc1                                     0x20000010   Data           0  encoder.obj(.data)
    .data                                    0x20000014   Section        1  timer.obj(.data)
    isTimerInitialized$1                     0x20000014   Data           0  timer.obj(.data)
    .bss                                     0x20000018   Section        0  servo.obj(.bss)
    us600                                    0x20000018   Data           0  servo.obj(.bss)
    us2400                                   0x2000001c   Data           0  servo.obj(.bss)
    .bss                                     0x20000020   Section        0  motor.obj(.bss)
    s_ulMotorPeriod                          0x20000020   Data           0  motor.obj(.bss)
    .bss                                     0x20000024   Section        0  linesensor.obj(.bss)
    ls_dischargeTime                         0x20000024   Data           0  linesensor.obj(.bss)
    last_ls                                  0x20000028   Data           0  linesensor.obj(.bss)
    .bss                                     0x2000002c   Section        0  init.obj(.bss)
    .bss                                     0x20000038   Section        0  encoder.obj(.bss)
    dir0                                     0x20000038   Data           0  encoder.obj(.bss)
    dir1                                     0x2000003c   Data           0  encoder.obj(.bss)
    STACK                                    0x20000040   Section      256  startup.o(STACK)
    StackMem                                 0x20000040   Data           0  startup.o(STACK)

    Global Symbols

    Symbol Name                              Value     Ov Type        Size  Object(Section)

    BuildAttributes$$THM_ISAv4$P$D$K$B$S$PE$FZ_POSZERO$A:L22UL41UL21$X:L11$S22US41US21$IEEE1$IW$USESV6$~STKCKD$USESV7$~SHL$OTIME$EBA8$MICROLIB$REQ8$PRES8$EABIv2 0x00000000   Number         0  anon$$obj.o ABSOLUTE
    __ARM_use_no_argv                        0x00000000   Number         0  dprg.o ABSOLUTE
    __Vectors                                0x00000000   Data           0  startup.o(RESET)
    __decompress                              - Undefined Weak Reference
    Reset_Handler                            0x00000101   Thumb Code     0  startup.o(RESET)
    __main                                   0x0000010d   Thumb Code     0  entry.o(.ARM.Collect$$$$00000000)
    _main_stk                                0x0000010d   Thumb Code     0  entry2.o(.ARM.Collect$$$$00000001)
    _main_scatterload                        0x00000111   Thumb Code     0  entry5.o(.ARM.Collect$$$$00000004)
    __main_after_scatterload                 0x00000115   Thumb Code     0  entry5.o(.ARM.Collect$$$$00000004)
    _main_init                               0x00000115   Thumb Code     0  entry7.o(.ARM.Collect$$$$00000007)
    SysCtlDelay                              0x00000121   Thumb Code     6  sysctl.o(.emb_text)
    CPUcpsid                                 0x00000129   Thumb Code     8  cpu.o(.emb_text)
    CPUprimask                               0x00000131   Thumb Code     6  cpu.o(.emb_text)
    CPUcpsie                                 0x00000137   Thumb Code     8  cpu.o(.emb_text)
    CPUwfi                                   0x0000013f   Thumb Code     4  cpu.o(.emb_text)
    initUART                                 0x00000145   Thumb Code    26  uartdemo.o(.text)
    putc                                     0x0000015f   Thumb Code    14  uartdemo.o(.text)
    getc                                     0x0000016d   Thumb Code    12  uartdemo.o(.text)
    uartDemo                                 0x00000179   Thumb Code    62  uartdemo.o(.text)
    keyWasPressed                            0x000001b7   Thumb Code    18  uartdemo.o(.text)
    initMotors                               0x00000215   Thumb Code    12  motordemo.o(.text)
    motorDemo                                0x00000221   Thumb Code   132  motordemo.o(.text)
    initServo                                0x000002f9   Thumb Code     8  servodemo.o(.text)
    servoDemo                                0x00000301   Thumb Code   134  servodemo.o(.text)
    initLineSensor                           0x000003ed   Thumb Code     8  linesensordemo.o(.text)
    lineSensorDemo                           0x000003f5   Thumb Code    94  linesensordemo.o(.text)
    initIRSensor                             0x000004a5   Thumb Code    42  irsensordemo.o(.text)
    getADCValue                              0x000004cf   Thumb Code    44  irsensordemo.o(.text)
    IRSensorDemo                             0x000004fb   Thumb Code    48  irsensordemo.o(.text)
    initEncoders                             0x00000589   Thumb Code    12  encoderdemo.o(.text)
    encoderDemo                              0x00000595   Thumb Code    78  encoderdemo.o(.text)
    UARTStdioInitExpClk                      0x00000645   Thumb Code    72  uartstdio.o(.text)
    UARTStdioInit                            0x0000068d   Thumb Code    16  uartstdio.o(.text)
    UARTwrite                                0x0000069d   Thumb Code    46  uartstdio.o(.text)
    UARTgets                                 0x000006cb   Thumb Code   126  uartstdio.o(.text)
    UARTgetc                                 0x00000749   Thumb Code    14  uartstdio.o(.text)
    UARTprintf                               0x00000757   Thumb Code   590  uartstdio.o(.text)
    main                                     0x000009cd   Thumb Code   178  dprg.o(.text)
    __scatterload                            0x00000b5d   Thumb Code    28  init.o(.text)
    __scatterload_rt2                        0x00000b5d   Thumb Code     0  init.o(.text)
    EncoderInterruptHandler                  0x00000b81   Thumb Code     0  encoder.obj(.text:EncoderInterruptHandler)
    GetEncoderCount                          0x00000c51   Thumb Code     0  encoder.obj(.text:GetEncoderCount)
    GetEncoderCounts                         0x00000c75   Thumb Code     0  encoder.obj(.text:GetEncoderCounts)
    InitializeEncoders                       0x00000c8d   Thumb Code     0  encoder.obj(.text:InitializeEncoders)
    InitializeLineSensor                     0x00000d21   Thumb Code     0  linesensor.obj(.text:InitializeLineSensor)
    InitializeMCU                            0x00000d5d   Thumb Code     0  init.obj(.text:InitializeMCU)
    InitializeMotors                         0x00000da1   Thumb Code     0  motor.obj(.text:InitializeMotors)
    InitializeServos                         0x00000e61   Thumb Code     0  servo.obj(.text:InitializeServos)
    LSIntHandler                             0x00000f2d   Thumb Code     0  linesensor.obj(.text:LSIntHandler)
    LockoutProtection                        0x00000f91   Thumb Code     0  init.obj(.text:LockoutProtection)
    PresetEncoderCounts                      0x00000fb9   Thumb Code     0  encoder.obj(.text:PresetEncoderCounts)
    ReadLS                                   0x00000fcd   Thumb Code     0  linesensor.obj(.text:ReadLS)
    ReadLineSensor                           0x00000ff5   Thumb Code     0  linesensor.obj(.text:ReadLineSensor)
    SetMotorPower                            0x00001019   Thumb Code     0  motor.obj(.text:SetMotorPower)
    SetMotorPowers                           0x0000102d   Thumb Code     0  motor.obj(.text:SetMotorPowers)
    SetServoPosition                         0x00001045   Thumb Code     0  servo.obj(.text:SetServoPosition)
    StartChargingLS                          0x0000106d   Thumb Code     0  linesensor.obj(.text:StartChargingLS)
    StartDischargingLS                       0x000010a1   Thumb Code     0  linesensor.obj(.text:StartDischargingLS)
    WaitUS                                   0x000010bd   Thumb Code     0  timer.obj(.text:WaitUS)
    ADCIntStatus                             0x0000111d   Thumb Code    52  adc.o(i.ADCIntStatus)
    ADCProcessorTrigger                      0x00001151   Thumb Code    26  adc.o(i.ADCProcessorTrigger)
    ADCSequenceConfigure                     0x0000116b   Thumb Code    50  adc.o(i.ADCSequenceConfigure)
    ADCSequenceDataGet                       0x0000119d   Thumb Code    36  adc.o(i.ADCSequenceDataGet)
    ADCSequenceEnable                        0x000011c1   Thumb Code    14  adc.o(i.ADCSequenceEnable)
    ADCSequenceStepConfigure                 0x000011cf   Thumb Code   110  adc.o(i.ADCSequenceStepConfigure)
    GPIODirModeSet                           0x0000123d   Thumb Code    40  gpio.o(i.GPIODirModeSet)
    GPIOIntTypeSet                           0x00001265   Thumb Code    58  gpio.o(i.GPIOIntTypeSet)
    GPIOPadConfigSet                         0x0000129f   Thumb Code   176  gpio.o(i.GPIOPadConfigSet)
    GPIOPinIntClear                          0x0000134f   Thumb Code     6  gpio.o(i.GPIOPinIntClear)
    GPIOPinIntEnable                         0x00001355   Thumb Code    12  gpio.o(i.GPIOPinIntEnable)
    GPIOPinIntStatus                         0x00001361   Thumb Code    14  gpio.o(i.GPIOPinIntStatus)
    GPIOPinRead                              0x0000136f   Thumb Code     6  gpio.o(i.GPIOPinRead)
    GPIOPinTypeGPIOInput                     0x00001375   Thumb Code    28  gpio.o(i.GPIOPinTypeGPIOInput)
    GPIOPinTypeGPIOOutput                    0x00001391   Thumb Code    28  gpio.o(i.GPIOPinTypeGPIOOutput)
    GPIOPinTypePWM                           0x000013ad   Thumb Code    28  gpio.o(i.GPIOPinTypePWM)
    GPIOPinTypeUART                          0x000013c9   Thumb Code    28  gpio.o(i.GPIOPinTypeUART)
    GPIOPinWrite                             0x000013e5   Thumb Code     6  gpio.o(i.GPIOPinWrite)
    IntEnable                                0x000013eb   Thumb Code   104  interrupt.o(i.IntEnable)
    IntMasterEnable                          0x00001453   Thumb Code    10  interrupt.o(i.IntMasterEnable)
    PWMGenConfigure                          0x0000145d   Thumb Code    38  pwm.o(i.PWMGenConfigure)
    PWMGenEnable                             0x00001483   Thumb Code    10  pwm.o(i.PWMGenEnable)
    PWMGenPeriodSet                          0x0000148d   Thumb Code    18  pwm.o(i.PWMGenPeriodSet)
    PWMOutputInvert                          0x0000149f   Thumb Code    16  pwm.o(i.PWMOutputInvert)
    PWMOutputState                           0x000014af   Thumb Code    16  pwm.o(i.PWMOutputState)
    PWMPulseWidthSet                         0x000014bf   Thumb Code    32  pwm.o(i.PWMPulseWidthSet)
    SysCtlClockGet                           0x000014e1   Thumb Code   438  sysctl.o(i.SysCtlClockGet)
    SysCtlClockSet                           0x000016c5   Thumb Code   288  sysctl.o(i.SysCtlClockSet)
    SysCtlPWMClockSet                        0x000017fd   Thumb Code    14  sysctl.o(i.SysCtlPWMClockSet)
    SysCtlPeripheralEnable                   0x00001811   Thumb Code    26  sysctl.o(i.SysCtlPeripheralEnable)
    SysCtlPeripheralPresent                  0x00001831   Thumb Code    50  sysctl.o(i.SysCtlPeripheralPresent)
    TimerConfigure                           0x00001871   Thumb Code    28  timer.o(i.TimerConfigure)
    TimerDisable                             0x0000188d   Thumb Code    16  timer.o(i.TimerDisable)
    TimerEnable                              0x0000189d   Thumb Code    14  timer.o(i.TimerEnable)
    TimerIntClear                            0x000018ab   Thumb Code     4  timer.o(i.TimerIntClear)
    TimerLoadSet                             0x000018af   Thumb Code    18  timer.o(i.TimerLoadSet)
    TimerValueGet                            0x000018c1   Thumb Code    10  timer.o(i.TimerValueGet)
    UARTCharGet                              0x000018cb   Thumb Code    12  uart.o(i.UARTCharGet)
    UARTCharPut                              0x000018d7   Thumb Code    12  uart.o(i.UARTCharPut)
    UARTCharsAvail                           0x000018e3   Thumb Code    10  uart.o(i.UARTCharsAvail)
    UARTConfigSetExpClk                      0x000018ed   Thumb Code   110  uart.o(i.UARTConfigSetExpClk)
    UARTEnable                               0x0000195b   Thumb Code    20  uart.o(i.UARTEnable)
    __scatterload_copy                       0x0000196f   Thumb Code    14  handlers.o(i.__scatterload_copy)
    __scatterload_null                       0x0000197d   Thumb Code     2  handlers.o(i.__scatterload_null)
    __scatterload_zeroinit                   0x0000197f   Thumb Code    14  handlers.o(i.__scatterload_zeroinit)
    Region$$Table$$Base                      0x00001a58   Number         0  anon$$obj.o(Region$$Table)
    Region$$Table$$Limit                     0x00001a78   Number         0  anon$$obj.o(Region$$Table)
    g_ulTicksPerSecond                       0x2000002c   Data           0  init.obj(.bss)
    g_ulTicksPerUs                           0x20000030   Data           0  init.obj(.bss)
    g_ulPWMTicksPerSecond                    0x20000034   Data           0  init.obj(.bss)
    __initial_sp                             0x20000140   Data           0  startup.o(STACK)



==============================================================================

Memory Map of the image

  Image Entry point : 0x00000101

  Load Region LR_1 (Base: 0x00000000, Size: 0x00001a90, Max: 0xffffffff, ABSOLUTE)

    Execution Region ER_RO (Base: 0x00000000, Size: 0x00001a78, Max: 0xffffffff, ABSOLUTE)

    Base Addr    Size         Type   Attr      Idx    E Section Name        Object

    0x00000000   0x0000010c   Code   RO          159  * RESET               startup.o
    0x0000010c   0x00000000   Code   RO         1832  * .ARM.Collect$$$$00000000  mc_w.l(entry.o)(mc_w.l)
    0x0000010c   0x00000004   Code   RO         1835    .ARM.Collect$$$$00000001  mc_w.l(entry2.o)(mc_w.l)
    0x00000110   0x00000004   Code   RO         1838    .ARM.Collect$$$$00000004  mc_w.l(entry5.o)(mc_w.l)
    0x00000114   0x00000008   Code   RO         1839    .ARM.Collect$$$$00000007  mc_w.l(entry7.o)(mc_w.l)
    0x0000011c   0x00000004   Code   RO         1836    .ARM.Collect$$$$00002712  mc_w.l(entry2.o)(mc_w.l)
    0x00000120   0x00000006   Code   RO          814    .emb_text           driverlib.lib(sysctl.o)(driverlib.lib)
    0x00000126   0x00000002   PAD
    0x00000128   0x0000001a   Code   RO         1358    .emb_text           driverlib.lib(cpu.o)(driverlib.lib)
    0x00000142   0x00000002   PAD
    0x00000144   0x000000d0   Code   RO            1    .text               uartdemo.o
    0x00000214   0x000000e4   Code   RO           33    .text               motordemo.o
    0x000002f8   0x000000f4   Code   RO           51    .text               servodemo.o
    0x000003ec   0x000000b8   Code   RO           66    .text               linesensordemo.o
    0x000004a4   0x000000e4   Code   RO           96    .text               irsensordemo.o
    0x00000588   0x000000bc   Code   RO          111    .text               encoderdemo.o
    0x00000644   0x00000388   Code   RO          126    .text               uartstdio.o
    0x000009cc   0x00000190   Code   RO          166    .text               dprg.o
    0x00000b5c   0x00000024   Code   RO         1840    .text               mc_w.l(init.o)(mc_w.l)
    0x00000b80   0x000000d0   Code   RO          343    .text:EncoderInterruptHandler  raslib.lib(encoder.obj)(raslib.lib)
    0x00000c50   0x00000024   Code   RO          342    .text:GetEncoderCount  raslib.lib(encoder.obj)(raslib.lib)
    0x00000c74   0x00000018   Code   RO          341    .text:GetEncoderCounts  raslib.lib(encoder.obj)(raslib.lib)
    0x00000c8c   0x00000094   Code   RO          340    .text:InitializeEncoders  raslib.lib(encoder.obj)(raslib.lib)
    0x00000d20   0x0000003c   Code   RO          258    .text:InitializeLineSensor  raslib.lib(linesensor.obj)(raslib.lib)
    0x00000d5c   0x00000044   Code   RO          316    .text:InitializeMCU  raslib.lib(init.obj)(raslib.lib)
    0x00000da0   0x000000c0   Code   RO          220    .text:InitializeMotors  raslib.lib(motor.obj)(raslib.lib)
    0x00000e60   0x000000cc   Code   RO          185    .text:InitializeServos  raslib.lib(servo.obj)(raslib.lib)
    0x00000f2c   0x00000064   Code   RO          257    .text:LSIntHandler  raslib.lib(linesensor.obj)(raslib.lib)
    0x00000f90   0x00000028   Code   RO          315    .text:LockoutProtection  raslib.lib(init.obj)(raslib.lib)
    0x00000fb8   0x00000014   Code   RO          338    .text:PresetEncoderCounts  raslib.lib(encoder.obj)(raslib.lib)
    0x00000fcc   0x00000028   Code   RO          255    .text:ReadLS        raslib.lib(linesensor.obj)(raslib.lib)
    0x00000ff4   0x00000024   Code   RO          256    .text:ReadLineSensor  raslib.lib(linesensor.obj)(raslib.lib)
    0x00001018   0x00000014   Code   RO          218    .text:SetMotorPower  raslib.lib(motor.obj)(raslib.lib)
    0x0000102c   0x00000016   Code   RO          219    .text:SetMotorPowers  raslib.lib(motor.obj)(raslib.lib)
    0x00001042   0x00000002   PAD
    0x00001044   0x00000028   Code   RO          184    .text:SetServoPosition  raslib.lib(servo.obj)(raslib.lib)
    0x0000106c   0x00000034   Code   RO          252    .text:StartChargingLS  raslib.lib(linesensor.obj)(raslib.lib)
    0x000010a0   0x0000001c   Code   RO          251    .text:StartDischargingLS  raslib.lib(linesensor.obj)(raslib.lib)
    0x000010bc   0x00000060   Code   RO         1341    .text:WaitUS        raslib.lib(timer.obj)(raslib.lib)
    0x0000111c   0x00000034   Code   RO          397    i.ADCIntStatus      driverlib.lib(adc.o)(driverlib.lib)
    0x00001150   0x0000001a   Code   RO          401    i.ADCProcessorTrigger  driverlib.lib(adc.o)(driverlib.lib)
    0x0000116a   0x00000032   Code   RO          404    i.ADCSequenceConfigure  driverlib.lib(adc.o)(driverlib.lib)
    0x0000119c   0x00000024   Code   RO          405    i.ADCSequenceDataGet  driverlib.lib(adc.o)(driverlib.lib)
    0x000011c0   0x0000000e   Code   RO          407    i.ADCSequenceEnable  driverlib.lib(adc.o)(driverlib.lib)
    0x000011ce   0x0000006e   Code   RO          410    i.ADCSequenceStepConfigure  driverlib.lib(adc.o)(driverlib.lib)
    0x0000123c   0x00000028   Code   RO          601    i.GPIODirModeSet    driverlib.lib(gpio.o)(driverlib.lib)
    0x00001264   0x0000003a   Code   RO          604    i.GPIOIntTypeSet    driverlib.lib(gpio.o)(driverlib.lib)
    0x0000129e   0x000000b0   Code   RO          606    i.GPIOPadConfigSet  driverlib.lib(gpio.o)(driverlib.lib)
    0x0000134e   0x00000006   Code   RO          608    i.GPIOPinIntClear   driverlib.lib(gpio.o)(driverlib.lib)
    0x00001354   0x0000000c   Code   RO          610    i.GPIOPinIntEnable  driverlib.lib(gpio.o)(driverlib.lib)
    0x00001360   0x0000000e   Code   RO          611    i.GPIOPinIntStatus  driverlib.lib(gpio.o)(driverlib.lib)
    0x0000136e   0x00000006   Code   RO          612    i.GPIOPinRead       driverlib.lib(gpio.o)(driverlib.lib)
    0x00001374   0x0000001c   Code   RO          618    i.GPIOPinTypeGPIOInput  driverlib.lib(gpio.o)(driverlib.lib)
    0x00001390   0x0000001c   Code   RO          619    i.GPIOPinTypeGPIOOutput  driverlib.lib(gpio.o)(driverlib.lib)
    0x000013ac   0x0000001c   Code   RO          623    i.GPIOPinTypePWM    driverlib.lib(gpio.o)(driverlib.lib)
    0x000013c8   0x0000001c   Code   RO          627    i.GPIOPinTypeUART   driverlib.lib(gpio.o)(driverlib.lib)
    0x000013e4   0x00000006   Code   RO          630    i.GPIOPinWrite      driverlib.lib(gpio.o)(driverlib.lib)
    0x000013ea   0x00000068   Code   RO         1370    i.IntEnable         driverlib.lib(interrupt.o)(driverlib.lib)
    0x00001452   0x0000000a   Code   RO         1372    i.IntMasterEnable   driverlib.lib(interrupt.o)(driverlib.lib)
    0x0000145c   0x00000026   Code   RO         1460    i.PWMGenConfigure   driverlib.lib(pwm.o)(driverlib.lib)
    0x00001482   0x0000000a   Code   RO         1462    i.PWMGenEnable      driverlib.lib(pwm.o)(driverlib.lib)
    0x0000148c   0x00000012   Code   RO         1475    i.PWMGenPeriodSet   driverlib.lib(pwm.o)(driverlib.lib)
    0x0000149e   0x00000010   Code   RO         1481    i.PWMOutputInvert   driverlib.lib(pwm.o)(driverlib.lib)
    0x000014ae   0x00000010   Code   RO         1482    i.PWMOutputState    driverlib.lib(pwm.o)(driverlib.lib)
    0x000014be   0x00000020   Code   RO         1484    i.PWMPulseWidthSet  driverlib.lib(pwm.o)(driverlib.lib)
    0x000014de   0x00000002   PAD
    0x000014e0   0x000001e4   Code   RO          819    i.SysCtlClockGet    driverlib.lib(sysctl.o)(driverlib.lib)
    0x000016c4   0x00000138   Code   RO          820    i.SysCtlClockSet    driverlib.lib(sysctl.o)(driverlib.lib)
    0x000017fc   0x00000014   Code   RO          839    i.SysCtlPWMClockSet  driverlib.lib(sysctl.o)(driverlib.lib)
    0x00001810   0x00000020   Code   RO          844    i.SysCtlPeripheralEnable  driverlib.lib(sysctl.o)(driverlib.lib)
    0x00001830   0x00000040   Code   RO          845    i.SysCtlPeripheralPresent  driverlib.lib(sysctl.o)(driverlib.lib)
    0x00001870   0x0000001c   Code   RO         1664    i.TimerConfigure    driverlib.lib(timer.o)(driverlib.lib)
    0x0000188c   0x00000010   Code   RO         1670    i.TimerDisable      driverlib.lib(timer.o)(driverlib.lib)
    0x0000189c   0x0000000e   Code   RO         1671    i.TimerEnable       driverlib.lib(timer.o)(driverlib.lib)
    0x000018aa   0x00000004   Code   RO         1672    i.TimerIntClear     driverlib.lib(timer.o)(driverlib.lib)
    0x000018ae   0x00000012   Code   RO         1679    i.TimerLoadSet      driverlib.lib(timer.o)(driverlib.lib)
    0x000018c0   0x0000000a   Code   RO         1689    i.TimerValueGet     driverlib.lib(timer.o)(driverlib.lib)
    0x000018ca   0x0000000c   Code   RO         1090    i.UARTCharGet       driverlib.lib(uart.o)(driverlib.lib)
    0x000018d6   0x0000000c   Code   RO         1092    i.UARTCharPut       driverlib.lib(uart.o)(driverlib.lib)
    0x000018e2   0x0000000a   Code   RO         1094    i.UARTCharsAvail    driverlib.lib(uart.o)(driverlib.lib)
    0x000018ec   0x0000006e   Code   RO         1096    i.UARTConfigSetExpClk  driverlib.lib(uart.o)(driverlib.lib)
    0x0000195a   0x00000014   Code   RO         1101    i.UARTEnable        driverlib.lib(uart.o)(driverlib.lib)
    0x0000196e   0x0000000e   Code   RO         1844    i.__scatterload_copy  mc_w.l(handlers.o)(mc_w.l)
    0x0000197c   0x00000002   Code   RO         1845    i.__scatterload_null  mc_w.l(handlers.o)(mc_w.l)
    0x0000197e   0x0000000e   Code   RO         1846    i.__scatterload_zeroinit  mc_w.l(handlers.o)(mc_w.l)
    0x0000198c   0x0000001c   Data   RO          127    .constdata          uartstdio.o
    0x000019a8   0x0000009c   Data   RO          857    .constdata          driverlib.lib(sysctl.o)(driverlib.lib)
    0x00001a44   0x00000011   Data   RO          128    .conststring        uartstdio.o
    0x00001a55   0x00000003   PAD
    0x00001a58   0x00000020   Data   RO         1842    Region$$Table       anon$$obj.o


    Execution Region ER_RW (Base: 0x20000000, Size: 0x00000018, Max: 0xffffffff, ABSOLUTE)

    Base Addr    Size         Type   Attr      Idx    E Section Name        Object

    0x20000000   0x00000005   Data   RW          129    .data               uartstdio.o
    0x20000005   0x00000003   PAD
    0x20000008   0x00000001   Data   RW          250    .data               raslib.lib(linesensor.obj)(raslib.lib)
    0x20000009   0x00000003   PAD
    0x2000000c   0x00000008   Data   RW          336    .data               raslib.lib(encoder.obj)(raslib.lib)
    0x20000014   0x00000001   Data   RW         1340    .data               raslib.lib(timer.obj)(raslib.lib)


    Execution Region ER_ZI (Base: 0x20000018, Size: 0x00000128, Max: 0xffffffff, ABSOLUTE)

    Base Addr    Size         Type   Attr      Idx    E Section Name        Object

    0x20000018   0x00000008   Zero   RW          183    .bss                raslib.lib(servo.obj)(raslib.lib)
    0x20000020   0x00000004   Zero   RW          217    .bss                raslib.lib(motor.obj)(raslib.lib)
    0x20000024   0x00000005   Zero   RW          248    .bss                raslib.lib(linesensor.obj)(raslib.lib)
    0x20000029   0x00000003   PAD
    0x2000002c   0x0000000c   Zero   RW          314    .bss                raslib.lib(init.obj)(raslib.lib)
    0x20000038   0x00000008   Zero   RW          337    .bss                raslib.lib(encoder.obj)(raslib.lib)
    0x20000040   0x00000100   Zero   RW          157    STACK               startup.o


==============================================================================

Image component sizes


      Code (inc. data)   RO Data    RW Data    ZI Data      Debug   Object Name

       400        222          0          0          0          0   dprg.o
       188         98          0          0          0          0   encoderdemo.o
       228         94          0          0          0          0   irsensordemo.o
       184         82          0          0          0          0   linesensordemo.o
       228         84          0          0          0          0   motordemo.o
       244        102          0          0          0          0   servodemo.o
       268        258          0          0        256          0   startup.o
       208         76          0          0          0          0   uartdemo.o
       904         40         45          5          0          0   uartstdio.o

    ----------------------------------------------------------------------
      2852       1056         80          8        256          0   Object Totals
         0          0         32          0          0          0   (incl. Generated)
         0          0          3          3          0          0   (incl. Padding)

    ----------------------------------------------------------------------

      Code (inc. data)   RO Data    RW Data    ZI Data      Debug   Library Member Name

       288          0          0          0          0          0   adc.o
        26          0          0          0          0          0   cpu.o
       430          0          0          0          0          0   gpio.o
       114          0          0          0          0          0   interrupt.o
       130          0          0          0          0          0   pwm.o
       918         96        156          0          0          0   sysctl.o
        90          0          0          0          0          0   timer.o
       164          0          0          0          0          0   uart.o
         0          0          0          0          0          0   entry.o
         8          4          0          0          0          0   entry2.o
         4          0          0          0          0          0   entry5.o
         8          4          0          0          0          0   entry7.o
        30          0          0          0          0          0   handlers.o
        36          8          0          0          0          0   init.o
       436         68          0          8          8          0   encoder.obj
       108         28          0          0         12          0   init.obj
       316         64          0          1          5          0   linesensor.obj
       234         28          0          0          4          0   motor.obj
       244         40          0          0          8          0   servo.obj
        96         16          0          1          0          0   timer.obj

    ----------------------------------------------------------------------
      3688        356        156         16         40          0   Library Totals
         8          0          0          6          3          0   (incl. Padding)

    ----------------------------------------------------------------------

      Code (inc. data)   RO Data    RW Data    ZI Data      Debug   Library Name

      2160         96        156          0          0      27937   driverlib.lib
        86         16          0          0          0         68   mc_w.l
      1434        244          0         10         37      26947   raslib.lib

    ----------------------------------------------------------------------
      3688        356        156         16         40          0   Library Totals

    ----------------------------------------------------------------------

==============================================================================


      Code (inc. data)   RO Data    RW Data    ZI Data      Debug   

      6540       1412        236         24        296      61164   Grand Totals
      6540       1412        236         24        296      61164   ELF Image Totals
      6540       1412        236         24          0          0   ROM Totals

==============================================================================

    Total RO  Size (Code + RO Data)                 6776 (   6.62kB)
    Total RW  Size (RW Data + ZI Data)               320 (   0.31kB)
    Total ROM Size (Code + RO Data + RW Data)       6800 (   6.64kB)

==============================================================================

