ARM Linker, RVCT4.0 [Build 728] [Evaluation]

==============================================================================

Section Cross References

    encoderdemo.o(.text) refers to encoder.o(.text) for InitializeEncoders
    encoderdemo.o(.text) refers to uartstdio.o(.text) for UARTprintf
    encoderdemo.o(.text) refers to uartdemo.o(.text) for keyWasPressed
    irsensordemo.o(.text) refers to sysctl.o(i.SysCtlPeripheralEnable) for SysCtlPeripheralEnable
    irsensordemo.o(.text) refers to adc.o(i.ADCSequenceConfigure) for ADCSequenceConfigure
    irsensordemo.o(.text) refers to adc.o(i.ADCSequenceStepConfigure) for ADCSequenceStepConfigure
    irsensordemo.o(.text) refers to adc.o(i.ADCSequenceEnable) for ADCSequenceEnable
    irsensordemo.o(.text) refers to adc.o(i.ADCProcessorTrigger) for ADCProcessorTrigger
    irsensordemo.o(.text) refers to adc.o(i.ADCIntStatus) for ADCIntStatus
    irsensordemo.o(.text) refers to adc.o(i.ADCSequenceDataGet) for ADCSequenceDataGet
    irsensordemo.o(.text) refers to uartstdio.o(.text) for UARTprintf
    irsensordemo.o(.text) refers to uartdemo.o(.text) for keyWasPressed
    linesensordemo.o(.text) refers to linesensor.o(.text) for InitializeLineSensor
    linesensordemo.o(.text) refers to uartstdio.o(.text) for UARTprintf
    linesensordemo.o(.text) refers to uartdemo.o(.text) for keyWasPressed
    motordemo.o(.text) refers to motor.o(.text) for InitializeMotors
    motordemo.o(.text) refers to uartstdio.o(.text) for UARTprintf
    motordemo.o(.text) refers to uartdemo.o(.text) for getc
    servodemo.o(.text) refers to servo.o(.text) for InitializeServos
    servodemo.o(.text) refers to uartstdio.o(.text) for UARTprintf
    servodemo.o(.text) refers to uartdemo.o(.text) for getc
    uartdemo.o(.text) refers to sysctl.o(i.SysCtlPeripheralEnable) for SysCtlPeripheralEnable
    uartdemo.o(.text) refers to gpio.o(i.GPIOPinTypeUART) for GPIOPinTypeUART
    uartdemo.o(.text) refers to uartstdio.o(.text) for UARTStdioInit
    uartdemo.o(.text) refers to uart.o(i.UARTCharsAvail) for UARTCharsAvail
    robzdemo.o(.text) refers to init.o(.text) for LockoutProtection
    robzdemo.o(.text) refers to uartdemo.o(.text) for initUART
    robzdemo.o(.text) refers to encoder.o(.text) for InitializeEncoders
    robzdemo.o(.text) refers to uartstdio.o(.text) for UARTprintf
    robzdemo.o(.text) refers to motordemo.o(.text) for initMotors
    robzdemo.o(.text) refers to servodemo.o(.text) for initServo
    robzdemo.o(.text) refers to linesensordemo.o(.text) for initLineSensor
    robzdemo.o(.text) refers to irsensordemo.o(.text) for initIRSensor
    robzdemo.o(.text) refers to encoderdemo.o(.text) for initEncoders
    startup.o(RESET) refers to startup.o(STACK) for StackMem
    startup.o(RESET) refers to entry.o(.ARM.Collect$$$$00000000) for __main
    uartstdio.o(.text) refers to sysctl.o(i.SysCtlPeripheralPresent) for SysCtlPeripheralPresent
    uartstdio.o(.text) refers to sysctl.o(i.SysCtlPeripheralEnable) for SysCtlPeripheralEnable
    uartstdio.o(.text) refers to sysctl.o(i.SysCtlClockGet) for SysCtlClockGet
    uartstdio.o(.text) refers to uart.o(i.UARTConfigSetExpClk) for UARTConfigSetExpClk
    uartstdio.o(.text) refers to uart.o(i.UARTEnable) for UARTEnable
    uartstdio.o(.text) refers to uart.o(i.UARTCharPut) for UARTCharPut
    uartstdio.o(.text) refers to uart.o(i.UARTCharGet) for UARTCharGet
    uartstdio.o(.text) refers to uartstdio.o(.constdata) for .constdata
    uartstdio.o(.text) refers to uartstdio.o(.data) for .data
    uartstdio.o(.constdata) refers to uartstdio.o(.conststring) for .conststring
    encoder.o(.text) refers to sysctl.o(i.SysCtlPeripheralEnable) for SysCtlPeripheralEnable
    encoder.o(.text) refers to gpio.o(i.GPIOPinTypeGPIOInput) for GPIOPinTypeGPIOInput
    encoder.o(.text) refers to interrupt.o(i.IntEnable) for IntEnable
    encoder.o(.text) refers to gpio.o(i.GPIOIntTypeSet) for GPIOIntTypeSet
    encoder.o(.text) refers to gpio.o(i.GPIOPinIntEnable) for GPIOPinIntEnable
    encoder.o(.text) refers to gpio.o(i.GPIOPinIntStatus) for GPIOPinIntStatus
    encoder.o(.text) refers to gpio.o(i.GPIOPinIntClear) for GPIOPinIntClear
    encoder.o(.text) refers to gpio.o(i.GPIOPinRead) for GPIOPinRead
    encoder.o(.text) refers to encoder.o(.data) for .data
    init.o(.text) refers to sysctl.o(i.SysCtlPeripheralEnable) for SysCtlPeripheralEnable
    init.o(.text) refers to gpio.o(i.GPIOPinTypeGPIOInput) for GPIOPinTypeGPIOInput
    init.o(.text) refers to gpio.o(i.GPIOPinRead) for GPIOPinRead
    init.o(.text) refers to sysctl.o(i.SysCtlClockSet) for SysCtlClockSet
    init.o(.text) refers to sysctl.o(i.SysCtlPWMClockSet) for SysCtlPWMClockSet
    init.o(.text) refers to sysctl.o(i.SysCtlClockGet) for SysCtlClockGet
    init.o(.text) refers to interrupt.o(i.IntMasterEnable) for IntMasterEnable
    init.o(.text) refers to init.o(.data) for g_ulTicksPerSecond
    linesensor.o(.text) refers to gpio.o(i.GPIOPinTypeGPIOOutput) for GPIOPinTypeGPIOOutput
    linesensor.o(.text) refers to gpio.o(i.GPIOPinWrite) for GPIOPinWrite
    linesensor.o(.text) refers to gpio.o(i.GPIOPinTypeGPIOInput) for GPIOPinTypeGPIOInput
    linesensor.o(.text) refers to gpio.o(i.GPIOPinRead) for GPIOPinRead
    linesensor.o(.text) refers to timer.o(i.TimerIntClear) for TimerIntClear
    linesensor.o(.text) refers to timer.o(i.TimerLoadSet) for TimerLoadSet
    linesensor.o(.text) refers to sysctl.o(i.SysCtlPeripheralEnable) for SysCtlPeripheralEnable
    linesensor.o(.text) refers to interrupt.o(i.IntMasterEnable) for IntMasterEnable
    linesensor.o(.text) refers to interrupt.o(i.IntEnable) for IntEnable
    linesensor.o(.text) refers to timer.o(i.TimerConfigure) for TimerConfigure
    linesensor.o(.text) refers to timer.o(i.TimerIntEnable) for TimerIntEnable
    linesensor.o(.text) refers to timer.o(i.TimerEnable) for TimerEnable
    linesensor.o(.text) refers to timer.o(.text) for WaitUS
    linesensor.o(.text) refers to linesensor.o(.data) for .data
    linesensor.o(.text) refers to init.o(.data) for g_ulTicksPerUs
    motor.o(.text) refers to pwm.o(i.PWMPulseWidthSet) for PWMPulseWidthSet
    motor.o(.text) refers to sysctl.o(i.SysCtlPeripheralEnable) for SysCtlPeripheralEnable
    motor.o(.text) refers to gpio.o(i.GPIOPinTypePWM) for GPIOPinTypePWM
    motor.o(.text) refers to gpio.o(i.GPIOPinTypeGPIOOutput) for GPIOPinTypeGPIOOutput
    motor.o(.text) refers to pwm.o(i.PWMGenConfigure) for PWMGenConfigure
    motor.o(.text) refers to pwm.o(i.PWMGenPeriodSet) for PWMGenPeriodSet
    motor.o(.text) refers to pwm.o(i.PWMOutputInvert) for PWMOutputInvert
    motor.o(.text) refers to pwm.o(i.PWMOutputState) for PWMOutputState
    motor.o(.text) refers to pwm.o(i.PWMGenEnable) for PWMGenEnable
    motor.o(.text) refers to gpio.o(i.GPIOPinWrite) for GPIOPinWrite
    motor.o(.text) refers to motor.o(.data) for .data
    servo.o(.text) refers to pwm.o(i.PWMPulseWidthSet) for PWMPulseWidthSet
    servo.o(.text) refers to sysctl.o(i.SysCtlPeripheralEnable) for SysCtlPeripheralEnable
    servo.o(.text) refers to gpio.o(i.GPIOPinTypePWM) for GPIOPinTypePWM
    servo.o(.text) refers to pwm.o(i.PWMGenConfigure) for PWMGenConfigure
    servo.o(.text) refers to pwm.o(i.PWMGenPeriodSet) for PWMGenPeriodSet
    servo.o(.text) refers to pwm.o(i.PWMOutputState) for PWMOutputState
    servo.o(.text) refers to pwm.o(i.PWMGenEnable) for PWMGenEnable
    servo.o(.text) refers to servo.o(.data) for .data
    servo.o(.text) refers to init.o(.data) for g_ulPWMTicksPerSecond
    timer.o(.text) refers to sysctl.o(i.SysCtlPeripheralEnable) for SysCtlPeripheralEnable
    timer.o(.text) refers to timer.o(i.TimerConfigure) for TimerConfigure
    timer.o(.text) refers to timer.o(i.TimerLoadSet) for TimerLoadSet
    timer.o(.text) refers to timer.o(i.TimerEnable) for TimerEnable
    timer.o(.text) refers to timer.o(i.TimerValueGet) for TimerValueGet
    timer.o(.text) refers to timer.o(i.TimerDisable) for TimerDisable
    timer.o(.text) refers to timer.o(.data) for .data
    timer.o(.text) refers to init.o(.data) for g_ulTicksPerUs
    adc.o(i.ADCIntRegister) refers to interrupt.o(i.IntRegister) for IntRegister
    adc.o(i.ADCIntRegister) refers to interrupt.o(i.IntEnable) for IntEnable
    adc.o(i.ADCIntUnregister) refers to interrupt.o(i.IntDisable) for IntDisable
    adc.o(i.ADCIntUnregister) refers to interrupt.o(i.IntUnregister) for IntUnregister
    adc.o(i.ADCSoftwareOversampleConfigure) refers to adc.o(.data) for .data
    adc.o(i.ADCSoftwareOversampleDataGet) refers to adc.o(.data) for .data
    adc.o(i.ADCSoftwareOversampleStepConfigure) refers to adc.o(.data) for .data
    gpio.o(i.GPIOPinConfigure) refers to gpio.o(.constdata) for .constdata
    gpio.o(i.GPIOPinTypeADC) refers to gpio.o(i.GPIODirModeSet) for GPIODirModeSet
    gpio.o(i.GPIOPinTypeADC) refers to gpio.o(i.GPIOPadConfigSet) for GPIOPadConfigSet
    gpio.o(i.GPIOPinTypeCAN) refers to gpio.o(i.GPIODirModeSet) for GPIODirModeSet
    gpio.o(i.GPIOPinTypeCAN) refers to gpio.o(i.GPIOPadConfigSet) for GPIOPadConfigSet
    gpio.o(i.GPIOPinTypeComparator) refers to gpio.o(i.GPIODirModeSet) for GPIODirModeSet
    gpio.o(i.GPIOPinTypeComparator) refers to gpio.o(i.GPIOPadConfigSet) for GPIOPadConfigSet
    gpio.o(i.GPIOPinTypeEPI) refers to gpio.o(i.GPIODirModeSet) for GPIODirModeSet
    gpio.o(i.GPIOPinTypeEPI) refers to gpio.o(i.GPIOPadConfigSet) for GPIOPadConfigSet
    gpio.o(i.GPIOPinTypeEthernetLED) refers to gpio.o(i.GPIODirModeSet) for GPIODirModeSet
    gpio.o(i.GPIOPinTypeEthernetLED) refers to gpio.o(i.GPIOPadConfigSet) for GPIOPadConfigSet
    gpio.o(i.GPIOPinTypeGPIOInput) refers to gpio.o(i.GPIODirModeSet) for GPIODirModeSet
    gpio.o(i.GPIOPinTypeGPIOInput) refers to gpio.o(i.GPIOPadConfigSet) for GPIOPadConfigSet
    gpio.o(i.GPIOPinTypeGPIOOutput) refers to gpio.o(i.GPIODirModeSet) for GPIODirModeSet
    gpio.o(i.GPIOPinTypeGPIOOutput) refers to gpio.o(i.GPIOPadConfigSet) for GPIOPadConfigSet
    gpio.o(i.GPIOPinTypeGPIOOutputOD) refers to gpio.o(i.GPIODirModeSet) for GPIODirModeSet
    gpio.o(i.GPIOPinTypeGPIOOutputOD) refers to gpio.o(i.GPIOPadConfigSet) for GPIOPadConfigSet
    gpio.o(i.GPIOPinTypeI2C) refers to gpio.o(i.GPIODirModeSet) for GPIODirModeSet
    gpio.o(i.GPIOPinTypeI2C) refers to gpio.o(i.GPIOPadConfigSet) for GPIOPadConfigSet
    gpio.o(i.GPIOPinTypeI2S) refers to gpio.o(i.GPIODirModeSet) for GPIODirModeSet
    gpio.o(i.GPIOPinTypeI2S) refers to gpio.o(i.GPIOPadConfigSet) for GPIOPadConfigSet
    gpio.o(i.GPIOPinTypePWM) refers to gpio.o(i.GPIODirModeSet) for GPIODirModeSet
    gpio.o(i.GPIOPinTypePWM) refers to gpio.o(i.GPIOPadConfigSet) for GPIOPadConfigSet
    gpio.o(i.GPIOPinTypeQEI) refers to gpio.o(i.GPIODirModeSet) for GPIODirModeSet
    gpio.o(i.GPIOPinTypeQEI) refers to gpio.o(i.GPIOPadConfigSet) for GPIOPadConfigSet
    gpio.o(i.GPIOPinTypeSSI) refers to gpio.o(i.GPIODirModeSet) for GPIODirModeSet
    gpio.o(i.GPIOPinTypeSSI) refers to gpio.o(i.GPIOPadConfigSet) for GPIOPadConfigSet
    gpio.o(i.GPIOPinTypeTimer) refers to gpio.o(i.GPIODirModeSet) for GPIODirModeSet
    gpio.o(i.GPIOPinTypeTimer) refers to gpio.o(i.GPIOPadConfigSet) for GPIOPadConfigSet
    gpio.o(i.GPIOPinTypeUART) refers to gpio.o(i.GPIODirModeSet) for GPIODirModeSet
    gpio.o(i.GPIOPinTypeUART) refers to gpio.o(i.GPIOPadConfigSet) for GPIOPadConfigSet
    gpio.o(i.GPIOPinTypeUSBAnalog) refers to gpio.o(i.GPIODirModeSet) for GPIODirModeSet
    gpio.o(i.GPIOPinTypeUSBAnalog) refers to gpio.o(i.GPIOPadConfigSet) for GPIOPadConfigSet
    gpio.o(i.GPIOPinTypeUSBDigital) refers to gpio.o(i.GPIODirModeSet) for GPIODirModeSet
    gpio.o(i.GPIOPinTypeUSBDigital) refers to gpio.o(i.GPIOPadConfigSet) for GPIOPadConfigSet
    gpio.o(i.GPIOPortIntRegister) refers to gpio.o(i.GPIOGetIntNumber) for GPIOGetIntNumber
    gpio.o(i.GPIOPortIntRegister) refers to interrupt.o(i.IntRegister) for IntRegister
    gpio.o(i.GPIOPortIntRegister) refers to interrupt.o(i.IntEnable) for IntEnable
    gpio.o(i.GPIOPortIntUnregister) refers to gpio.o(i.GPIOGetIntNumber) for GPIOGetIntNumber
    gpio.o(i.GPIOPortIntUnregister) refers to interrupt.o(i.IntDisable) for IntDisable
    gpio.o(i.GPIOPortIntUnregister) refers to interrupt.o(i.IntUnregister) for IntUnregister
    interrupt.o(i.IntMasterDisable) refers to cpu.o(.emb_text) for CPUcpsid
    interrupt.o(i.IntMasterEnable) refers to cpu.o(.emb_text) for CPUcpsie
    interrupt.o(i.IntPriorityGet) refers to interrupt.o(.constdata) for .constdata
    interrupt.o(i.IntPriorityGroupingGet) refers to interrupt.o(.constdata) for .constdata
    interrupt.o(i.IntPriorityGroupingSet) refers to interrupt.o(.constdata) for .constdata
    interrupt.o(i.IntPrioritySet) refers to interrupt.o(.constdata) for .constdata
    interrupt.o(i.IntRegister) refers to interrupt.o(vtable) for vtable
    interrupt.o(i.IntUnregister) refers to interrupt.o(i.IntDefaultHandler) for IntDefaultHandler
    interrupt.o(i.IntUnregister) refers to interrupt.o(vtable) for vtable
    pwm.o(i.PWMFaultIntRegister) refers to interrupt.o(i.IntRegister) for IntRegister
    pwm.o(i.PWMFaultIntRegister) refers to interrupt.o(i.IntEnable) for IntEnable
    pwm.o(i.PWMFaultIntUnregister) refers to interrupt.o(i.IntDisable) for IntDisable
    pwm.o(i.PWMFaultIntUnregister) refers to interrupt.o(i.IntUnregister) for IntUnregister
    pwm.o(i.PWMGenIntRegister) refers to interrupt.o(i.IntRegister) for IntRegister
    pwm.o(i.PWMGenIntRegister) refers to interrupt.o(i.IntEnable) for IntEnable
    pwm.o(i.PWMGenIntUnregister) refers to interrupt.o(i.IntDisable) for IntDisable
    pwm.o(i.PWMGenIntUnregister) refers to interrupt.o(i.IntUnregister) for IntUnregister
    sysctl.o(i.SysCtlClockGet) refers to sysctl.o(.constdata) for .constdata
    sysctl.o(i.SysCtlClockSet) refers to sysctl.o(.emb_text) for SysCtlDelay
    sysctl.o(i.SysCtlDeepSleep) refers to cpu.o(.emb_text) for CPUwfi
    sysctl.o(i.SysCtlI2SMClkSet) refers to sysctl.o(.constdata) for .constdata
    sysctl.o(i.SysCtlIntRegister) refers to interrupt.o(i.IntRegister) for IntRegister
    sysctl.o(i.SysCtlIntRegister) refers to interrupt.o(i.IntEnable) for IntEnable
    sysctl.o(i.SysCtlIntUnregister) refers to interrupt.o(i.IntDisable) for IntDisable
    sysctl.o(i.SysCtlIntUnregister) refers to interrupt.o(i.IntUnregister) for IntUnregister
    sysctl.o(i.SysCtlPeripheralDeepSleepDisable) refers to sysctl.o(.constdata) for .constdata
    sysctl.o(i.SysCtlPeripheralDeepSleepEnable) refers to sysctl.o(.constdata) for .constdata
    sysctl.o(i.SysCtlPeripheralDisable) refers to sysctl.o(.constdata) for .constdata
    sysctl.o(i.SysCtlPeripheralEnable) refers to sysctl.o(.constdata) for .constdata
    sysctl.o(i.SysCtlPeripheralPresent) refers to sysctl.o(.constdata) for .constdata
    sysctl.o(i.SysCtlPeripheralReset) refers to sysctl.o(.constdata) for .constdata
    sysctl.o(i.SysCtlPeripheralSleepDisable) refers to sysctl.o(.constdata) for .constdata
    sysctl.o(i.SysCtlPeripheralSleepEnable) refers to sysctl.o(.constdata) for .constdata
    sysctl.o(i.SysCtlSleep) refers to cpu.o(.emb_text) for CPUwfi
    timer.o(i.TimerIntRegister) refers to interrupt.o(i.IntRegister) for IntRegister
    timer.o(i.TimerIntRegister) refers to interrupt.o(i.IntEnable) for IntEnable
    timer.o(i.TimerIntUnregister) refers to interrupt.o(i.IntDisable) for IntDisable
    timer.o(i.TimerIntUnregister) refers to interrupt.o(i.IntUnregister) for IntUnregister
    timer.o(i.TimerQuiesce) refers to interrupt.o(i.IntDisable) for IntDisable
    timer.o(i.TimerQuiesce) refers to interrupt.o(i.IntUnregister) for IntUnregister
    uart.o(i.UARTIntRegister) refers to interrupt.o(i.IntRegister) for IntRegister
    uart.o(i.UARTIntRegister) refers to interrupt.o(i.IntEnable) for IntEnable
    uart.o(i.UARTIntUnregister) refers to interrupt.o(i.IntDisable) for IntDisable
    uart.o(i.UARTIntUnregister) refers to interrupt.o(i.IntUnregister) for IntUnregister
    entry.o(.ARM.Collect$$$$00000000) refers (Special) to entry7.o(.ARM.Collect$$$$00000007) for _main_init
    entry.o(.ARM.Collect$$$$00000000) refers (Special) to entry5.o(.ARM.Collect$$$$00000004) for _main_scatterload
    entry.o(.ARM.Collect$$$$00000000) refers (Special) to entry2.o(.ARM.Collect$$$$00000001) for _main_stk
    entry2.o(.ARM.Collect$$$$00000001) refers to entry2.o(.ARM.Collect$$$$00002712) for __lit__00000000
    entry2.o(.ARM.Collect$$$$00002712) refers to startup.o(STACK) for __initial_sp
    entry2.o(__vectab_stack_and_reset_area) refers to startup.o(STACK) for __initial_sp
    entry2.o(__vectab_stack_and_reset_area) refers to entry.o(.ARM.Collect$$$$00000000) for __main
    entry5.o(.ARM.Collect$$$$00000004) refers to init.o(.text) for __scatterload
    entry7.o(.ARM.Collect$$$$00000007) refers to robzdemo.o(.text) for main
    init.o(.text) refers to entry5.o(.ARM.Collect$$$$00000004) for __main_after_scatterload


==============================================================================

Removing Unused input sections from the image.

    Removing startup.o(HEAP), (0 bytes).
    Removing startup.o(.text), (0 bytes).
    Removing adc.o(i.ADCComparatorConfigure), (10 bytes).
    Removing adc.o(i.ADCComparatorIntClear), (4 bytes).
    Removing adc.o(i.ADCComparatorIntDisable), (18 bytes).
    Removing adc.o(i.ADCComparatorIntEnable), (16 bytes).
    Removing adc.o(i.ADCComparatorIntStatus), (4 bytes).
    Removing adc.o(i.ADCComparatorRegionSet), (14 bytes).
    Removing adc.o(i.ADCComparatorReset), (40 bytes).
    Removing adc.o(i.ADCHardwareOversampleConfigure), (14 bytes).
    Removing adc.o(i.ADCIntClear), (10 bytes).
    Removing adc.o(i.ADCIntDisable), (16 bytes).
    Removing adc.o(i.ADCIntEnable), (16 bytes).
    Removing adc.o(i.ADCIntRegister), (38 bytes).
    Removing adc.o(i.ADCIntUnregister), (36 bytes).
    Removing adc.o(i.ADCPhaseDelayGet), (4 bytes).
    Removing adc.o(i.ADCPhaseDelaySet), (4 bytes).
    Removing adc.o(i.ADCReferenceGet), (8 bytes).
    Removing adc.o(i.ADCReferenceSet), (12 bytes).
    Removing adc.o(i.ADCSequenceDisable), (16 bytes).
    Removing adc.o(i.ADCSequenceOverflow), (12 bytes).
    Removing adc.o(i.ADCSequenceOverflowClear), (10 bytes).
    Removing adc.o(i.ADCSequenceUnderflow), (12 bytes).
    Removing adc.o(i.ADCSequenceUnderflowClear), (10 bytes).
    Removing adc.o(i.ADCSoftwareOversampleConfigure), (24 bytes).
    Removing adc.o(i.ADCSoftwareOversampleDataGet), (72 bytes).
    Removing adc.o(i.ADCSoftwareOversampleStepConfigure), (112 bytes).
    Removing adc.o(.data), (3 bytes).
    Removing gpio.o(i.GPIODirModeGet), (34 bytes).
    Removing gpio.o(i.GPIOGetIntNumber), (156 bytes).
    Removing gpio.o(i.GPIOIntTypeGet), (48 bytes).
    Removing gpio.o(i.GPIOPadConfigGet), (140 bytes).
    Removing gpio.o(i.GPIOPinConfigure), (72 bytes).
    Removing gpio.o(i.GPIOPinIntDisable), (14 bytes).
    Removing gpio.o(i.GPIOPinTypeADC), (28 bytes).
    Removing gpio.o(i.GPIOPinTypeCAN), (28 bytes).
    Removing gpio.o(i.GPIOPinTypeComparator), (28 bytes).
    Removing gpio.o(i.GPIOPinTypeEPI), (28 bytes).
    Removing gpio.o(i.GPIOPinTypeEthernetLED), (28 bytes).
    Removing gpio.o(i.GPIOPinTypeGPIOOutputOD), (28 bytes).
    Removing gpio.o(i.GPIOPinTypeI2C), (28 bytes).
    Removing gpio.o(i.GPIOPinTypeI2S), (28 bytes).
    Removing gpio.o(i.GPIOPinTypeQEI), (28 bytes).
    Removing gpio.o(i.GPIOPinTypeSSI), (28 bytes).
    Removing gpio.o(i.GPIOPinTypeTimer), (28 bytes).
    Removing gpio.o(i.GPIOPinTypeUSBAnalog), (28 bytes).
    Removing gpio.o(i.GPIOPinTypeUSBDigital), (28 bytes).
    Removing gpio.o(i.GPIOPortIntRegister), (26 bytes).
    Removing gpio.o(i.GPIOPortIntUnregister), (22 bytes).
    Removing gpio.o(.constdata), (72 bytes).
    Removing interrupt.o(i.IntDefaultHandler), (2 bytes).
    Removing interrupt.o(i.IntDisable), (104 bytes).
    Removing interrupt.o(i.IntMasterDisable), (10 bytes).
    Removing interrupt.o(i.IntPendClear), (72 bytes).
    Removing interrupt.o(i.IntPendSet), (90 bytes).
    Removing interrupt.o(i.IntPriorityGet), (28 bytes).
    Removing interrupt.o(i.IntPriorityGroupingGet), (40 bytes).
    Removing interrupt.o(i.IntPriorityGroupingSet), (28 bytes).
    Removing interrupt.o(i.IntPrioritySet), (40 bytes).
    Removing interrupt.o(i.IntRegister), (56 bytes).
    Removing interrupt.o(i.IntUnregister), (20 bytes).
    Removing interrupt.o(.constdata), (104 bytes).
    Removing interrupt.o(vtable), (284 bytes).
    Removing pwm.o(i.PWMDeadBandDisable), (12 bytes).
    Removing pwm.o(i.PWMDeadBandEnable), (16 bytes).
    Removing pwm.o(i.PWMFaultIntClear), (8 bytes).
    Removing pwm.o(i.PWMFaultIntClearExt), (4 bytes).
    Removing pwm.o(i.PWMFaultIntRegister), (18 bytes).
    Removing pwm.o(i.PWMFaultIntUnregister), (18 bytes).
    Removing pwm.o(i.PWMGenDisable), (10 bytes).
    Removing pwm.o(i.PWMGenFaultClear), (18 bytes).
    Removing pwm.o(i.PWMGenFaultConfigure), (18 bytes).
    Removing pwm.o(i.PWMGenFaultStatus), (18 bytes).
    Removing pwm.o(i.PWMGenFaultTriggerGet), (12 bytes).
    Removing pwm.o(i.PWMGenFaultTriggerSet), (12 bytes).
    Removing pwm.o(i.PWMGenIntClear), (6 bytes).
    Removing pwm.o(i.PWMGenIntRegister), (34 bytes).
    Removing pwm.o(i.PWMGenIntStatus), (12 bytes).
    Removing pwm.o(i.PWMGenIntTrigDisable), (10 bytes).
    Removing pwm.o(i.PWMGenIntTrigEnable), (10 bytes).
    Removing pwm.o(i.PWMGenIntUnregister), (32 bytes).
    Removing pwm.o(i.PWMGenPeriodGet), (18 bytes).
    Removing pwm.o(i.PWMIntDisable), (10 bytes).
    Removing pwm.o(i.PWMIntEnable), (8 bytes).
    Removing pwm.o(i.PWMIntStatus), (10 bytes).
    Removing pwm.o(i.PWMOutputFault), (16 bytes).
    Removing pwm.o(i.PWMOutputFaultLevel), (16 bytes).
    Removing pwm.o(i.PWMPulseWidthGet), (32 bytes).
    Removing pwm.o(i.PWMSyncTimeBase), (4 bytes).
    Removing pwm.o(i.PWMSyncUpdate), (4 bytes).
    Removing sysctl.o(i.SysCtlADCSpeedGet), (16 bytes).
    Removing sysctl.o(i.SysCtlADCSpeedSet), (32 bytes).
    Removing sysctl.o(i.SysCtlBrownOutConfigSet), (16 bytes).
    Removing sysctl.o(i.SysCtlClkVerificationClear), (20 bytes).
    Removing sysctl.o(i.SysCtlDeepSleep), (32 bytes).
    Removing sysctl.o(i.SysCtlFlashSizeGet), (20 bytes).
    Removing sysctl.o(i.SysCtlGPIOAHBDisable), (20 bytes).
    Removing sysctl.o(i.SysCtlGPIOAHBEnable), (16 bytes).
    Removing sysctl.o(i.SysCtlI2SMClkSet), (216 bytes).
    Removing sysctl.o(i.SysCtlIOSCVerificationSet), (24 bytes).
    Removing sysctl.o(i.SysCtlIntClear), (12 bytes).
    Removing sysctl.o(i.SysCtlIntDisable), (16 bytes).
    Removing sysctl.o(i.SysCtlIntEnable), (16 bytes).
    Removing sysctl.o(i.SysCtlIntRegister), (20 bytes).
    Removing sysctl.o(i.SysCtlIntStatus), (16 bytes).
    Removing sysctl.o(i.SysCtlIntUnregister), (18 bytes).
    Removing sysctl.o(i.SysCtlLDOConfigSet), (12 bytes).
    Removing sysctl.o(i.SysCtlLDOGet), (12 bytes).
    Removing sysctl.o(i.SysCtlLDOSet), (12 bytes).
    Removing sysctl.o(i.SysCtlMOSCVerificationSet), (24 bytes).
    Removing sysctl.o(i.SysCtlPLLVerificationSet), (24 bytes).
    Removing sysctl.o(i.SysCtlPWMClockGet), (24 bytes).
    Removing sysctl.o(i.SysCtlPeripheralClockGating), (24 bytes).
    Removing sysctl.o(i.SysCtlPeripheralDeepSleepDisable), (32 bytes).
    Removing sysctl.o(i.SysCtlPeripheralDeepSleepEnable), (32 bytes).
    Removing sysctl.o(i.SysCtlPeripheralDisable), (32 bytes).
    Removing sysctl.o(i.SysCtlPeripheralReset), (56 bytes).
    Removing sysctl.o(i.SysCtlPeripheralSleepDisable), (32 bytes).
    Removing sysctl.o(i.SysCtlPeripheralSleepEnable), (32 bytes).
    Removing sysctl.o(i.SysCtlPinPresent), (16 bytes).
    Removing sysctl.o(i.SysCtlReset), (16 bytes).
    Removing sysctl.o(i.SysCtlResetCauseClear), (16 bytes).
    Removing sysctl.o(i.SysCtlResetCauseGet), (12 bytes).
    Removing sysctl.o(i.SysCtlSRAMSizeGet), (20 bytes).
    Removing sysctl.o(i.SysCtlSleep), (4 bytes).
    Removing sysctl.o(i.SysCtlUSBPLLDisable), (16 bytes).
    Removing sysctl.o(i.SysCtlUSBPLLEnable), (16 bytes).
    Removing timer.o(i.TimerControlEvent), (24 bytes).
    Removing timer.o(i.TimerControlLevel), (22 bytes).
    Removing timer.o(i.TimerControlStall), (22 bytes).
    Removing timer.o(i.TimerControlTrigger), (22 bytes).
    Removing timer.o(i.TimerControlWaitOnTrigger), (48 bytes).
    Removing timer.o(i.TimerIntDisable), (10 bytes).
    Removing timer.o(i.TimerIntRegister), (94 bytes).
    Removing timer.o(i.TimerIntStatus), (10 bytes).
    Removing timer.o(i.TimerIntUnregister), (88 bytes).
    Removing timer.o(i.TimerLoadGet), (10 bytes).
    Removing timer.o(i.TimerMatchGet), (10 bytes).
    Removing timer.o(i.TimerMatchSet), (18 bytes).
    Removing timer.o(i.TimerPrescaleGet), (10 bytes).
    Removing timer.o(i.TimerPrescaleMatchGet), (10 bytes).
    Removing timer.o(i.TimerPrescaleMatchSet), (18 bytes).
    Removing timer.o(i.TimerPrescaleSet), (18 bytes).
    Removing timer.o(i.TimerQuiesce), (126 bytes).
    Removing timer.o(i.TimerRTCDisable), (10 bytes).
    Removing timer.o(i.TimerRTCEnable), (10 bytes).
    Removing uart.o(i.UARTBreakCtl), (18 bytes).
    Removing uart.o(i.UARTBusy), (8 bytes).
    Removing uart.o(i.UARTCharGetNonBlocking), (16 bytes).
    Removing uart.o(i.UARTCharPutNonBlocking), (18 bytes).
    Removing uart.o(i.UARTConfigGetExpClk), (46 bytes).
    Removing uart.o(i.UARTDMADisable), (10 bytes).
    Removing uart.o(i.UARTDMAEnable), (8 bytes).
    Removing uart.o(i.UARTDisable), (30 bytes).
    Removing uart.o(i.UARTDisableSIR), (10 bytes).
    Removing uart.o(i.UARTEnableSIR), (18 bytes).
    Removing uart.o(i.UARTFIFODisable), (10 bytes).
    Removing uart.o(i.UARTFIFOEnable), (10 bytes).
    Removing uart.o(i.UARTFIFOLevelGet), (16 bytes).
    Removing uart.o(i.UARTFIFOLevelSet), (6 bytes).
    Removing uart.o(i.UARTFlowControlGet), (8 bytes).
    Removing uart.o(i.UARTFlowControlSet), (12 bytes).
    Removing uart.o(i.UARTIntClear), (4 bytes).
    Removing uart.o(i.UARTIntDisable), (10 bytes).
    Removing uart.o(i.UARTIntEnable), (8 bytes).
    Removing uart.o(i.UARTIntRegister), (46 bytes).
    Removing uart.o(i.UARTIntStatus), (10 bytes).
    Removing uart.o(i.UARTIntUnregister), (46 bytes).
    Removing uart.o(i.UARTModemControlClear), (14 bytes).
    Removing uart.o(i.UARTModemControlGet), (8 bytes).
    Removing uart.o(i.UARTModemControlSet), (12 bytes).
    Removing uart.o(i.UARTModemStatusGet), (10 bytes).
    Removing uart.o(i.UARTParityModeGet), (8 bytes).
    Removing uart.o(i.UARTParityModeSet), (12 bytes).
    Removing uart.o(i.UARTRxErrorClear), (6 bytes).
    Removing uart.o(i.UARTRxErrorGet), (8 bytes).
    Removing uart.o(i.UARTSmartCardDisable), (10 bytes).
    Removing uart.o(i.UARTSmartCardEnable), (22 bytes).
    Removing uart.o(i.UARTSpaceAvail), (10 bytes).
    Removing uart.o(i.UARTTxIntModeGet), (8 bytes).
    Removing uart.o(i.UARTTxIntModeSet), (12 bytes).

181 unused section(s) (total 4809 bytes) removed from the image.

==============================================================================

Image Symbol Table

    Local Symbols

    Symbol Name                              Value     Ov Type        Size  Object(Section)

    RESET                                    0x00000000   Section      268  startup.o(RESET)
    ../../microlib/init/entry.s              0x00000000   Number         0  entry.o ABSOLUTE
    ../../microlib/init/entry.s              0x00000000   Number         0  entry5.o ABSOLUTE
    ../../microlib/init/entry.s              0x00000000   Number         0  entry7.o ABSOLUTE
    ../../microlib/init/entry.s              0x00000000   Number         0  entry2.o ABSOLUTE
    ..\StellarisWare\utils\uartstdio.c       0x00000000   Number         0  uartstdio.o ABSOLUTE
    EncoderDemo.c                            0x00000000   Number         0  encoderdemo.o ABSOLUTE
    IRSensorDemo.c                           0x00000000   Number         0  irsensordemo.o ABSOLUTE
    LineSensorDemo.c                         0x00000000   Number         0  linesensordemo.o ABSOLUTE
    MotorDemo.c                              0x00000000   Number         0  motordemo.o ABSOLUTE
    RASLib\encoder.c                         0x00000000   Number         0  encoder.o ABSOLUTE
    RASLib\init.c                            0x00000000   Number         0  init.o ABSOLUTE
    RASLib\linesensor.c                      0x00000000   Number         0  linesensor.o ABSOLUTE
    RASLib\motor.c                           0x00000000   Number         0  motor.o ABSOLUTE
    RASLib\servo.c                           0x00000000   Number         0  servo.o ABSOLUTE
    RASLib\timer.c                           0x00000000   Number         0  timer.o ABSOLUTE
    RobzDemo.c                               0x00000000   Number         0  robzdemo.o ABSOLUTE
    ServoDemo.c                              0x00000000   Number         0  servodemo.o ABSOLUTE
    Startup.s                                0x00000000   Number         0  startup.o ABSOLUTE
    UARTDemo.c                               0x00000000   Number         0  uartdemo.o ABSOLUTE
    adc.c                                    0x00000000   Number         0  adc.o ABSOLUTE
    cpu.c                                    0x00000000   Number         0  cpu.o ABSOLUTE
    cpu.c                                    0x00000000   Number         0  cpu.o ABSOLUTE
    dc.s                                     0x00000000   Number         0  dc.o ABSOLUTE
    gpio.c                                   0x00000000   Number         0  gpio.o ABSOLUTE
    handlers.s                               0x00000000   Number         0  handlers.o ABSOLUTE
    init.s                                   0x00000000   Number         0  init.o ABSOLUTE
    interrupt.c                              0x00000000   Number         0  interrupt.o ABSOLUTE
    pwm.c                                    0x00000000   Number         0  pwm.o ABSOLUTE
    sysctl.c                                 0x00000000   Number         0  sysctl.o ABSOLUTE
    sysctl.c                                 0x00000000   Number         0  sysctl.o ABSOLUTE
    timer.c                                  0x00000000   Number         0  timer.o ABSOLUTE
    uart.c                                   0x00000000   Number         0  uart.o ABSOLUTE
    NmiSR                                    0x00000105   Thumb Code     0  startup.o(RESET)
    FaultISR                                 0x00000107   Thumb Code     0  startup.o(RESET)
    IntDefaultHandler                        0x00000109   Thumb Code     0  startup.o(RESET)
    .ARM.Collect$$$$00000000                 0x0000010c   Section        0  entry.o(.ARM.Collect$$$$00000000)
    .ARM.Collect$$$$00000001                 0x0000010c   Section        4  entry2.o(.ARM.Collect$$$$00000001)
    .ARM.Collect$$$$00000004                 0x00000110   Section        4  entry5.o(.ARM.Collect$$$$00000004)
    .ARM.Collect$$$$00000007                 0x00000114   Section        8  entry7.o(.ARM.Collect$$$$00000007)
    .ARM.Collect$$$$00002712                 0x0000011c   Section        4  entry2.o(.ARM.Collect$$$$00002712)
    __lit__00000000                          0x0000011c   Data           4  entry2.o(.ARM.Collect$$$$00002712)
    .emb_text                                0x00000120   Section        6  sysctl.o(.emb_text)
    .emb_text                                0x00000128   Section       26  cpu.o(.emb_text)
    .text                                    0x00000144   Section        0  encoderdemo.o(.text)
    .text                                    0x00000200   Section        0  irsensordemo.o(.text)
    .text                                    0x000002e4   Section        0  linesensordemo.o(.text)
    .text                                    0x0000039c   Section        0  motordemo.o(.text)
    .text                                    0x00000488   Section        0  servodemo.o(.text)
    .text                                    0x0000057c   Section        0  uartdemo.o(.text)
    .text                                    0x0000064c   Section        0  robzdemo.o(.text)
    .text                                    0x0000081c   Section        0  uartstdio.o(.text)
    .text                                    0x00000b9c   Section        0  encoder.o(.text)
    .text                                    0x00000d70   Section        0  init.o(.text)
    .text                                    0x00000de4   Section        0  linesensor.o(.text)
    .text                                    0x00000f50   Section        0  motor.o(.text)
    .text                                    0x00001038   Section        0  servo.o(.text)
    .text                                    0x0000112c   Section        0  timer.o(.text)
    .text                                    0x000011a0   Section       36  init.o(.text)
    i.ADCIntStatus                           0x000011c4   Section        0  adc.o(i.ADCIntStatus)
    i.ADCProcessorTrigger                    0x000011f8   Section        0  adc.o(i.ADCProcessorTrigger)
    i.ADCSequenceConfigure                   0x00001212   Section        0  adc.o(i.ADCSequenceConfigure)
    i.ADCSequenceDataGet                     0x00001244   Section        0  adc.o(i.ADCSequenceDataGet)
    i.ADCSequenceEnable                      0x00001268   Section        0  adc.o(i.ADCSequenceEnable)
    i.ADCSequenceStepConfigure               0x00001276   Section        0  adc.o(i.ADCSequenceStepConfigure)
    i.GPIODirModeSet                         0x000012e4   Section        0  gpio.o(i.GPIODirModeSet)
    i.GPIOIntTypeSet                         0x0000130c   Section        0  gpio.o(i.GPIOIntTypeSet)
    i.GPIOPadConfigSet                       0x00001346   Section        0  gpio.o(i.GPIOPadConfigSet)
    i.GPIOPinIntClear                        0x000013f6   Section        0  gpio.o(i.GPIOPinIntClear)
    i.GPIOPinIntEnable                       0x000013fc   Section        0  gpio.o(i.GPIOPinIntEnable)
    i.GPIOPinIntStatus                       0x00001408   Section        0  gpio.o(i.GPIOPinIntStatus)
    i.GPIOPinRead                            0x00001416   Section        0  gpio.o(i.GPIOPinRead)
    i.GPIOPinTypeGPIOInput                   0x0000141c   Section        0  gpio.o(i.GPIOPinTypeGPIOInput)
    i.GPIOPinTypeGPIOOutput                  0x00001438   Section        0  gpio.o(i.GPIOPinTypeGPIOOutput)
    i.GPIOPinTypePWM                         0x00001454   Section        0  gpio.o(i.GPIOPinTypePWM)
    i.GPIOPinTypeUART                        0x00001470   Section        0  gpio.o(i.GPIOPinTypeUART)
    i.GPIOPinWrite                           0x0000148c   Section        0  gpio.o(i.GPIOPinWrite)
    i.IntEnable                              0x00001492   Section        0  interrupt.o(i.IntEnable)
    i.IntMasterEnable                        0x000014fa   Section        0  interrupt.o(i.IntMasterEnable)
    i.PWMGenConfigure                        0x00001504   Section        0  pwm.o(i.PWMGenConfigure)
    i.PWMGenEnable                           0x0000152a   Section        0  pwm.o(i.PWMGenEnable)
    i.PWMGenPeriodSet                        0x00001534   Section        0  pwm.o(i.PWMGenPeriodSet)
    i.PWMOutputInvert                        0x00001546   Section        0  pwm.o(i.PWMOutputInvert)
    i.PWMOutputState                         0x00001556   Section        0  pwm.o(i.PWMOutputState)
    i.PWMPulseWidthSet                       0x00001566   Section        0  pwm.o(i.PWMPulseWidthSet)
    i.SysCtlClockGet                         0x00001588   Section        0  sysctl.o(i.SysCtlClockGet)
    i.SysCtlClockSet                         0x0000176c   Section        0  sysctl.o(i.SysCtlClockSet)
    i.SysCtlPWMClockSet                      0x000018a4   Section        0  sysctl.o(i.SysCtlPWMClockSet)
    i.SysCtlPeripheralEnable                 0x000018b8   Section        0  sysctl.o(i.SysCtlPeripheralEnable)
    i.SysCtlPeripheralPresent                0x000018d8   Section        0  sysctl.o(i.SysCtlPeripheralPresent)
    i.TimerConfigure                         0x00001918   Section        0  timer.o(i.TimerConfigure)
    i.TimerDisable                           0x00001934   Section        0  timer.o(i.TimerDisable)
    i.TimerEnable                            0x00001944   Section        0  timer.o(i.TimerEnable)
    i.TimerIntClear                          0x00001952   Section        0  timer.o(i.TimerIntClear)
    i.TimerIntEnable                         0x00001956   Section        0  timer.o(i.TimerIntEnable)
    i.TimerLoadSet                           0x0000195e   Section        0  timer.o(i.TimerLoadSet)
    i.TimerValueGet                          0x00001970   Section        0  timer.o(i.TimerValueGet)
    i.UARTCharGet                            0x0000197a   Section        0  uart.o(i.UARTCharGet)
    i.UARTCharPut                            0x00001986   Section        0  uart.o(i.UARTCharPut)
    i.UARTCharsAvail                         0x00001992   Section        0  uart.o(i.UARTCharsAvail)
    i.UARTConfigSetExpClk                    0x0000199c   Section        0  uart.o(i.UARTConfigSetExpClk)
    i.UARTEnable                             0x00001a0a   Section        0  uart.o(i.UARTEnable)
    i.__scatterload_copy                     0x00001a1e   Section       14  handlers.o(i.__scatterload_copy)
    i.__scatterload_null                     0x00001a2c   Section        2  handlers.o(i.__scatterload_null)
    i.__scatterload_zeroinit                 0x00001a2e   Section       14  handlers.o(i.__scatterload_zeroinit)
    .constdata                               0x00001a3c   Section       28  uartstdio.o(.constdata)
    g_pcHex                                  0x00001a3c   Data           4  uartstdio.o(.constdata)
    g_ulUARTBase                             0x00001a40   Data          12  uartstdio.o(.constdata)
    g_ulUARTPeriph                           0x00001a4c   Data          12  uartstdio.o(.constdata)
    .constdata                               0x00001a58   Section      156  sysctl.o(.constdata)
    g_pulDCRegs                              0x00001a58   Data          16  sysctl.o(.constdata)
    g_pulSRCRRegs                            0x00001a68   Data          12  sysctl.o(.constdata)
    g_pulRCGCRegs                            0x00001a74   Data          12  sysctl.o(.constdata)
    g_pulSCGCRegs                            0x00001a80   Data          12  sysctl.o(.constdata)
    g_pulDCGCRegs                            0x00001a8c   Data          12  sysctl.o(.constdata)
    g_pulXtals                               0x00001a98   Data          92  sysctl.o(.constdata)
    .conststring                             0x00001af4   Section       17  uartstdio.o(.conststring)
    .data                                    0x20000000   Section        5  uartstdio.o(.data)
    g_ulBase                                 0x20000000   Data           4  uartstdio.o(.data)
    bLastWasCR                               0x20000004   Data           1  uartstdio.o(.data)
    .data                                    0x20000008   Section       16  encoder.o(.data)
    enc0                                     0x20000008   Data           4  encoder.o(.data)
    enc1                                     0x2000000c   Data           4  encoder.o(.data)
    dir0                                     0x20000010   Data           4  encoder.o(.data)
    dir1                                     0x20000014   Data           4  encoder.o(.data)
    .data                                    0x20000018   Section       12  init.o(.data)
    .data                                    0x20000024   Section        9  linesensor.o(.data)
    readyToRead                              0x20000024   Data           1  linesensor.o(.data)
    ls_dischargeTime                         0x20000028   Data           4  linesensor.o(.data)
    last_ls                                  0x2000002c   Data           1  linesensor.o(.data)
    .data                                    0x20000030   Section        4  motor.o(.data)
    s_ulMotorPeriod                          0x20000030   Data           4  motor.o(.data)
    .data                                    0x20000034   Section        8  servo.o(.data)
    us600                                    0x20000034   Data           4  servo.o(.data)
    us2400                                   0x20000038   Data           4  servo.o(.data)
    .data                                    0x2000003c   Section        1  timer.o(.data)
    isTimerInitialized                       0x2000003c   Data           1  timer.o(.data)
    STACK                                    0x20000040   Section      256  startup.o(STACK)
    StackMem                                 0x20000040   Data           0  startup.o(STACK)

    Global Symbols

    Symbol Name                              Value     Ov Type        Size  Object(Section)

    BuildAttributes$$THM_ISAv4$P$D$K$B$S$PE$A:L22UL41UL21$X:L11$S22US41US21$IEEE1$IW$USESV6$~STKCKD$USESV7$~SHL$OTIME$EBA8$MICROLIB$REQ8$PRES8$EABIv2 0x00000000   Number         0  anon$$obj.o ABSOLUTE
    __ARM_use_no_argv                        0x00000000   Number         0  robzdemo.o ABSOLUTE
    __Vectors                                0x00000000   Data           0  startup.o(RESET)
    __decompress                              - Undefined Weak Reference
    Reset_Handler                            0x00000101   Thumb Code     0  startup.o(RESET)
    __main                                   0x0000010d   Thumb Code     0  entry.o(.ARM.Collect$$$$00000000)
    _main_stk                                0x0000010d   Thumb Code     0  entry2.o(.ARM.Collect$$$$00000001)
    _main_scatterload                        0x00000111   Thumb Code     0  entry5.o(.ARM.Collect$$$$00000004)
    __main_after_scatterload                 0x00000115   Thumb Code     0  entry5.o(.ARM.Collect$$$$00000004)
    _main_init                               0x00000115   Thumb Code     0  entry7.o(.ARM.Collect$$$$00000007)
    SysCtlDelay                              0x00000121   Thumb Code     6  sysctl.o(.emb_text)
    CPUcpsid                                 0x00000129   Thumb Code     8  cpu.o(.emb_text)
    CPUprimask                               0x00000131   Thumb Code     6  cpu.o(.emb_text)
    CPUcpsie                                 0x00000137   Thumb Code     8  cpu.o(.emb_text)
    CPUwfi                                   0x0000013f   Thumb Code     4  cpu.o(.emb_text)
    initEncoders                             0x00000145   Thumb Code    12  encoderdemo.o(.text)
    encoderDemo                              0x00000151   Thumb Code    78  encoderdemo.o(.text)
    initIRSensor                             0x00000201   Thumb Code    42  irsensordemo.o(.text)
    getADCValue                              0x0000022b   Thumb Code    44  irsensordemo.o(.text)
    IRSensorDemo                             0x00000257   Thumb Code    48  irsensordemo.o(.text)
    initLineSensor                           0x000002e5   Thumb Code     8  linesensordemo.o(.text)
    lineSensorDemo                           0x000002ed   Thumb Code    94  linesensordemo.o(.text)
    initMotors                               0x0000039d   Thumb Code    12  motordemo.o(.text)
    motorDemo                                0x000003a9   Thumb Code   140  motordemo.o(.text)
    initServo                                0x00000489   Thumb Code     8  servodemo.o(.text)
    servoDemo                                0x00000491   Thumb Code   134  servodemo.o(.text)
    initUART                                 0x0000057d   Thumb Code    26  uartdemo.o(.text)
    putc                                     0x00000597   Thumb Code    14  uartdemo.o(.text)
    getc                                     0x000005a5   Thumb Code    12  uartdemo.o(.text)
    uartDemo                                 0x000005b1   Thumb Code    62  uartdemo.o(.text)
    keyWasPressed                            0x000005ef   Thumb Code    18  uartdemo.o(.text)
    main                                     0x0000064d   Thumb Code   214  robzdemo.o(.text)
    UARTStdioInitExpClk                      0x0000081d   Thumb Code    72  uartstdio.o(.text)
    UARTStdioInit                            0x00000865   Thumb Code    16  uartstdio.o(.text)
    UARTwrite                                0x00000875   Thumb Code    46  uartstdio.o(.text)
    UARTgets                                 0x000008a3   Thumb Code   132  uartstdio.o(.text)
    UARTgetc                                 0x00000927   Thumb Code    14  uartstdio.o(.text)
    UARTprintf                               0x00000935   Thumb Code   588  uartstdio.o(.text)
    InitializeEncoders                       0x00000b9d   Thumb Code   116  encoder.o(.text)
    GetEncoderCounts                         0x00000c11   Thumb Code    18  encoder.o(.text)
    GetEncoderCount                          0x00000c23   Thumb Code    30  encoder.o(.text)
    PresetEncoderCounts                      0x00000c41   Thumb Code    12  encoder.o(.text)
    PresetEncoderCount                       0x00000c4d   Thumb Code    28  encoder.o(.text)
    EncoderInterruptHandler                  0x00000c69   Thumb Code   246  encoder.o(.text)
    LockoutProtection                        0x00000d71   Thumb Code    32  init.o(.text)
    InitializeMCU                            0x00000d91   Thumb Code    54  init.o(.text)
    StartChargingLS                          0x00000de5   Thumb Code    40  linesensor.o(.text)
    StartDischargingLS                       0x00000e0d   Thumb Code    20  linesensor.o(.text)
    ReadLS                                   0x00000e21   Thumb Code    32  linesensor.o(.text)
    LSIntHandler                             0x00000e41   Thumb Code    88  linesensor.o(.text)
    SetDischargeTime                         0x00000e99   Thumb Code    20  linesensor.o(.text)
    InitializeLineSensor                     0x00000ead   Thumb Code    42  linesensor.o(.text)
    InitializeLineSensorAsync                0x00000ed7   Thumb Code    52  linesensor.o(.text)
    ReadLineSensor                           0x00000f0b   Thumb Code    32  linesensor.o(.text)
    ReadLineSensorAsync                      0x00000f2b   Thumb Code     8  linesensor.o(.text)
    SetMotorPower                            0x00000f51   Thumb Code    24  motor.o(.text)
    SetMotorPowers                           0x00000f69   Thumb Code    24  motor.o(.text)
    InitializeMotors                         0x00000f81   Thumb Code   158  motor.o(.text)
    SetServoPosition                         0x00001039   Thumb Code    44  servo.o(.text)
    InitializeServos                         0x00001065   Thumb Code   176  servo.o(.text)
    WaitUS                                   0x0000112d   Thumb Code    82  timer.o(.text)
    Wait                                     0x0000117f   Thumb Code    18  timer.o(.text)
    __scatterload                            0x000011a1   Thumb Code    28  init.o(.text)
    __scatterload_rt2                        0x000011a1   Thumb Code     0  init.o(.text)
    ADCIntStatus                             0x000011c5   Thumb Code    52  adc.o(i.ADCIntStatus)
    ADCProcessorTrigger                      0x000011f9   Thumb Code    26  adc.o(i.ADCProcessorTrigger)
    ADCSequenceConfigure                     0x00001213   Thumb Code    50  adc.o(i.ADCSequenceConfigure)
    ADCSequenceDataGet                       0x00001245   Thumb Code    36  adc.o(i.ADCSequenceDataGet)
    ADCSequenceEnable                        0x00001269   Thumb Code    14  adc.o(i.ADCSequenceEnable)
    ADCSequenceStepConfigure                 0x00001277   Thumb Code   110  adc.o(i.ADCSequenceStepConfigure)
    GPIODirModeSet                           0x000012e5   Thumb Code    40  gpio.o(i.GPIODirModeSet)
    GPIOIntTypeSet                           0x0000130d   Thumb Code    58  gpio.o(i.GPIOIntTypeSet)
    GPIOPadConfigSet                         0x00001347   Thumb Code   176  gpio.o(i.GPIOPadConfigSet)
    GPIOPinIntClear                          0x000013f7   Thumb Code     6  gpio.o(i.GPIOPinIntClear)
    GPIOPinIntEnable                         0x000013fd   Thumb Code    12  gpio.o(i.GPIOPinIntEnable)
    GPIOPinIntStatus                         0x00001409   Thumb Code    14  gpio.o(i.GPIOPinIntStatus)
    GPIOPinRead                              0x00001417   Thumb Code     6  gpio.o(i.GPIOPinRead)
    GPIOPinTypeGPIOInput                     0x0000141d   Thumb Code    28  gpio.o(i.GPIOPinTypeGPIOInput)
    GPIOPinTypeGPIOOutput                    0x00001439   Thumb Code    28  gpio.o(i.GPIOPinTypeGPIOOutput)
    GPIOPinTypePWM                           0x00001455   Thumb Code    28  gpio.o(i.GPIOPinTypePWM)
    GPIOPinTypeUART                          0x00001471   Thumb Code    28  gpio.o(i.GPIOPinTypeUART)
    GPIOPinWrite                             0x0000148d   Thumb Code     6  gpio.o(i.GPIOPinWrite)
    IntEnable                                0x00001493   Thumb Code   104  interrupt.o(i.IntEnable)
    IntMasterEnable                          0x000014fb   Thumb Code    10  interrupt.o(i.IntMasterEnable)
    PWMGenConfigure                          0x00001505   Thumb Code    38  pwm.o(i.PWMGenConfigure)
    PWMGenEnable                             0x0000152b   Thumb Code    10  pwm.o(i.PWMGenEnable)
    PWMGenPeriodSet                          0x00001535   Thumb Code    18  pwm.o(i.PWMGenPeriodSet)
    PWMOutputInvert                          0x00001547   Thumb Code    16  pwm.o(i.PWMOutputInvert)
    PWMOutputState                           0x00001557   Thumb Code    16  pwm.o(i.PWMOutputState)
    PWMPulseWidthSet                         0x00001567   Thumb Code    32  pwm.o(i.PWMPulseWidthSet)
    SysCtlClockGet                           0x00001589   Thumb Code   438  sysctl.o(i.SysCtlClockGet)
    SysCtlClockSet                           0x0000176d   Thumb Code   288  sysctl.o(i.SysCtlClockSet)
    SysCtlPWMClockSet                        0x000018a5   Thumb Code    14  sysctl.o(i.SysCtlPWMClockSet)
    SysCtlPeripheralEnable                   0x000018b9   Thumb Code    26  sysctl.o(i.SysCtlPeripheralEnable)
    SysCtlPeripheralPresent                  0x000018d9   Thumb Code    50  sysctl.o(i.SysCtlPeripheralPresent)
    TimerConfigure                           0x00001919   Thumb Code    28  timer.o(i.TimerConfigure)
    TimerDisable                             0x00001935   Thumb Code    16  timer.o(i.TimerDisable)
    TimerEnable                              0x00001945   Thumb Code    14  timer.o(i.TimerEnable)
    TimerIntClear                            0x00001953   Thumb Code     4  timer.o(i.TimerIntClear)
    TimerIntEnable                           0x00001957   Thumb Code     8  timer.o(i.TimerIntEnable)
    TimerLoadSet                             0x0000195f   Thumb Code    18  timer.o(i.TimerLoadSet)
    TimerValueGet                            0x00001971   Thumb Code    10  timer.o(i.TimerValueGet)
    UARTCharGet                              0x0000197b   Thumb Code    12  uart.o(i.UARTCharGet)
    UARTCharPut                              0x00001987   Thumb Code    12  uart.o(i.UARTCharPut)
    UARTCharsAvail                           0x00001993   Thumb Code    10  uart.o(i.UARTCharsAvail)
    UARTConfigSetExpClk                      0x0000199d   Thumb Code   110  uart.o(i.UARTConfigSetExpClk)
    UARTEnable                               0x00001a0b   Thumb Code    20  uart.o(i.UARTEnable)
    __scatterload_copy                       0x00001a1f   Thumb Code    14  handlers.o(i.__scatterload_copy)
    __scatterload_null                       0x00001a2d   Thumb Code     2  handlers.o(i.__scatterload_null)
    __scatterload_zeroinit                   0x00001a2f   Thumb Code    14  handlers.o(i.__scatterload_zeroinit)
    Region$$Table$$Base                      0x00001b08   Number         0  anon$$obj.o(Region$$Table)
    Region$$Table$$Limit                     0x00001b28   Number         0  anon$$obj.o(Region$$Table)
    g_ulTicksPerSecond                       0x20000018   Data           4  init.o(.data)
    g_ulTicksPerUs                           0x2000001c   Data           4  init.o(.data)
    g_ulPWMTicksPerSecond                    0x20000020   Data           4  init.o(.data)
    __initial_sp                             0x20000140   Data           0  startup.o(STACK)



==============================================================================

Memory Map of the image

  Image Entry point : 0x00000101

  Load Region LR_1 (Base: 0x00000000, Size: 0x00001b68, Max: 0xffffffff, ABSOLUTE)

    Execution Region ER_RO (Base: 0x00000000, Size: 0x00001b28, Max: 0xffffffff, ABSOLUTE)

    Base Addr    Size         Type   Attr      Idx    E Section Name        Object

    0x00000000   0x0000010c   Code   RO          144  * RESET               startup.o
    0x0000010c   0x00000000   Code   RO         1715  * .ARM.Collect$$$$00000000  entry.o(mc_w.l)
    0x0000010c   0x00000004   Code   RO         1718    .ARM.Collect$$$$00000001  entry2.o(mc_w.l)
    0x00000110   0x00000004   Code   RO         1721    .ARM.Collect$$$$00000004  entry5.o(mc_w.l)
    0x00000114   0x00000008   Code   RO         1722    .ARM.Collect$$$$00000007  entry7.o(mc_w.l)
    0x0000011c   0x00000004   Code   RO         1719    .ARM.Collect$$$$00002712  entry2.o(mc_w.l)
    0x00000120   0x00000006   Code   RO         1019    .emb_text           sysctl.o(driverlib.lib)
    0x00000126   0x00000002   PAD
    0x00000128   0x0000001a   Code   RO         1705    .emb_text           cpu.o(driverlib.lib)
    0x00000142   0x00000002   PAD
    0x00000144   0x000000bc   Code   RO            1    .text               encoderdemo.o
    0x00000200   0x000000e4   Code   RO           33    .text               irsensordemo.o
    0x000002e4   0x000000b8   Code   RO           51    .text               linesensordemo.o
    0x0000039c   0x000000ec   Code   RO           81    .text               motordemo.o
    0x00000488   0x000000f4   Code   RO           99    .text               servodemo.o
    0x0000057c   0x000000d0   Code   RO          114    .text               uartdemo.o
    0x0000064c   0x000001d0   Code   RO          126    .text               robzdemo.o
    0x0000081c   0x00000380   Code   RO          151    .text               uartstdio.o
    0x00000b9c   0x000001d4   Code   RO          182    .text               encoder.o
    0x00000d70   0x00000074   Code   RO          199    .text               init.o
    0x00000de4   0x0000016c   Code   RO          217    .text               linesensor.o
    0x00000f50   0x000000e8   Code   RO          241    .text               motor.o
    0x00001038   0x000000f4   Code   RO          258    .text               servo.o
    0x0000112c   0x00000074   Code   RO          275    .text               timer.o
    0x000011a0   0x00000024   Code   RO         1723    .text               init.o(mc_w.l)
    0x000011c4   0x00000034   Code   RO          300    i.ADCIntStatus      adc.o(driverlib.lib)
    0x000011f8   0x0000001a   Code   RO          304    i.ADCProcessorTrigger  adc.o(driverlib.lib)
    0x00001212   0x00000032   Code   RO          307    i.ADCSequenceConfigure  adc.o(driverlib.lib)
    0x00001244   0x00000024   Code   RO          308    i.ADCSequenceDataGet  adc.o(driverlib.lib)
    0x00001268   0x0000000e   Code   RO          310    i.ADCSequenceEnable  adc.o(driverlib.lib)
    0x00001276   0x0000006e   Code   RO          313    i.ADCSequenceStepConfigure  adc.o(driverlib.lib)
    0x000012e4   0x00000028   Code   RO          504    i.GPIODirModeSet    gpio.o(driverlib.lib)
    0x0000130c   0x0000003a   Code   RO          507    i.GPIOIntTypeSet    gpio.o(driverlib.lib)
    0x00001346   0x000000b0   Code   RO          509    i.GPIOPadConfigSet  gpio.o(driverlib.lib)
    0x000013f6   0x00000006   Code   RO          511    i.GPIOPinIntClear   gpio.o(driverlib.lib)
    0x000013fc   0x0000000c   Code   RO          513    i.GPIOPinIntEnable  gpio.o(driverlib.lib)
    0x00001408   0x0000000e   Code   RO          514    i.GPIOPinIntStatus  gpio.o(driverlib.lib)
    0x00001416   0x00000006   Code   RO          515    i.GPIOPinRead       gpio.o(driverlib.lib)
    0x0000141c   0x0000001c   Code   RO          521    i.GPIOPinTypeGPIOInput  gpio.o(driverlib.lib)
    0x00001438   0x0000001c   Code   RO          522    i.GPIOPinTypeGPIOOutput  gpio.o(driverlib.lib)
    0x00001454   0x0000001c   Code   RO          526    i.GPIOPinTypePWM    gpio.o(driverlib.lib)
    0x00001470   0x0000001c   Code   RO          530    i.GPIOPinTypeUART   gpio.o(driverlib.lib)
    0x0000148c   0x00000006   Code   RO          533    i.GPIOPinWrite      gpio.o(driverlib.lib)
    0x00001492   0x00000068   Code   RO          719    i.IntEnable         interrupt.o(driverlib.lib)
    0x000014fa   0x0000000a   Code   RO          721    i.IntMasterEnable   interrupt.o(driverlib.lib)
    0x00001504   0x00000026   Code   RO          815    i.PWMGenConfigure   pwm.o(driverlib.lib)
    0x0000152a   0x0000000a   Code   RO          817    i.PWMGenEnable      pwm.o(driverlib.lib)
    0x00001534   0x00000012   Code   RO          830    i.PWMGenPeriodSet   pwm.o(driverlib.lib)
    0x00001546   0x00000010   Code   RO          836    i.PWMOutputInvert   pwm.o(driverlib.lib)
    0x00001556   0x00000010   Code   RO          837    i.PWMOutputState    pwm.o(driverlib.lib)
    0x00001566   0x00000020   Code   RO          839    i.PWMPulseWidthSet  pwm.o(driverlib.lib)
    0x00001586   0x00000002   PAD
    0x00001588   0x000001e4   Code   RO         1024    i.SysCtlClockGet    sysctl.o(driverlib.lib)
    0x0000176c   0x00000138   Code   RO         1025    i.SysCtlClockSet    sysctl.o(driverlib.lib)
    0x000018a4   0x00000014   Code   RO         1044    i.SysCtlPWMClockSet  sysctl.o(driverlib.lib)
    0x000018b8   0x00000020   Code   RO         1049    i.SysCtlPeripheralEnable  sysctl.o(driverlib.lib)
    0x000018d8   0x00000040   Code   RO         1050    i.SysCtlPeripheralPresent  sysctl.o(driverlib.lib)
    0x00001918   0x0000001c   Code   RO         1286    i.TimerConfigure    timer.o(driverlib.lib)
    0x00001934   0x00000010   Code   RO         1292    i.TimerDisable      timer.o(driverlib.lib)
    0x00001944   0x0000000e   Code   RO         1293    i.TimerEnable       timer.o(driverlib.lib)
    0x00001952   0x00000004   Code   RO         1294    i.TimerIntClear     timer.o(driverlib.lib)
    0x00001956   0x00000008   Code   RO         1296    i.TimerIntEnable    timer.o(driverlib.lib)
    0x0000195e   0x00000012   Code   RO         1301    i.TimerLoadSet      timer.o(driverlib.lib)
    0x00001970   0x0000000a   Code   RO         1311    i.TimerValueGet     timer.o(driverlib.lib)
    0x0000197a   0x0000000c   Code   RO         1456    i.UARTCharGet       uart.o(driverlib.lib)
    0x00001986   0x0000000c   Code   RO         1458    i.UARTCharPut       uart.o(driverlib.lib)
    0x00001992   0x0000000a   Code   RO         1460    i.UARTCharsAvail    uart.o(driverlib.lib)
    0x0000199c   0x0000006e   Code   RO         1462    i.UARTConfigSetExpClk  uart.o(driverlib.lib)
    0x00001a0a   0x00000014   Code   RO         1467    i.UARTEnable        uart.o(driverlib.lib)
    0x00001a1e   0x0000000e   Code   RO         1727    i.__scatterload_copy  handlers.o(mc_w.l)
    0x00001a2c   0x00000002   Code   RO         1728    i.__scatterload_null  handlers.o(mc_w.l)
    0x00001a2e   0x0000000e   Code   RO         1729    i.__scatterload_zeroinit  handlers.o(mc_w.l)
    0x00001a3c   0x0000001c   Data   RO          152    .constdata          uartstdio.o
    0x00001a58   0x0000009c   Data   RO         1062    .constdata          sysctl.o(driverlib.lib)
    0x00001af4   0x00000011   Data   RO          153    .conststring        uartstdio.o
    0x00001b05   0x00000003   PAD
    0x00001b08   0x00000020   Data   RO         1725    Region$$Table       anon$$obj.o


    Execution Region ER_RW (Base: 0x20000000, Size: 0x00000040, Max: 0xffffffff, ABSOLUTE)

    Base Addr    Size         Type   Attr      Idx    E Section Name        Object

    0x20000000   0x00000005   Data   RW          154    .data               uartstdio.o
    0x20000005   0x00000003   PAD
    0x20000008   0x00000010   Data   RW          183    .data               encoder.o
    0x20000018   0x0000000c   Data   RW          200    .data               init.o
    0x20000024   0x00000009   Data   RW          218    .data               linesensor.o
    0x2000002d   0x00000003   PAD
    0x20000030   0x00000004   Data   RW          242    .data               motor.o
    0x20000034   0x00000008   Data   RW          259    .data               servo.o
    0x2000003c   0x00000001   Data   RW          276    .data               timer.o


    Execution Region ER_ZI (Base: 0x20000040, Size: 0x00000100, Max: 0xffffffff, ABSOLUTE)

    Base Addr    Size         Type   Attr      Idx    E Section Name        Object

    0x20000040   0x00000100   Zero   RW          142    STACK               startup.o


==============================================================================

Image component sizes


      Code (inc. data)   RO Data    RW Data    ZI Data      Debug   Object Name

       468         18          0         16          0       2869   encoder.o
       188         98          0          0          0       4655   encoderdemo.o
       116         30          0         12          0        828   init.o
       228         94          0          0          0        768   irsensordemo.o
       364         30          0          9          0       2788   linesensor.o
       184         82          0          0          0        756   linesensordemo.o
       232         26          0          4          0       1476   motor.o
       236         84          0          0          0        699   motordemo.o
       464        250          0          0          0        579   robzdemo.o
       244         24          0          8          0       1308   servo.o
       244        102          0          0          0        654   servodemo.o
       268        258          0          0        256        192   startup.o
       116         16          0          1          0        646   timer.o
       208         76          0          0          0       1092   uartdemo.o
       896         28         45          5          0       3735   uartstdio.o

    ----------------------------------------------------------------------
      4456       1216         80         64        256      23045   Object Totals
         0          0         32          0          0          0   (incl. Generated)
         0          0          3          9          0          1   (incl. Padding)

    ----------------------------------------------------------------------

      Code (inc. data)   RO Data    RW Data    ZI Data      Debug   Library Member Name

       288          0          0          0          0       6092   adc.o
        26          0          0          0          0        316   cpu.o
         0          0          0          0          0          0   entry.o
         8          4          0          0          0          0   entry2.o
         4          0          0          0          0          0   entry5.o
         8          4          0          0          0          0   entry7.o
       430          0          0          0          0       6936   gpio.o
        30          0          0          0          0          0   handlers.o
        36          8          0          0          0         68   init.o
       114          0          0          0          0        994   interrupt.o
       130          0          0          0          0       3021   pwm.o
       918         96        156          0          0       4713   sysctl.o
        98          0          0          0          0       3254   timer.o
       164          0          0          0          0       3048   uart.o

    ----------------------------------------------------------------------
      2260        112        156          0          0      28442   Library Totals
         6          0          0          0          0          0   (incl. Padding)

    ----------------------------------------------------------------------

      Code (inc. data)   RO Data    RW Data    ZI Data      Debug   Library Name

      2168         96        156          0          0      28374   driverlib.lib
        86         16          0          0          0         68   mc_w.l

    ----------------------------------------------------------------------
      2260        112        156          0          0      28442   Library Totals

    ----------------------------------------------------------------------

==============================================================================


      Code (inc. data)   RO Data    RW Data    ZI Data      Debug   

      6716       1328        236         64        256      48688   Grand Totals
      6716       1328        236         64        256      48688   ELF Image Totals
      6716       1328        236         64          0          0   ROM Totals

==============================================================================

    Total RO  Size (Code + RO Data)                 6952 (   6.79kB)
    Total RW  Size (RW Data + ZI Data)               320 (   0.31kB)
    Total ROM Size (Code + RO Data + RW Data)       7016 (   6.85kB)

==============================================================================

