<html>
<body>
<pre>
<h1>µVision Build Log</h1>
<h2>Project:</h2>
C:\Documents and Settings\RAS\Desktop\DPRG\Code\dprg.uvproj
Project File Date:  11/12/2010

<h2>Output:</h2>
Build target 'Target 1'
compiling EncoderDemo.c...
compiling IRSensorDemo.c...
compiling LineSensorDemo.c...
compiling MotorDemo.c...
compiling ServoDemo.c...
compiling UARTDemo.c...
compiling RobzDemo.c...
assembling Startup.s...
compiling uartstdio.c...
linking...
Program Size: Code=6208 RO-data=236 RW-data=20 ZI-data=300  
"dprg.axf" - 0 Error(s), 0 Warning(s).
Load "C:\\Documents and Settings\\RAS\\Desktop\\DPRG\\Code\\dprg.AXF" 
Warning: OSC to JTAG clock ratio violation - JTAG clock has been automatically adjusted to comply.
Connecting: Mode=JTAG, Speed=600000Hz
Erase Done.
Programming Done.
Verify OK.
Load "C:\\Documents and Settings\\RAS\\Desktop\\DPRG\\Code\\dprg.AXF" 
Warning: OSC to JTAG clock ratio violation - JTAG clock has been automatically adjusted to comply.
Connecting: Mode=JTAG, Speed=600000Hz
Erase Done.
Programming Done.
Verify OK.
Build target 'Target 1'
compiling EncoderDemo.c...
compiling IRSensorDemo.c...
compiling LineSensorDemo.c...
compiling MotorDemo.c...
compiling ServoDemo.c...
compiling UARTDemo.c...
compiling RobzDemo.c...
assembling Startup.s...
compiling uartstdio.c...
linking...
Program Size: Code=6208 RO-data=236 RW-data=20 ZI-data=300  
"dprg.axf" - 0 Error(s), 0 Warning(s).
Load "C:\\Documents and Settings\\RAS\\Desktop\\DPRG\\Code\\dprg.AXF" 
Warning: OSC to JTAG clock ratio violation - JTAG clock has been automatically adjusted to comply.
Connecting: Mode=JTAG, Speed=600000Hz
Erase Done.
Programming Done.
Verify OK.
Build target 'Target 1'
compiling EncoderDemo.c...
compiling IRSensorDemo.c...
compiling LineSensorDemo.c...
compiling MotorDemo.c...
compiling ServoDemo.c...
compiling UARTDemo.c...
compiling RobzDemo.c...
assembling Startup.s...
compiling uartstdio.c...
linking...
Program Size: Code=6208 RO-data=236 RW-data=20 ZI-data=300  
"dprg.axf" - 0 Error(s), 0 Warning(s).
Load "C:\\Documents and Settings\\RAS\\Desktop\\DPRG\\Code\\dprg.AXF" 
Warning: OSC to JTAG clock ratio violation - JTAG clock has been automatically adjusted to comply.
Connecting: Mode=JTAG, Speed=600000Hz
Erase Done.
Programming Done.
Verify OK.
Build target 'Target 1'
compiling EncoderDemo.c...
compiling IRSensorDemo.c...
compiling LineSensorDemo.c...
compiling MotorDemo.c...
compiling ServoDemo.c...
compiling UARTDemo.c...
compiling RobzDemo.c...
assembling Startup.s...
compiling uartstdio.c...
linking...
Program Size: Code=6208 RO-data=236 RW-data=20 ZI-data=300  
"dprg.axf" - 0 Error(s), 0 Warning(s).
Load "C:\\Documents and Settings\\RAS\\Desktop\\DPRG\\Code\\dprg.AXF" 
Warning: OSC to JTAG clock ratio violation - JTAG clock has been automatically adjusted to comply.
Connecting: Mode=JTAG, Speed=600000Hz
Erase Done.
Programming Done.
Verify OK.
Load "C:\\Documents and Settings\\RAS\\Desktop\\DPRG\\Code\\dprg.AXF" 
Warning: OSC to JTAG clock ratio violation - JTAG clock has been automatically adjusted to comply.
Connecting: Mode=JTAG, Speed=600000Hz
Erase Done.
Programming Done.
Verify OK.
Load "C:\\Documents and Settings\\RAS\\Desktop\\DPRG\\Code\\dprg.AXF" 
Warning: OSC to JTAG clock ratio violation - JTAG clock has been automatically adjusted to comply.
Connecting: Mode=JTAG, Speed=600000Hz
Erase Done.
Programming Done.
Verify OK.
Build target 'Target 1'
compiling EncoderDemo.c...
compiling IRSensorDemo.c...
compiling LineSensorDemo.c...
compiling MotorDemo.c...
compiling ServoDemo.c...
compiling UARTDemo.c...
compiling RobzDemo.c...
RobzDemo.c(13): warning:  #223-D: function "InitializeEncoders" declared implicitly
RobzDemo.c:     InitializeEncoders(false, false);                                                                                                                                                                                   
RobzDemo.c:     ^
RobzDemo.c(20): warning:  #223-D: function "GetEncoderCount" declared implicitly
RobzDemo.c:             UARTprintf("enc0:%d  enc1:%d      \r\n",GetEncoderCount(ENCODER_0),GetEncoderCount(ENCODER_1));
RobzDemo.c:                                                     ^
RobzDemo.c(20): error:  #20: identifier "ENCODER_0" is undefined
RobzDemo.c:             UARTprintf("enc0:%d  enc1:%d      \r\n",GetEncoderCount(ENCODER_0),GetEncoderCount(ENCODER_1));
RobzDemo.c:                                                                     ^
RobzDemo.c(20): error:  #20: identifier "ENCODER_1" is undefined
RobzDemo.c:             UARTprintf("enc0:%d  enc1:%d      \r\n",GetEncoderCount(ENCODER_0),GetEncoderCount(ENCODER_1));
RobzDemo.c:                                                                                                ^
RobzDemo.c: RobzDemo.c: 2 warnings, 2 errors
assembling Startup.s...
compiling uartstdio.c...
Target not created
Build target 'Target 1'
compiling EncoderDemo.c...
compiling IRSensorDemo.c...
compiling LineSensorDemo.c...
compiling MotorDemo.c...
compiling ServoDemo.c...
compiling UARTDemo.c...
compiling RobzDemo.c...
RobzDemo.c(13): warning:  #223-D: function "InitializeEncoders" declared implicitly
RobzDemo.c:     InitializeEncoders(false, false);                                                                                                                                                                                   
RobzDemo.c:     ^
RobzDemo.c: RobzDemo.c: 1 warning, 0 errors
assembling Startup.s...
compiling uartstdio.c...
linking...
Program Size: Code=6216 RO-data=236 RW-data=20 ZI-data=300  
"dprg.axf" - 0 Error(s), 1 Warning(s).
Build target 'Target 1'
compiling EncoderDemo.c...
compiling IRSensorDemo.c...
compiling LineSensorDemo.c...
compiling MotorDemo.c...
compiling ServoDemo.c...
compiling UARTDemo.c...
compiling RobzDemo.c...
assembling Startup.s...
compiling uartstdio.c...
linking...
Program Size: Code=6268 RO-data=236 RW-data=20 ZI-data=300  
"dprg.axf" - 0 Error(s), 0 Warning(s).
Load "C:\\Documents and Settings\\RAS\\Desktop\\DPRG\\Code\\dprg.AXF" 
Warning: OSC to JTAG clock ratio violation - JTAG clock has been automatically adjusted to comply.
Connecting: Mode=JTAG, Speed=600000Hz
Erase Done.
Programming Done.
Verify OK.
