ARM Linker, 4.1 [Build 481] [Evaluation]

==============================================================================

Section Cross References

    encoderdemo.o(.text) refers to encoder.o(.text) for InitializeEncoders
    encoderdemo.o(.text) refers to uartstdio.o(.text) for UARTprintf
    encoderdemo.o(.text) refers to uartdemo.o(.text) for keyWasPressed
    irsensordemo.o(.text) refers to sysctl.o(i.SysCtlPeripheralEnable) for SysCtlPeripheralEnable
    irsensordemo.o(.text) refers to adc.o(i.ADCSequenceConfigure) for ADCSequenceConfigure
    irsensordemo.o(.text) refers to adc.o(i.ADCSequenceStepConfigure) for ADCSequenceStepConfigure
    irsensordemo.o(.text) refers to adc.o(i.ADCSequenceEnable) for ADCSequenceEnable
    irsensordemo.o(.text) refers to adc.o(i.ADCProcessorTrigger) for ADCProcessorTrigger
    irsensordemo.o(.text) refers to adc.o(i.ADCIntStatus) for ADCIntStatus
    irsensordemo.o(.text) refers to adc.o(i.ADCSequenceDataGet) for ADCSequenceDataGet
    irsensordemo.o(.text) refers to uartstdio.o(.text) for UARTprintf
    irsensordemo.o(.text) refers to uartdemo.o(.text) for keyWasPressed
    linesensordemo.o(.text) refers to linesensor.o(.text) for InitializeLineSensor
    linesensordemo.o(.text) refers to uartstdio.o(.text) for UARTprintf
    linesensordemo.o(.text) refers to uartdemo.o(.text) for keyWasPressed
    motordemo.o(.text) refers to motor.o(.text) for InitializeMotors
    motordemo.o(.text) refers to uartstdio.o(.text) for UARTprintf
    motordemo.o(.text) refers to uartdemo.o(.text) for getc
    servodemo.o(.text) refers to servo.o(.text) for InitializeServos
    servodemo.o(.text) refers to uartstdio.o(.text) for UARTprintf
    servodemo.o(.text) refers to uartdemo.o(.text) for getc
    servodemo.o(.text) refers to dfltui.o(.text) for __aeabi_ui2d
    servodemo.o(.text) refers to dmul.o(.text) for __aeabi_dmul
    servodemo.o(.text) refers to dadd.o(.text) for __aeabi_dadd
    servodemo.o(.text) refers to dfixui.o(.text) for __aeabi_d2uiz
    uartdemo.o(.text) refers to sysctl.o(i.SysCtlPeripheralEnable) for SysCtlPeripheralEnable
    uartdemo.o(.text) refers to gpio.o(i.GPIOPinTypeUART) for GPIOPinTypeUART
    uartdemo.o(.text) refers to uartstdio.o(.text) for UARTStdioInit
    uartdemo.o(.text) refers to uart.o(i.UARTCharsAvail) for UARTCharsAvail
    robzdemo.o(.text) refers to init.o(.text) for LockoutProtection
    robzdemo.o(.text) refers to uartdemo.o(.text) for initUART
    robzdemo.o(.text) refers to encoder.o(.text) for InitializeEncoders
    startup.o(RESET) refers to startup.o(STACK) for StackMem
    startup.o(RESET) refers to entry.o(.ARM.Collect$$$$00000000) for __main
    uartstdio.o(.text) refers to sysctl.o(i.SysCtlPeripheralPresent) for SysCtlPeripheralPresent
    uartstdio.o(.text) refers to sysctl.o(i.SysCtlPeripheralEnable) for SysCtlPeripheralEnable
    uartstdio.o(.text) refers to sysctl.o(i.SysCtlClockGet) for SysCtlClockGet
    uartstdio.o(.text) refers to uart.o(i.UARTConfigSetExpClk) for UARTConfigSetExpClk
    uartstdio.o(.text) refers to uart.o(i.UARTEnable) for UARTEnable
    uartstdio.o(.text) refers to uart.o(i.UARTCharPut) for UARTCharPut
    uartstdio.o(.text) refers to uart.o(i.UARTCharGet) for UARTCharGet
    uartstdio.o(.text) refers to uartstdio.o(.constdata) for g_ulUARTPeriph
    uartstdio.o(.text) refers to uartstdio.o(.data) for g_ulBase
    uartstdio.o(.constdata) refers to uartstdio.o(.conststring) for .conststring
    encoder.o(.text) refers to sysctl.o(i.SysCtlPeripheralEnable) for SysCtlPeripheralEnable
    encoder.o(.text) refers to gpio.o(i.GPIOPinTypeGPIOInput) for GPIOPinTypeGPIOInput
    encoder.o(.text) refers to interrupt.o(i.IntEnable) for IntEnable
    encoder.o(.text) refers to gpio.o(i.GPIOIntTypeSet) for GPIOIntTypeSet
    encoder.o(.text) refers to gpio.o(i.GPIOPinIntEnable) for GPIOPinIntEnable
    encoder.o(.text) refers to uartstdio.o(.text) for UARTprintf
    encoder.o(.text) refers to gpio.o(i.GPIOPinIntStatus) for GPIOPinIntStatus
    encoder.o(.text) refers to gpio.o(i.GPIOPinIntClear) for GPIOPinIntClear
    encoder.o(.text) refers to gpio.o(i.GPIOPinRead) for GPIOPinRead
    encoder.o(.text) refers to encoder.o(.data) for dir0
    init.o(.text) refers to sysctl.o(i.SysCtlPeripheralEnable) for SysCtlPeripheralEnable
    init.o(.text) refers to gpio.o(i.GPIOPinTypeGPIOInput) for GPIOPinTypeGPIOInput
    init.o(.text) refers to gpio.o(i.GPIOPinRead) for GPIOPinRead
    init.o(.text) refers to sysctl.o(i.SysCtlClockSet) for SysCtlClockSet
    init.o(.text) refers to sysctl.o(i.SysCtlPWMClockSet) for SysCtlPWMClockSet
    init.o(.text) refers to sysctl.o(i.SysCtlClockGet) for SysCtlClockGet
    init.o(.text) refers to interrupt.o(i.IntMasterEnable) for IntMasterEnable
    init.o(.text) refers to init.o(.data) for g_ulTicksPerSecond
    linesensor.o(.text) refers to gpio.o(i.GPIOPinTypeGPIOOutput) for GPIOPinTypeGPIOOutput
    linesensor.o(.text) refers to gpio.o(i.GPIOPinWrite) for GPIOPinWrite
    linesensor.o(.text) refers to gpio.o(i.GPIOPinTypeGPIOInput) for GPIOPinTypeGPIOInput
    linesensor.o(.text) refers to gpio.o(i.GPIOPinRead) for GPIOPinRead
    linesensor.o(.text) refers to timer.o(i.TimerIntClear) for TimerIntClear
    linesensor.o(.text) refers to timer.o(i.TimerLoadSet) for TimerLoadSet
    linesensor.o(.text) refers to sysctl.o(i.SysCtlPeripheralEnable) for SysCtlPeripheralEnable
    linesensor.o(.text) refers to interrupt.o(i.IntMasterEnable) for IntMasterEnable
    linesensor.o(.text) refers to interrupt.o(i.IntEnable) for IntEnable
    linesensor.o(.text) refers to timer.o(i.TimerConfigure) for TimerConfigure
    linesensor.o(.text) refers to timer.o(i.TimerIntEnable) for TimerIntEnable
    linesensor.o(.text) refers to timer.o(i.TimerEnable) for TimerEnable
    linesensor.o(.text) refers to timer.o(.text) for WaitUS
    linesensor.o(.text) refers to linesensor.o(.data) for readyToRead
    linesensor.o(.text) refers to init.o(.data) for g_ulTicksPerUs
    motor.o(.text) refers to pwm.o(i.PWMPulseWidthSet) for PWMPulseWidthSet
    motor.o(.text) refers to sysctl.o(i.SysCtlPeripheralEnable) for SysCtlPeripheralEnable
    motor.o(.text) refers to gpio.o(i.GPIOPinTypePWM) for GPIOPinTypePWM
    motor.o(.text) refers to gpio.o(i.GPIOPinTypeGPIOOutput) for GPIOPinTypeGPIOOutput
    motor.o(.text) refers to pwm.o(i.PWMGenConfigure) for PWMGenConfigure
    motor.o(.text) refers to pwm.o(i.PWMGenPeriodSet) for PWMGenPeriodSet
    motor.o(.text) refers to pwm.o(i.PWMOutputInvert) for PWMOutputInvert
    motor.o(.text) refers to pwm.o(i.PWMOutputState) for PWMOutputState
    motor.o(.text) refers to pwm.o(i.PWMGenEnable) for PWMGenEnable
    motor.o(.text) refers to gpio.o(i.GPIOPinWrite) for GPIOPinWrite
    motor.o(.text) refers to motor.o(.data) for s_ulMotorPeriod
    servo.o(.text) refers to pwm.o(i.PWMPulseWidthSet) for PWMPulseWidthSet
    servo.o(.text) refers to sysctl.o(i.SysCtlPeripheralEnable) for SysCtlPeripheralEnable
    servo.o(.text) refers to gpio.o(i.GPIOPinTypePWM) for GPIOPinTypePWM
    servo.o(.text) refers to pwm.o(i.PWMGenConfigure) for PWMGenConfigure
    servo.o(.text) refers to pwm.o(i.PWMGenPeriodSet) for PWMGenPeriodSet
    servo.o(.text) refers to pwm.o(i.PWMOutputState) for PWMOutputState
    servo.o(.text) refers to pwm.o(i.PWMGenEnable) for PWMGenEnable
    servo.o(.text) refers to servo.o(.data) for us2400
    servo.o(.text) refers to init.o(.data) for g_ulPWMTicksPerSecond
    timer.o(.text) refers to sysctl.o(i.SysCtlPeripheralEnable) for SysCtlPeripheralEnable
    timer.o(.text) refers to timer.o(i.TimerConfigure) for TimerConfigure
    timer.o(.text) refers to timer.o(i.TimerLoadSet) for TimerLoadSet
    timer.o(.text) refers to timer.o(i.TimerEnable) for TimerEnable
    timer.o(.text) refers to timer.o(i.TimerValueGet) for TimerValueGet
    timer.o(.text) refers to timer.o(i.TimerDisable) for TimerDisable
    timer.o(.text) refers to timer.o(.data) for isTimerInitialized
    timer.o(.text) refers to init.o(.data) for g_ulTicksPerUs
    adc.o(i.ADCIntRegister) refers to interrupt.o(i.IntRegister) for IntRegister
    adc.o(i.ADCIntRegister) refers to interrupt.o(i.IntEnable) for IntEnable
    adc.o(i.ADCIntUnregister) refers to interrupt.o(i.IntDisable) for IntDisable
    adc.o(i.ADCIntUnregister) refers to interrupt.o(i.IntUnregister) for IntUnregister
    adc.o(i.ADCSoftwareOversampleConfigure) refers to adc.o(.data) for .data
    adc.o(i.ADCSoftwareOversampleDataGet) refers to adc.o(.data) for .data
    adc.o(i.ADCSoftwareOversampleStepConfigure) refers to adc.o(.data) for .data
    gpio.o(i.GPIOPinConfigure) refers to gpio.o(.constdata) for .constdata
    gpio.o(i.GPIOPinTypeADC) refers to gpio.o(i.GPIODirModeSet) for GPIODirModeSet
    gpio.o(i.GPIOPinTypeADC) refers to gpio.o(i.GPIOPadConfigSet) for GPIOPadConfigSet
    gpio.o(i.GPIOPinTypeCAN) refers to gpio.o(i.GPIODirModeSet) for GPIODirModeSet
    gpio.o(i.GPIOPinTypeCAN) refers to gpio.o(i.GPIOPadConfigSet) for GPIOPadConfigSet
    gpio.o(i.GPIOPinTypeComparator) refers to gpio.o(i.GPIODirModeSet) for GPIODirModeSet
    gpio.o(i.GPIOPinTypeComparator) refers to gpio.o(i.GPIOPadConfigSet) for GPIOPadConfigSet
    gpio.o(i.GPIOPinTypeEPI) refers to gpio.o(i.GPIODirModeSet) for GPIODirModeSet
    gpio.o(i.GPIOPinTypeEPI) refers to gpio.o(i.GPIOPadConfigSet) for GPIOPadConfigSet
    gpio.o(i.GPIOPinTypeEthernetLED) refers to gpio.o(i.GPIODirModeSet) for GPIODirModeSet
    gpio.o(i.GPIOPinTypeEthernetLED) refers to gpio.o(i.GPIOPadConfigSet) for GPIOPadConfigSet
    gpio.o(i.GPIOPinTypeGPIOInput) refers to gpio.o(i.GPIODirModeSet) for GPIODirModeSet
    gpio.o(i.GPIOPinTypeGPIOInput) refers to gpio.o(i.GPIOPadConfigSet) for GPIOPadConfigSet
    gpio.o(i.GPIOPinTypeGPIOOutput) refers to gpio.o(i.GPIODirModeSet) for GPIODirModeSet
    gpio.o(i.GPIOPinTypeGPIOOutput) refers to gpio.o(i.GPIOPadConfigSet) for GPIOPadConfigSet
    gpio.o(i.GPIOPinTypeGPIOOutputOD) refers to gpio.o(i.GPIODirModeSet) for GPIODirModeSet
    gpio.o(i.GPIOPinTypeGPIOOutputOD) refers to gpio.o(i.GPIOPadConfigSet) for GPIOPadConfigSet
    gpio.o(i.GPIOPinTypeI2C) refers to gpio.o(i.GPIODirModeSet) for GPIODirModeSet
    gpio.o(i.GPIOPinTypeI2C) refers to gpio.o(i.GPIOPadConfigSet) for GPIOPadConfigSet
    gpio.o(i.GPIOPinTypeI2S) refers to gpio.o(i.GPIODirModeSet) for GPIODirModeSet
    gpio.o(i.GPIOPinTypeI2S) refers to gpio.o(i.GPIOPadConfigSet) for GPIOPadConfigSet
    gpio.o(i.GPIOPinTypePWM) refers to gpio.o(i.GPIODirModeSet) for GPIODirModeSet
    gpio.o(i.GPIOPinTypePWM) refers to gpio.o(i.GPIOPadConfigSet) for GPIOPadConfigSet
    gpio.o(i.GPIOPinTypeQEI) refers to gpio.o(i.GPIODirModeSet) for GPIODirModeSet
    gpio.o(i.GPIOPinTypeQEI) refers to gpio.o(i.GPIOPadConfigSet) for GPIOPadConfigSet
    gpio.o(i.GPIOPinTypeSSI) refers to gpio.o(i.GPIODirModeSet) for GPIODirModeSet
    gpio.o(i.GPIOPinTypeSSI) refers to gpio.o(i.GPIOPadConfigSet) for GPIOPadConfigSet
    gpio.o(i.GPIOPinTypeTimer) refers to gpio.o(i.GPIODirModeSet) for GPIODirModeSet
    gpio.o(i.GPIOPinTypeTimer) refers to gpio.o(i.GPIOPadConfigSet) for GPIOPadConfigSet
    gpio.o(i.GPIOPinTypeUART) refers to gpio.o(i.GPIODirModeSet) for GPIODirModeSet
    gpio.o(i.GPIOPinTypeUART) refers to gpio.o(i.GPIOPadConfigSet) for GPIOPadConfigSet
    gpio.o(i.GPIOPinTypeUSBAnalog) refers to gpio.o(i.GPIODirModeSet) for GPIODirModeSet
    gpio.o(i.GPIOPinTypeUSBAnalog) refers to gpio.o(i.GPIOPadConfigSet) for GPIOPadConfigSet
    gpio.o(i.GPIOPinTypeUSBDigital) refers to gpio.o(i.GPIODirModeSet) for GPIODirModeSet
    gpio.o(i.GPIOPinTypeUSBDigital) refers to gpio.o(i.GPIOPadConfigSet) for GPIOPadConfigSet
    gpio.o(i.GPIOPortIntRegister) refers to gpio.o(i.GPIOGetIntNumber) for GPIOGetIntNumber
    gpio.o(i.GPIOPortIntRegister) refers to interrupt.o(i.IntRegister) for IntRegister
    gpio.o(i.GPIOPortIntRegister) refers to interrupt.o(i.IntEnable) for IntEnable
    gpio.o(i.GPIOPortIntUnregister) refers to gpio.o(i.GPIOGetIntNumber) for GPIOGetIntNumber
    gpio.o(i.GPIOPortIntUnregister) refers to interrupt.o(i.IntDisable) for IntDisable
    gpio.o(i.GPIOPortIntUnregister) refers to interrupt.o(i.IntUnregister) for IntUnregister
    interrupt.o(i.IntMasterDisable) refers to cpu.o(.emb_text) for CPUcpsid
    interrupt.o(i.IntMasterEnable) refers to cpu.o(.emb_text) for CPUcpsie
    interrupt.o(i.IntPriorityGet) refers to interrupt.o(.constdata) for .constdata
    interrupt.o(i.IntPriorityGroupingGet) refers to interrupt.o(.constdata) for .constdata
    interrupt.o(i.IntPriorityGroupingSet) refers to interrupt.o(.constdata) for .constdata
    interrupt.o(i.IntPrioritySet) refers to interrupt.o(.constdata) for .constdata
    interrupt.o(i.IntRegister) refers to interrupt.o(vtable) for vtable
    interrupt.o(i.IntUnregister) refers to interrupt.o(i.IntDefaultHandler) for IntDefaultHandler
    interrupt.o(i.IntUnregister) refers to interrupt.o(vtable) for vtable
    pwm.o(i.PWMFaultIntRegister) refers to interrupt.o(i.IntRegister) for IntRegister
    pwm.o(i.PWMFaultIntRegister) refers to interrupt.o(i.IntEnable) for IntEnable
    pwm.o(i.PWMFaultIntUnregister) refers to interrupt.o(i.IntDisable) for IntDisable
    pwm.o(i.PWMFaultIntUnregister) refers to interrupt.o(i.IntUnregister) for IntUnregister
    pwm.o(i.PWMGenIntRegister) refers to interrupt.o(i.IntRegister) for IntRegister
    pwm.o(i.PWMGenIntRegister) refers to interrupt.o(i.IntEnable) for IntEnable
    pwm.o(i.PWMGenIntUnregister) refers to interrupt.o(i.IntDisable) for IntDisable
    pwm.o(i.PWMGenIntUnregister) refers to interrupt.o(i.IntUnregister) for IntUnregister
    sysctl.o(i.SysCtlClockGet) refers to sysctl.o(.constdata) for .constdata
    sysctl.o(i.SysCtlClockSet) refers to sysctl.o(.emb_text) for SysCtlDelay
    sysctl.o(i.SysCtlDeepSleep) refers to cpu.o(.emb_text) for CPUwfi
    sysctl.o(i.SysCtlI2SMClkSet) refers to sysctl.o(.constdata) for .constdata
    sysctl.o(i.SysCtlIntRegister) refers to interrupt.o(i.IntRegister) for IntRegister
    sysctl.o(i.SysCtlIntRegister) refers to interrupt.o(i.IntEnable) for IntEnable
    sysctl.o(i.SysCtlIntUnregister) refers to interrupt.o(i.IntDisable) for IntDisable
    sysctl.o(i.SysCtlIntUnregister) refers to interrupt.o(i.IntUnregister) for IntUnregister
    sysctl.o(i.SysCtlPeripheralDeepSleepDisable) refers to sysctl.o(.constdata) for .constdata
    sysctl.o(i.SysCtlPeripheralDeepSleepEnable) refers to sysctl.o(.constdata) for .constdata
    sysctl.o(i.SysCtlPeripheralDisable) refers to sysctl.o(.constdata) for .constdata
    sysctl.o(i.SysCtlPeripheralEnable) refers to sysctl.o(.constdata) for .constdata
    sysctl.o(i.SysCtlPeripheralPresent) refers to sysctl.o(.constdata) for .constdata
    sysctl.o(i.SysCtlPeripheralReset) refers to sysctl.o(.constdata) for .constdata
    sysctl.o(i.SysCtlPeripheralSleepDisable) refers to sysctl.o(.constdata) for .constdata
    sysctl.o(i.SysCtlPeripheralSleepEnable) refers to sysctl.o(.constdata) for .constdata
    sysctl.o(i.SysCtlSleep) refers to cpu.o(.emb_text) for CPUwfi
    timer.o(i.TimerIntRegister) refers to interrupt.o(i.IntRegister) for IntRegister
    timer.o(i.TimerIntRegister) refers to interrupt.o(i.IntEnable) for IntEnable
    timer.o(i.TimerIntUnregister) refers to interrupt.o(i.IntDisable) for IntDisable
    timer.o(i.TimerIntUnregister) refers to interrupt.o(i.IntUnregister) for IntUnregister
    timer.o(i.TimerQuiesce) refers to interrupt.o(i.IntDisable) for IntDisable
    timer.o(i.TimerQuiesce) refers to interrupt.o(i.IntUnregister) for IntUnregister
    uart.o(i.UARTIntRegister) refers to interrupt.o(i.IntRegister) for IntRegister
    uart.o(i.UARTIntRegister) refers to interrupt.o(i.IntEnable) for IntEnable
    uart.o(i.UARTIntUnregister) refers to interrupt.o(i.IntDisable) for IntDisable
    uart.o(i.UARTIntUnregister) refers to interrupt.o(i.IntUnregister) for IntUnregister
    entry.o(.ARM.Collect$$$$00000000) refers (Special) to entry7.o(.ARM.Collect$$$$00000007) for _main_init
    entry.o(.ARM.Collect$$$$00000000) refers (Special) to entry5.o(.ARM.Collect$$$$00000004) for _main_scatterload
    entry.o(.ARM.Collect$$$$00000000) refers (Special) to entry2.o(.ARM.Collect$$$$00000001) for _main_stk
    dadd.o(.text) refers (Special) to iusefp.o(.text) for __I$use$fp
    dadd.o(.text) refers to llshl.o(.text) for __aeabi_llsl
    dadd.o(.text) refers to llsshr.o(.text) for __aeabi_lasr
    dadd.o(.text) refers to depilogue.o(.text) for _double_epilogue
    dmul.o(.text) refers (Special) to iusefp.o(.text) for __I$use$fp
    dmul.o(.text) refers to depilogue.o(.text) for _double_epilogue
    dfltui.o(.text) refers (Special) to iusefp.o(.text) for __I$use$fp
    dfltui.o(.text) refers to depilogue.o(.text) for _double_epilogue
    dfixui.o(.text) refers (Special) to iusefp.o(.text) for __I$use$fp
    dfixui.o(.text) refers to llushr.o(.text) for __aeabi_llsr
    entry2.o(.ARM.Collect$$$$00000001) refers to entry2.o(.ARM.Collect$$$$00002712) for __lit__00000000
    entry2.o(.ARM.Collect$$$$00002712) refers to startup.o(STACK) for __initial_sp
    entry2.o(__vectab_stack_and_reset_area) refers to startup.o(STACK) for __initial_sp
    entry2.o(__vectab_stack_and_reset_area) refers to entry.o(.ARM.Collect$$$$00000000) for __main
    entry5.o(.ARM.Collect$$$$00000004) refers to init.o(.text) for __scatterload
    entry7.o(.ARM.Collect$$$$00000007) refers to robzdemo.o(.text) for main
    depilogue.o(.text) refers to llshl.o(.text) for __aeabi_llsl
    depilogue.o(.text) refers to llushr.o(.text) for __aeabi_llsr
    init.o(.text) refers to entry5.o(.ARM.Collect$$$$00000004) for __main_after_scatterload


==============================================================================

Removing Unused input sections from the image.

    Removing encoderdemo.o(.text), (188 bytes).
    Removing irsensordemo.o(.text), (228 bytes).
    Removing linesensordemo.o(.text), (184 bytes).
    Removing motordemo.o(.text), (228 bytes).
    Removing servodemo.o(.text), (324 bytes).
    Removing startup.o(HEAP), (0 bytes).
    Removing startup.o(.text), (0 bytes).
    Removing linesensor.o(.text), (360 bytes).
    Removing linesensor.o(.data), (9 bytes).
    Removing motor.o(.text), (232 bytes).
    Removing motor.o(.data), (4 bytes).
    Removing servo.o(.text), (244 bytes).
    Removing servo.o(.data), (8 bytes).
    Removing timer.o(.text), (116 bytes).
    Removing timer.o(.data), (1 bytes).
    Removing adc.o(i.ADCComparatorConfigure), (10 bytes).
    Removing adc.o(i.ADCComparatorIntClear), (4 bytes).
    Removing adc.o(i.ADCComparatorIntDisable), (18 bytes).
    Removing adc.o(i.ADCComparatorIntEnable), (16 bytes).
    Removing adc.o(i.ADCComparatorIntStatus), (4 bytes).
    Removing adc.o(i.ADCComparatorRegionSet), (14 bytes).
    Removing adc.o(i.ADCComparatorReset), (40 bytes).
    Removing adc.o(i.ADCHardwareOversampleConfigure), (14 bytes).
    Removing adc.o(i.ADCIntClear), (10 bytes).
    Removing adc.o(i.ADCIntDisable), (16 bytes).
    Removing adc.o(i.ADCIntEnable), (16 bytes).
    Removing adc.o(i.ADCIntRegister), (38 bytes).
    Removing adc.o(i.ADCIntStatus), (52 bytes).
    Removing adc.o(i.ADCIntUnregister), (36 bytes).
    Removing adc.o(i.ADCPhaseDelayGet), (4 bytes).
    Removing adc.o(i.ADCPhaseDelaySet), (4 bytes).
    Removing adc.o(i.ADCProcessorTrigger), (26 bytes).
    Removing adc.o(i.ADCReferenceGet), (8 bytes).
    Removing adc.o(i.ADCReferenceSet), (12 bytes).
    Removing adc.o(i.ADCSequenceConfigure), (50 bytes).
    Removing adc.o(i.ADCSequenceDataGet), (36 bytes).
    Removing adc.o(i.ADCSequenceDisable), (16 bytes).
    Removing adc.o(i.ADCSequenceEnable), (14 bytes).
    Removing adc.o(i.ADCSequenceOverflow), (12 bytes).
    Removing adc.o(i.ADCSequenceOverflowClear), (10 bytes).
    Removing adc.o(i.ADCSequenceStepConfigure), (110 bytes).
    Removing adc.o(i.ADCSequenceUnderflow), (12 bytes).
    Removing adc.o(i.ADCSequenceUnderflowClear), (10 bytes).
    Removing adc.o(i.ADCSoftwareOversampleConfigure), (24 bytes).
    Removing adc.o(i.ADCSoftwareOversampleDataGet), (72 bytes).
    Removing adc.o(i.ADCSoftwareOversampleStepConfigure), (112 bytes).
    Removing adc.o(.data), (3 bytes).
    Removing gpio.o(i.GPIODirModeGet), (34 bytes).
    Removing gpio.o(i.GPIOGetIntNumber), (156 bytes).
    Removing gpio.o(i.GPIOIntTypeGet), (48 bytes).
    Removing gpio.o(i.GPIOPadConfigGet), (140 bytes).
    Removing gpio.o(i.GPIOPinConfigure), (72 bytes).
    Removing gpio.o(i.GPIOPinIntDisable), (14 bytes).
    Removing gpio.o(i.GPIOPinTypeADC), (28 bytes).
    Removing gpio.o(i.GPIOPinTypeCAN), (28 bytes).
    Removing gpio.o(i.GPIOPinTypeComparator), (28 bytes).
    Removing gpio.o(i.GPIOPinTypeEPI), (28 bytes).
    Removing gpio.o(i.GPIOPinTypeEthernetLED), (28 bytes).
    Removing gpio.o(i.GPIOPinTypeGPIOOutput), (28 bytes).
    Removing gpio.o(i.GPIOPinTypeGPIOOutputOD), (28 bytes).
    Removing gpio.o(i.GPIOPinTypeI2C), (28 bytes).
    Removing gpio.o(i.GPIOPinTypeI2S), (28 bytes).
    Removing gpio.o(i.GPIOPinTypePWM), (28 bytes).
    Removing gpio.o(i.GPIOPinTypeQEI), (28 bytes).
    Removing gpio.o(i.GPIOPinTypeSSI), (28 bytes).
    Removing gpio.o(i.GPIOPinTypeTimer), (28 bytes).
    Removing gpio.o(i.GPIOPinTypeUSBAnalog), (28 bytes).
    Removing gpio.o(i.GPIOPinTypeUSBDigital), (28 bytes).
    Removing gpio.o(i.GPIOPinWrite), (6 bytes).
    Removing gpio.o(i.GPIOPortIntRegister), (26 bytes).
    Removing gpio.o(i.GPIOPortIntUnregister), (22 bytes).
    Removing gpio.o(.constdata), (72 bytes).
    Removing interrupt.o(i.IntDefaultHandler), (2 bytes).
    Removing interrupt.o(i.IntDisable), (104 bytes).
    Removing interrupt.o(i.IntMasterDisable), (10 bytes).
    Removing interrupt.o(i.IntPendClear), (72 bytes).
    Removing interrupt.o(i.IntPendSet), (90 bytes).
    Removing interrupt.o(i.IntPriorityGet), (28 bytes).
    Removing interrupt.o(i.IntPriorityGroupingGet), (40 bytes).
    Removing interrupt.o(i.IntPriorityGroupingSet), (28 bytes).
    Removing interrupt.o(i.IntPrioritySet), (40 bytes).
    Removing interrupt.o(i.IntRegister), (56 bytes).
    Removing interrupt.o(i.IntUnregister), (20 bytes).
    Removing interrupt.o(.constdata), (104 bytes).
    Removing interrupt.o(vtable), (284 bytes).
    Removing pwm.o(i.PWMDeadBandDisable), (12 bytes).
    Removing pwm.o(i.PWMDeadBandEnable), (16 bytes).
    Removing pwm.o(i.PWMFaultIntClear), (8 bytes).
    Removing pwm.o(i.PWMFaultIntClearExt), (4 bytes).
    Removing pwm.o(i.PWMFaultIntRegister), (18 bytes).
    Removing pwm.o(i.PWMFaultIntUnregister), (18 bytes).
    Removing pwm.o(i.PWMGenConfigure), (38 bytes).
    Removing pwm.o(i.PWMGenDisable), (10 bytes).
    Removing pwm.o(i.PWMGenEnable), (10 bytes).
    Removing pwm.o(i.PWMGenFaultClear), (18 bytes).
    Removing pwm.o(i.PWMGenFaultConfigure), (18 bytes).
    Removing pwm.o(i.PWMGenFaultStatus), (18 bytes).
    Removing pwm.o(i.PWMGenFaultTriggerGet), (12 bytes).
    Removing pwm.o(i.PWMGenFaultTriggerSet), (12 bytes).
    Removing pwm.o(i.PWMGenIntClear), (6 bytes).
    Removing pwm.o(i.PWMGenIntRegister), (34 bytes).
    Removing pwm.o(i.PWMGenIntStatus), (12 bytes).
    Removing pwm.o(i.PWMGenIntTrigDisable), (10 bytes).
    Removing pwm.o(i.PWMGenIntTrigEnable), (10 bytes).
    Removing pwm.o(i.PWMGenIntUnregister), (32 bytes).
    Removing pwm.o(i.PWMGenPeriodGet), (18 bytes).
    Removing pwm.o(i.PWMGenPeriodSet), (18 bytes).
    Removing pwm.o(i.PWMIntDisable), (10 bytes).
    Removing pwm.o(i.PWMIntEnable), (8 bytes).
    Removing pwm.o(i.PWMIntStatus), (10 bytes).
    Removing pwm.o(i.PWMOutputFault), (16 bytes).
    Removing pwm.o(i.PWMOutputFaultLevel), (16 bytes).
    Removing pwm.o(i.PWMOutputInvert), (16 bytes).
    Removing pwm.o(i.PWMOutputState), (16 bytes).
    Removing pwm.o(i.PWMPulseWidthGet), (32 bytes).
    Removing pwm.o(i.PWMPulseWidthSet), (32 bytes).
    Removing pwm.o(i.PWMSyncTimeBase), (4 bytes).
    Removing pwm.o(i.PWMSyncUpdate), (4 bytes).
    Removing sysctl.o(i.SysCtlADCSpeedGet), (16 bytes).
    Removing sysctl.o(i.SysCtlADCSpeedSet), (32 bytes).
    Removing sysctl.o(i.SysCtlBrownOutConfigSet), (16 bytes).
    Removing sysctl.o(i.SysCtlClkVerificationClear), (20 bytes).
    Removing sysctl.o(i.SysCtlDeepSleep), (32 bytes).
    Removing sysctl.o(i.SysCtlFlashSizeGet), (20 bytes).
    Removing sysctl.o(i.SysCtlGPIOAHBDisable), (20 bytes).
    Removing sysctl.o(i.SysCtlGPIOAHBEnable), (16 bytes).
    Removing sysctl.o(i.SysCtlI2SMClkSet), (216 bytes).
    Removing sysctl.o(i.SysCtlIOSCVerificationSet), (24 bytes).
    Removing sysctl.o(i.SysCtlIntClear), (12 bytes).
    Removing sysctl.o(i.SysCtlIntDisable), (16 bytes).
    Removing sysctl.o(i.SysCtlIntEnable), (16 bytes).
    Removing sysctl.o(i.SysCtlIntRegister), (20 bytes).
    Removing sysctl.o(i.SysCtlIntStatus), (16 bytes).
    Removing sysctl.o(i.SysCtlIntUnregister), (18 bytes).
    Removing sysctl.o(i.SysCtlLDOConfigSet), (12 bytes).
    Removing sysctl.o(i.SysCtlLDOGet), (12 bytes).
    Removing sysctl.o(i.SysCtlLDOSet), (12 bytes).
    Removing sysctl.o(i.SysCtlMOSCVerificationSet), (24 bytes).
    Removing sysctl.o(i.SysCtlPLLVerificationSet), (24 bytes).
    Removing sysctl.o(i.SysCtlPWMClockGet), (24 bytes).
    Removing sysctl.o(i.SysCtlPeripheralClockGating), (24 bytes).
    Removing sysctl.o(i.SysCtlPeripheralDeepSleepDisable), (32 bytes).
    Removing sysctl.o(i.SysCtlPeripheralDeepSleepEnable), (32 bytes).
    Removing sysctl.o(i.SysCtlPeripheralDisable), (32 bytes).
    Removing sysctl.o(i.SysCtlPeripheralReset), (56 bytes).
    Removing sysctl.o(i.SysCtlPeripheralSleepDisable), (32 bytes).
    Removing sysctl.o(i.SysCtlPeripheralSleepEnable), (32 bytes).
    Removing sysctl.o(i.SysCtlPinPresent), (16 bytes).
    Removing sysctl.o(i.SysCtlReset), (16 bytes).
    Removing sysctl.o(i.SysCtlResetCauseClear), (16 bytes).
    Removing sysctl.o(i.SysCtlResetCauseGet), (12 bytes).
    Removing sysctl.o(i.SysCtlSRAMSizeGet), (20 bytes).
    Removing sysctl.o(i.SysCtlSleep), (4 bytes).
    Removing sysctl.o(i.SysCtlUSBPLLDisable), (16 bytes).
    Removing sysctl.o(i.SysCtlUSBPLLEnable), (16 bytes).
    Removing timer.o(i.TimerConfigure), (28 bytes).
    Removing timer.o(i.TimerControlEvent), (24 bytes).
    Removing timer.o(i.TimerControlLevel), (22 bytes).
    Removing timer.o(i.TimerControlStall), (22 bytes).
    Removing timer.o(i.TimerControlTrigger), (22 bytes).
    Removing timer.o(i.TimerControlWaitOnTrigger), (48 bytes).
    Removing timer.o(i.TimerDisable), (16 bytes).
    Removing timer.o(i.TimerEnable), (14 bytes).
    Removing timer.o(i.TimerIntClear), (4 bytes).
    Removing timer.o(i.TimerIntDisable), (10 bytes).
    Removing timer.o(i.TimerIntEnable), (8 bytes).
    Removing timer.o(i.TimerIntRegister), (94 bytes).
    Removing timer.o(i.TimerIntStatus), (10 bytes).
    Removing timer.o(i.TimerIntUnregister), (88 bytes).
    Removing timer.o(i.TimerLoadGet), (10 bytes).
    Removing timer.o(i.TimerLoadSet), (18 bytes).
    Removing timer.o(i.TimerMatchGet), (10 bytes).
    Removing timer.o(i.TimerMatchSet), (18 bytes).
    Removing timer.o(i.TimerPrescaleGet), (10 bytes).
    Removing timer.o(i.TimerPrescaleMatchGet), (10 bytes).
    Removing timer.o(i.TimerPrescaleMatchSet), (18 bytes).
    Removing timer.o(i.TimerPrescaleSet), (18 bytes).
    Removing timer.o(i.TimerQuiesce), (126 bytes).
    Removing timer.o(i.TimerRTCDisable), (10 bytes).
    Removing timer.o(i.TimerRTCEnable), (10 bytes).
    Removing timer.o(i.TimerValueGet), (10 bytes).
    Removing uart.o(i.UARTBreakCtl), (18 bytes).
    Removing uart.o(i.UARTBusy), (8 bytes).
    Removing uart.o(i.UARTCharGetNonBlocking), (16 bytes).
    Removing uart.o(i.UARTCharPutNonBlocking), (18 bytes).
    Removing uart.o(i.UARTConfigGetExpClk), (46 bytes).
    Removing uart.o(i.UARTDMADisable), (10 bytes).
    Removing uart.o(i.UARTDMAEnable), (8 bytes).
    Removing uart.o(i.UARTDisable), (30 bytes).
    Removing uart.o(i.UARTDisableSIR), (10 bytes).
    Removing uart.o(i.UARTEnableSIR), (18 bytes).
    Removing uart.o(i.UARTFIFODisable), (10 bytes).
    Removing uart.o(i.UARTFIFOEnable), (10 bytes).
    Removing uart.o(i.UARTFIFOLevelGet), (16 bytes).
    Removing uart.o(i.UARTFIFOLevelSet), (6 bytes).
    Removing uart.o(i.UARTFlowControlGet), (8 bytes).
    Removing uart.o(i.UARTFlowControlSet), (12 bytes).
    Removing uart.o(i.UARTIntClear), (4 bytes).
    Removing uart.o(i.UARTIntDisable), (10 bytes).
    Removing uart.o(i.UARTIntEnable), (8 bytes).
    Removing uart.o(i.UARTIntRegister), (46 bytes).
    Removing uart.o(i.UARTIntStatus), (10 bytes).
    Removing uart.o(i.UARTIntUnregister), (46 bytes).
    Removing uart.o(i.UARTModemControlClear), (14 bytes).
    Removing uart.o(i.UARTModemControlGet), (8 bytes).
    Removing uart.o(i.UARTModemControlSet), (12 bytes).
    Removing uart.o(i.UARTModemStatusGet), (10 bytes).
    Removing uart.o(i.UARTParityModeGet), (8 bytes).
    Removing uart.o(i.UARTParityModeSet), (12 bytes).
    Removing uart.o(i.UARTRxErrorClear), (6 bytes).
    Removing uart.o(i.UARTRxErrorGet), (8 bytes).
    Removing uart.o(i.UARTSmartCardDisable), (10 bytes).
    Removing uart.o(i.UARTSmartCardEnable), (22 bytes).
    Removing uart.o(i.UARTSpaceAvail), (10 bytes).
    Removing uart.o(i.UARTTxIntModeGet), (8 bytes).
    Removing uart.o(i.UARTTxIntModeSet), (12 bytes).
    Removing dadd.o(.text), (330 bytes).
    Removing dmul.o(.text), (226 bytes).
    Removing dfltui.o(.text), (26 bytes).
    Removing dfixui.o(.text), (46 bytes).
    Removing depilogue.o(.text), (194 bytes).

221 unused section(s) (total 8335 bytes) removed from the image.

==============================================================================

Image Symbol Table

    Local Symbols

    Symbol Name                              Value     Ov Type        Size  Object(Section)

    RESET                                    0x00000000   Section      268  startup.o(RESET)
    ../../microlib/fpadd.c                   0x00000000   Number         0  dadd.o ABSOLUTE
    ../../microlib/fpepilogue.c              0x00000000   Number         0  depilogue.o ABSOLUTE
    ../../microlib/fpfix.c                   0x00000000   Number         0  dfixui.o ABSOLUTE
    ../../microlib/fpflt.c                   0x00000000   Number         0  dfltui.o ABSOLUTE
    ../../microlib/fpmul.c                   0x00000000   Number         0  dmul.o ABSOLUTE
    ../../microlib/init/entry.s              0x00000000   Number         0  entry7.o ABSOLUTE
    ../../microlib/init/entry.s              0x00000000   Number         0  entry5.o ABSOLUTE
    ../../microlib/init/entry.s              0x00000000   Number         0  entry2.o ABSOLUTE
    ../../microlib/init/entry.s              0x00000000   Number         0  entry.o ABSOLUTE
    ../../microlib/longlong.c                0x00000000   Number         0  llsshr.o ABSOLUTE
    ../../microlib/longlong.c                0x00000000   Number         0  llushr.o ABSOLUTE
    ../../microlib/longlong.c                0x00000000   Number         0  llshl.o ABSOLUTE
    ../../microlib/stubs.s                   0x00000000   Number         0  iusefp.o ABSOLUTE
    ..\StellarisWare\utils\uartstdio.c       0x00000000   Number         0  uartstdio.o ABSOLUTE
    EncoderDemo.c                            0x00000000   Number         0  encoderdemo.o ABSOLUTE
    IRSensorDemo.c                           0x00000000   Number         0  irsensordemo.o ABSOLUTE
    LineSensorDemo.c                         0x00000000   Number         0  linesensordemo.o ABSOLUTE
    MotorDemo.c                              0x00000000   Number         0  motordemo.o ABSOLUTE
    RASLib\encoder.c                         0x00000000   Number         0  encoder.o ABSOLUTE
    RASLib\init.c                            0x00000000   Number         0  init.o ABSOLUTE
    RASLib\linesensor.c                      0x00000000   Number         0  linesensor.o ABSOLUTE
    RASLib\motor.c                           0x00000000   Number         0  motor.o ABSOLUTE
    RASLib\servo.c                           0x00000000   Number         0  servo.o ABSOLUTE
    RASLib\timer.c                           0x00000000   Number         0  timer.o ABSOLUTE
    RobzDemo.c                               0x00000000   Number         0  robzdemo.o ABSOLUTE
    ServoDemo.c                              0x00000000   Number         0  servodemo.o ABSOLUTE
    Startup.s                                0x00000000   Number         0  startup.o ABSOLUTE
    UARTDemo.c                               0x00000000   Number         0  uartdemo.o ABSOLUTE
    adc.c                                    0x00000000   Number         0  adc.o ABSOLUTE
    cpu.c                                    0x00000000   Number         0  cpu.o ABSOLUTE
    cpu.c                                    0x00000000   Number         0  cpu.o ABSOLUTE
    dc.s                                     0x00000000   Number         0  dc.o ABSOLUTE
    gpio.c                                   0x00000000   Number         0  gpio.o ABSOLUTE
    handlers.s                               0x00000000   Number         0  handlers.o ABSOLUTE
    init.s                                   0x00000000   Number         0  init.o ABSOLUTE
    interrupt.c                              0x00000000   Number         0  interrupt.o ABSOLUTE
    pwm.c                                    0x00000000   Number         0  pwm.o ABSOLUTE
    sysctl.c                                 0x00000000   Number         0  sysctl.o ABSOLUTE
    sysctl.c                                 0x00000000   Number         0  sysctl.o ABSOLUTE
    timer.c                                  0x00000000   Number         0  timer.o ABSOLUTE
    uart.c                                   0x00000000   Number         0  uart.o ABSOLUTE
    NmiSR                                    0x00000105   Thumb Code     0  startup.o(RESET)
    FaultISR                                 0x00000107   Thumb Code     0  startup.o(RESET)
    IntDefaultHandler                        0x00000109   Thumb Code     0  startup.o(RESET)
    .ARM.Collect$$$$00000000                 0x0000010c   Section        0  entry.o(.ARM.Collect$$$$00000000)
    .ARM.Collect$$$$00000001                 0x0000010c   Section        4  entry2.o(.ARM.Collect$$$$00000001)
    .ARM.Collect$$$$00000004                 0x00000110   Section        4  entry5.o(.ARM.Collect$$$$00000004)
    .ARM.Collect$$$$00000007                 0x00000114   Section        8  entry7.o(.ARM.Collect$$$$00000007)
    .ARM.Collect$$$$00002712                 0x0000011c   Section        4  entry2.o(.ARM.Collect$$$$00002712)
    __lit__00000000                          0x0000011c   Data           4  entry2.o(.ARM.Collect$$$$00002712)
    .emb_text                                0x00000120   Section        6  sysctl.o(.emb_text)
    .emb_text                                0x00000128   Section       26  cpu.o(.emb_text)
    .text                                    0x00000144   Section        0  uartdemo.o(.text)
    .text                                    0x00000214   Section        0  robzdemo.o(.text)
    .text                                    0x0000022c   Section        0  uartstdio.o(.text)
    .text                                    0x000005b4   Section        0  encoder.o(.text)
    .text                                    0x00000784   Section        0  init.o(.text)
    .text                                    0x000007f8   Section       36  init.o(.text)
    i.GPIODirModeSet                         0x0000081c   Section        0  gpio.o(i.GPIODirModeSet)
    i.GPIOIntTypeSet                         0x00000844   Section        0  gpio.o(i.GPIOIntTypeSet)
    i.GPIOPadConfigSet                       0x0000087e   Section        0  gpio.o(i.GPIOPadConfigSet)
    i.GPIOPinIntClear                        0x0000092e   Section        0  gpio.o(i.GPIOPinIntClear)
    i.GPIOPinIntEnable                       0x00000934   Section        0  gpio.o(i.GPIOPinIntEnable)
    i.GPIOPinIntStatus                       0x00000940   Section        0  gpio.o(i.GPIOPinIntStatus)
    i.GPIOPinRead                            0x0000094e   Section        0  gpio.o(i.GPIOPinRead)
    i.GPIOPinTypeGPIOInput                   0x00000954   Section        0  gpio.o(i.GPIOPinTypeGPIOInput)
    i.GPIOPinTypeUART                        0x00000970   Section        0  gpio.o(i.GPIOPinTypeUART)
    i.IntEnable                              0x0000098c   Section        0  interrupt.o(i.IntEnable)
    i.IntMasterEnable                        0x000009f4   Section        0  interrupt.o(i.IntMasterEnable)
    i.SysCtlClockGet                         0x00000a00   Section        0  sysctl.o(i.SysCtlClockGet)
    i.SysCtlClockSet                         0x00000be4   Section        0  sysctl.o(i.SysCtlClockSet)
    i.SysCtlPWMClockSet                      0x00000d1c   Section        0  sysctl.o(i.SysCtlPWMClockSet)
    i.SysCtlPeripheralEnable                 0x00000d30   Section        0  sysctl.o(i.SysCtlPeripheralEnable)
    i.SysCtlPeripheralPresent                0x00000d50   Section        0  sysctl.o(i.SysCtlPeripheralPresent)
    i.UARTCharGet                            0x00000d90   Section        0  uart.o(i.UARTCharGet)
    i.UARTCharPut                            0x00000d9c   Section        0  uart.o(i.UARTCharPut)
    i.UARTCharsAvail                         0x00000da8   Section        0  uart.o(i.UARTCharsAvail)
    i.UARTConfigSetExpClk                    0x00000db2   Section        0  uart.o(i.UARTConfigSetExpClk)
    i.UARTEnable                             0x00000e20   Section        0  uart.o(i.UARTEnable)
    i.__scatterload_copy                     0x00000e34   Section       14  handlers.o(i.__scatterload_copy)
    i.__scatterload_null                     0x00000e42   Section        2  handlers.o(i.__scatterload_null)
    i.__scatterload_zeroinit                 0x00000e44   Section       14  handlers.o(i.__scatterload_zeroinit)
    .constdata                               0x00000e54   Section       28  uartstdio.o(.constdata)
    g_pcHex                                  0x00000e54   Data           4  uartstdio.o(.constdata)
    g_ulUARTBase                             0x00000e58   Data          12  uartstdio.o(.constdata)
    g_ulUARTPeriph                           0x00000e64   Data          12  uartstdio.o(.constdata)
    .constdata                               0x00000e70   Section      156  sysctl.o(.constdata)
    g_pulDCRegs                              0x00000e70   Data          16  sysctl.o(.constdata)
    g_pulSRCRRegs                            0x00000e80   Data          12  sysctl.o(.constdata)
    g_pulRCGCRegs                            0x00000e8c   Data          12  sysctl.o(.constdata)
    g_pulSCGCRegs                            0x00000e98   Data          12  sysctl.o(.constdata)
    g_pulDCGCRegs                            0x00000ea4   Data          12  sysctl.o(.constdata)
    g_pulXtals                               0x00000eb0   Data          92  sysctl.o(.constdata)
    .conststring                             0x00000f0c   Section       17  uartstdio.o(.conststring)
    .data                                    0x20000000   Section        5  uartstdio.o(.data)
    g_ulBase                                 0x20000000   Data           4  uartstdio.o(.data)
    bLastWasCR                               0x20000004   Data           1  uartstdio.o(.data)
    .data                                    0x20000008   Section       16  encoder.o(.data)
    enc0                                     0x20000008   Data           4  encoder.o(.data)
    enc1                                     0x2000000c   Data           4  encoder.o(.data)
    dir0                                     0x20000010   Data           4  encoder.o(.data)
    dir1                                     0x20000014   Data           4  encoder.o(.data)
    .data                                    0x20000018   Section       12  init.o(.data)
    STACK                                    0x20000028   Section      256  startup.o(STACK)
    StackMem                                 0x20000028   Data           0  startup.o(STACK)

    Global Symbols

    Symbol Name                              Value     Ov Type        Size  Object(Section)

    BuildAttributes$$THM_ISAv4$P$D$K$B$S$PE$A:L22UL41UL21$X:L11$S22US41US21$IEEE1$IW$USESV6$~STKCKD$USESV7$~SHL$OTIME$ROPI$EBA8$MICROLIB$REQ8$PRES8$EABIv2 0x00000000   Number         0  anon$$obj.o ABSOLUTE
    __ARM_use_no_argv                        0x00000000   Number         0  robzdemo.o ABSOLUTE
    __Vectors                                0x00000000   Data           0  startup.o(RESET)
    __decompress                              - Undefined Weak Reference
    Reset_Handler                            0x00000101   Thumb Code     0  startup.o(RESET)
    __main                                   0x0000010d   Thumb Code     0  entry.o(.ARM.Collect$$$$00000000)
    _main_stk                                0x0000010d   Thumb Code     0  entry2.o(.ARM.Collect$$$$00000001)
    _main_scatterload                        0x00000111   Thumb Code     0  entry5.o(.ARM.Collect$$$$00000004)
    __main_after_scatterload                 0x00000115   Thumb Code     0  entry5.o(.ARM.Collect$$$$00000004)
    _main_init                               0x00000115   Thumb Code     0  entry7.o(.ARM.Collect$$$$00000007)
    SysCtlDelay                              0x00000121   Thumb Code     6  sysctl.o(.emb_text)
    CPUcpsid                                 0x00000129   Thumb Code     8  cpu.o(.emb_text)
    CPUprimask                               0x00000131   Thumb Code     6  cpu.o(.emb_text)
    CPUcpsie                                 0x00000137   Thumb Code     8  cpu.o(.emb_text)
    CPUwfi                                   0x0000013f   Thumb Code     4  cpu.o(.emb_text)
    initUART                                 0x00000145   Thumb Code    26  uartdemo.o(.text)
    putc                                     0x0000015f   Thumb Code    14  uartdemo.o(.text)
    getc                                     0x0000016d   Thumb Code    12  uartdemo.o(.text)
    uartDemo                                 0x00000179   Thumb Code    62  uartdemo.o(.text)
    keyWasPressed                            0x000001b7   Thumb Code    18  uartdemo.o(.text)
    main                                     0x00000215   Thumb Code    24  robzdemo.o(.text)
    UARTStdioInitExpClk                      0x0000022d   Thumb Code    72  uartstdio.o(.text)
    UARTStdioInit                            0x00000275   Thumb Code    16  uartstdio.o(.text)
    UARTwrite                                0x00000285   Thumb Code    46  uartstdio.o(.text)
    UARTgets                                 0x000002b3   Thumb Code   126  uartstdio.o(.text)
    UARTgetc                                 0x00000331   Thumb Code    14  uartstdio.o(.text)
    UARTprintf                               0x0000033f   Thumb Code   590  uartstdio.o(.text)
    InitializeEncoders                       0x000005b5   Thumb Code   120  encoder.o(.text)
    GetEncoderCounts                         0x0000062d   Thumb Code    14  encoder.o(.text)
    GetEncoderCount                          0x0000063b   Thumb Code    26  encoder.o(.text)
    PresetEncoderCounts                      0x00000655   Thumb Code    10  encoder.o(.text)
    PresetEncoderCount                       0x0000065f   Thumb Code    24  encoder.o(.text)
    EncoderInterruptHandler                  0x00000677   Thumb Code   224  encoder.o(.text)
    LockoutProtection                        0x00000785   Thumb Code    32  init.o(.text)
    InitializeMCU                            0x000007a5   Thumb Code    54  init.o(.text)
    __scatterload                            0x000007f9   Thumb Code    28  init.o(.text)
    __scatterload_rt2                        0x000007f9   Thumb Code     0  init.o(.text)
    GPIODirModeSet                           0x0000081d   Thumb Code    40  gpio.o(i.GPIODirModeSet)
    GPIOIntTypeSet                           0x00000845   Thumb Code    58  gpio.o(i.GPIOIntTypeSet)
    GPIOPadConfigSet                         0x0000087f   Thumb Code   176  gpio.o(i.GPIOPadConfigSet)
    GPIOPinIntClear                          0x0000092f   Thumb Code     6  gpio.o(i.GPIOPinIntClear)
    GPIOPinIntEnable                         0x00000935   Thumb Code    12  gpio.o(i.GPIOPinIntEnable)
    GPIOPinIntStatus                         0x00000941   Thumb Code    14  gpio.o(i.GPIOPinIntStatus)
    GPIOPinRead                              0x0000094f   Thumb Code     6  gpio.o(i.GPIOPinRead)
    GPIOPinTypeGPIOInput                     0x00000955   Thumb Code    28  gpio.o(i.GPIOPinTypeGPIOInput)
    GPIOPinTypeUART                          0x00000971   Thumb Code    28  gpio.o(i.GPIOPinTypeUART)
    IntEnable                                0x0000098d   Thumb Code   104  interrupt.o(i.IntEnable)
    IntMasterEnable                          0x000009f5   Thumb Code    10  interrupt.o(i.IntMasterEnable)
    SysCtlClockGet                           0x00000a01   Thumb Code   438  sysctl.o(i.SysCtlClockGet)
    SysCtlClockSet                           0x00000be5   Thumb Code   288  sysctl.o(i.SysCtlClockSet)
    SysCtlPWMClockSet                        0x00000d1d   Thumb Code    14  sysctl.o(i.SysCtlPWMClockSet)
    SysCtlPeripheralEnable                   0x00000d31   Thumb Code    26  sysctl.o(i.SysCtlPeripheralEnable)
    SysCtlPeripheralPresent                  0x00000d51   Thumb Code    50  sysctl.o(i.SysCtlPeripheralPresent)
    UARTCharGet                              0x00000d91   Thumb Code    12  uart.o(i.UARTCharGet)
    UARTCharPut                              0x00000d9d   Thumb Code    12  uart.o(i.UARTCharPut)
    UARTCharsAvail                           0x00000da9   Thumb Code    10  uart.o(i.UARTCharsAvail)
    UARTConfigSetExpClk                      0x00000db3   Thumb Code   110  uart.o(i.UARTConfigSetExpClk)
    UARTEnable                               0x00000e21   Thumb Code    20  uart.o(i.UARTEnable)
    __scatterload_copy                       0x00000e35   Thumb Code    14  handlers.o(i.__scatterload_copy)
    __scatterload_null                       0x00000e43   Thumb Code     2  handlers.o(i.__scatterload_null)
    __scatterload_zeroinit                   0x00000e45   Thumb Code    14  handlers.o(i.__scatterload_zeroinit)
    Region$$Table$$Base                      0x00000f20   Number         0  anon$$obj.o(Region$$Table)
    Region$$Table$$Limit                     0x00000f40   Number         0  anon$$obj.o(Region$$Table)
    g_ulTicksPerSecond                       0x20000018   Data           4  init.o(.data)
    g_ulTicksPerUs                           0x2000001c   Data           4  init.o(.data)
    g_ulPWMTicksPerSecond                    0x20000020   Data           4  init.o(.data)
    __initial_sp                             0x20000128   Data           0  startup.o(STACK)



==============================================================================

Memory Map of the image

  Image Entry point : 0x00000101

  Load Region LR_1 (Base: 0x00000000, Size: 0x00000f64, Max: 0xffffffff, ABSOLUTE)

    Execution Region ER_RO (Base: 0x00000000, Size: 0x00000f40, Max: 0xffffffff, ABSOLUTE)

    Base Addr    Size         Type   Attr      Idx    E Section Name        Object

    0x00000000   0x0000010c   Code   RO          144  * RESET               startup.o
    0x0000010c   0x00000000   Code   RO         1716  * .ARM.Collect$$$$00000000  mc_w.l(entry.o)(mc_w.l)
    0x0000010c   0x00000004   Code   RO         1727    .ARM.Collect$$$$00000001  mc_w.l(entry2.o)(mc_w.l)
    0x00000110   0x00000004   Code   RO         1730    .ARM.Collect$$$$00000004  mc_w.l(entry5.o)(mc_w.l)
    0x00000114   0x00000008   Code   RO         1731    .ARM.Collect$$$$00000007  mc_w.l(entry7.o)(mc_w.l)
    0x0000011c   0x00000004   Code   RO         1728    .ARM.Collect$$$$00002712  mc_w.l(entry2.o)(mc_w.l)
    0x00000120   0x00000006   Code   RO         1019    .emb_text           driverlib.lib(sysctl.o)(driverlib.lib)
    0x00000126   0x00000002   PAD
    0x00000128   0x0000001a   Code   RO         1706    .emb_text           driverlib.lib(cpu.o)(driverlib.lib)
    0x00000142   0x00000002   PAD
    0x00000144   0x000000d0   Code   RO          114    .text               uartdemo.o
    0x00000214   0x00000018   Code   RO          126    .text               robzdemo.o
    0x0000022c   0x00000388   Code   RO          151    .text               uartstdio.o
    0x000005b4   0x000001d0   Code   RO          182    .text               encoder.o
    0x00000784   0x00000074   Code   RO          199    .text               init.o
    0x000007f8   0x00000024   Code   RO         1741    .text               mc_w.l(init.o)(mc_w.l)
    0x0000081c   0x00000028   Code   RO          504    i.GPIODirModeSet    driverlib.lib(gpio.o)(driverlib.lib)
    0x00000844   0x0000003a   Code   RO          507    i.GPIOIntTypeSet    driverlib.lib(gpio.o)(driverlib.lib)
    0x0000087e   0x000000b0   Code   RO          509    i.GPIOPadConfigSet  driverlib.lib(gpio.o)(driverlib.lib)
    0x0000092e   0x00000006   Code   RO          511    i.GPIOPinIntClear   driverlib.lib(gpio.o)(driverlib.lib)
    0x00000934   0x0000000c   Code   RO          513    i.GPIOPinIntEnable  driverlib.lib(gpio.o)(driverlib.lib)
    0x00000940   0x0000000e   Code   RO          514    i.GPIOPinIntStatus  driverlib.lib(gpio.o)(driverlib.lib)
    0x0000094e   0x00000006   Code   RO          515    i.GPIOPinRead       driverlib.lib(gpio.o)(driverlib.lib)
    0x00000954   0x0000001c   Code   RO          521    i.GPIOPinTypeGPIOInput  driverlib.lib(gpio.o)(driverlib.lib)
    0x00000970   0x0000001c   Code   RO          530    i.GPIOPinTypeUART   driverlib.lib(gpio.o)(driverlib.lib)
    0x0000098c   0x00000068   Code   RO          719    i.IntEnable         driverlib.lib(interrupt.o)(driverlib.lib)
    0x000009f4   0x0000000a   Code   RO          721    i.IntMasterEnable   driverlib.lib(interrupt.o)(driverlib.lib)
    0x000009fe   0x00000002   PAD
    0x00000a00   0x000001e4   Code   RO         1024    i.SysCtlClockGet    driverlib.lib(sysctl.o)(driverlib.lib)
    0x00000be4   0x00000138   Code   RO         1025    i.SysCtlClockSet    driverlib.lib(sysctl.o)(driverlib.lib)
    0x00000d1c   0x00000014   Code   RO         1044    i.SysCtlPWMClockSet  driverlib.lib(sysctl.o)(driverlib.lib)
    0x00000d30   0x00000020   Code   RO         1049    i.SysCtlPeripheralEnable  driverlib.lib(sysctl.o)(driverlib.lib)
    0x00000d50   0x00000040   Code   RO         1050    i.SysCtlPeripheralPresent  driverlib.lib(sysctl.o)(driverlib.lib)
    0x00000d90   0x0000000c   Code   RO         1457    i.UARTCharGet       driverlib.lib(uart.o)(driverlib.lib)
    0x00000d9c   0x0000000c   Code   RO         1459    i.UARTCharPut       driverlib.lib(uart.o)(driverlib.lib)
    0x00000da8   0x0000000a   Code   RO         1461    i.UARTCharsAvail    driverlib.lib(uart.o)(driverlib.lib)
    0x00000db2   0x0000006e   Code   RO         1463    i.UARTConfigSetExpClk  driverlib.lib(uart.o)(driverlib.lib)
    0x00000e20   0x00000014   Code   RO         1468    i.UARTEnable        driverlib.lib(uart.o)(driverlib.lib)
    0x00000e34   0x0000000e   Code   RO         1745    i.__scatterload_copy  mc_w.l(handlers.o)(mc_w.l)
    0x00000e42   0x00000002   Code   RO         1746    i.__scatterload_null  mc_w.l(handlers.o)(mc_w.l)
    0x00000e44   0x0000000e   Code   RO         1747    i.__scatterload_zeroinit  mc_w.l(handlers.o)(mc_w.l)
    0x00000e52   0x00000002   PAD
    0x00000e54   0x0000001c   Data   RO          152    .constdata          uartstdio.o
    0x00000e70   0x0000009c   Data   RO         1062    .constdata          driverlib.lib(sysctl.o)(driverlib.lib)
    0x00000f0c   0x00000011   Data   RO          153    .conststring        uartstdio.o
    0x00000f1d   0x00000003   PAD
    0x00000f20   0x00000020   Data   RO         1743    Region$$Table       anon$$obj.o


    Execution Region ER_RW (Base: 0x20000000, Size: 0x00000024, Max: 0xffffffff, ABSOLUTE)

    Base Addr    Size         Type   Attr      Idx    E Section Name        Object

    0x20000000   0x00000005   Data   RW          154    .data               uartstdio.o
    0x20000005   0x00000003   PAD
    0x20000008   0x00000010   Data   RW          183    .data               encoder.o
    0x20000018   0x0000000c   Data   RW          200    .data               init.o


    Execution Region ER_ZI (Base: 0x20000024, Size: 0x00000104, Max: 0xffffffff, ABSOLUTE)

    Base Addr    Size         Type   Attr      Idx    E Section Name        Object

    0x20000024   0x00000004   PAD
    0x20000028   0x00000100   Zero   RW          142    STACK               startup.o


==============================================================================

Image component sizes


      Code (inc. data)   RO Data    RW Data    ZI Data      Debug   Object Name

       464         46          0         16          0          0   encoder.o
         0          0          0          0          0          0   encoderdemo.o
       116         30          0         12          0          0   init.o
        24          0          0          0          0          0   robzdemo.o
       268        258          0          0        256          0   startup.o
       208         76          0          0          0          0   uartdemo.o
       904         40         45          5          0          0   uartstdio.o

    ----------------------------------------------------------------------
      1984        450         80         36        260          0   Object Totals
         0          0         32          0          0          0   (incl. Generated)
         0          0          3          3          4          2   (incl. Padding)

    ----------------------------------------------------------------------

      Code (inc. data)   RO Data    RW Data    ZI Data      Debug   Library Member Name

         0          0          0          0          0          0   adc.o
        26          0          0          0          0          0   cpu.o
       368          0          0          0          0          0   gpio.o
       114          0          0          0          0          0   interrupt.o
       918         96        156          0          0          0   sysctl.o
       164          0          0          0          0          0   uart.o
         0          0          0          0          0          0   entry.o
         8          4          0          0          0          0   entry2.o
         4          0          0          0          0          0   entry5.o
         8          4          0          0          0          0   entry7.o
        30          0          0          0          0          0   handlers.o
        36          8          0          0          0          0   init.o

    ----------------------------------------------------------------------
      1684        112        156          0          0          0   Library Totals
         8          0          0          0          0          0   (incl. Padding)

    ----------------------------------------------------------------------

      Code (inc. data)   RO Data    RW Data    ZI Data      Debug   Library Name

      1590         96        156          0          0      17067   driverlib.lib
        86         16          0          0          0         68   mc_w.l

    ----------------------------------------------------------------------
      1684        112        156          0          0          0   Library Totals

    ----------------------------------------------------------------------

==============================================================================


      Code (inc. data)   RO Data    RW Data    ZI Data      Debug   

      3668        562        236         36        260      29596   Grand Totals
      3668        562        236         36        260      29596   ELF Image Totals
      3668        562        236         36          0          0   ROM Totals

==============================================================================

    Total RO  Size (Code + RO Data)                 3904 (   3.81kB)
    Total RW  Size (RW Data + ZI Data)               296 (   0.29kB)
    Total ROM Size (Code + RO Data + RW Data)       3940 (   3.85kB)

==============================================================================

